Archive member included to satisfy reference by file (symbol)

c:/users/28670/scoop/102021~1.10/bin/../lib/gcc/arm-none-eabi/10.3.1/thumb/v6-m/nofp\libgcc.a(_dvmd_tls.o)
                              CMakeFiles/picoTestProject.dir/D_/Pico/pico-sdk/src/rp2_common/pico_divider/divider.S.obj (__aeabi_idiv0)
c:/users/28670/scoop/102021~1.10/bin/../lib/gcc/arm-none-eabi/10.3.1/../../../../arm-none-eabi/lib/thumb/v6-m/nofp\libg.a(lib_a-calloc.o)
                              CMakeFiles/picoTestProject.dir/D_/Pico/pico-sdk/src/rp2_common/pico_malloc/pico_malloc.c.obj (calloc)
c:/users/28670/scoop/102021~1.10/bin/../lib/gcc/arm-none-eabi/10.3.1/../../../../arm-none-eabi/lib/thumb/v6-m/nofp\libg.a(lib_a-callocr.o)
                              c:/users/28670/scoop/102021~1.10/bin/../lib/gcc/arm-none-eabi/10.3.1/../../../../arm-none-eabi/lib/thumb/v6-m/nofp\libg.a(lib_a-calloc.o) (_calloc_r)
c:/users/28670/scoop/102021~1.10/bin/../lib/gcc/arm-none-eabi/10.3.1/../../../../arm-none-eabi/lib/thumb/v6-m/nofp\libg.a(lib_a-errno.o)
                              c:/users/28670/scoop/102021~1.10/bin/../lib/gcc/arm-none-eabi/10.3.1/../../../../arm-none-eabi/lib/thumb/v6-m/nofp\libg.a(lib_a-callocr.o) (__errno)
c:/users/28670/scoop/102021~1.10/bin/../lib/gcc/arm-none-eabi/10.3.1/../../../../arm-none-eabi/lib/thumb/v6-m/nofp\libg.a(lib_a-impure.o)
                              c:/users/28670/scoop/102021~1.10/bin/../lib/gcc/arm-none-eabi/10.3.1/../../../../arm-none-eabi/lib/thumb/v6-m/nofp\libg.a(lib_a-calloc.o) (_impure_ptr)
c:/users/28670/scoop/102021~1.10/bin/../lib/gcc/arm-none-eabi/10.3.1/../../../../arm-none-eabi/lib/thumb/v6-m/nofp\libg.a(lib_a-init.o)
                              c:/users/28670/scoop/102021~1.10/bin/../lib/gcc/arm-none-eabi/10.3.1/../../../../arm-none-eabi/lib/thumb/v6-m/nofp/crt0.o (__libc_init_array)
c:/users/28670/scoop/102021~1.10/bin/../lib/gcc/arm-none-eabi/10.3.1/../../../../arm-none-eabi/lib/thumb/v6-m/nofp\libg.a(lib_a-malloc.o)
                              CMakeFiles/picoTestProject.dir/D_/Pico/pico-sdk/src/rp2_common/pico_malloc/pico_malloc.c.obj (malloc)
c:/users/28670/scoop/102021~1.10/bin/../lib/gcc/arm-none-eabi/10.3.1/../../../../arm-none-eabi/lib/thumb/v6-m/nofp\libg.a(lib_a-mallocr.o)
                              c:/users/28670/scoop/102021~1.10/bin/../lib/gcc/arm-none-eabi/10.3.1/../../../../arm-none-eabi/lib/thumb/v6-m/nofp\libg.a(lib_a-callocr.o) (_malloc_r)
c:/users/28670/scoop/102021~1.10/bin/../lib/gcc/arm-none-eabi/10.3.1/../../../../arm-none-eabi/lib/thumb/v6-m/nofp\libg.a(lib_a-mlock.o)
                              c:/users/28670/scoop/102021~1.10/bin/../lib/gcc/arm-none-eabi/10.3.1/../../../../arm-none-eabi/lib/thumb/v6-m/nofp\libg.a(lib_a-mallocr.o) (__malloc_lock)
c:/users/28670/scoop/102021~1.10/bin/../lib/gcc/arm-none-eabi/10.3.1/../../../../arm-none-eabi/lib/thumb/v6-m/nofp\libg.a(lib_a-realloc.o)
                              CMakeFiles/picoTestProject.dir/D_/Pico/pico-sdk/src/rp2_common/pico_malloc/pico_malloc.c.obj (realloc)
c:/users/28670/scoop/102021~1.10/bin/../lib/gcc/arm-none-eabi/10.3.1/../../../../arm-none-eabi/lib/thumb/v6-m/nofp\libg.a(lib_a-reallocr.o)
                              c:/users/28670/scoop/102021~1.10/bin/../lib/gcc/arm-none-eabi/10.3.1/../../../../arm-none-eabi/lib/thumb/v6-m/nofp\libg.a(lib_a-realloc.o) (_realloc_r)
c:/users/28670/scoop/102021~1.10/bin/../lib/gcc/arm-none-eabi/10.3.1/../../../../arm-none-eabi/lib/thumb/v6-m/nofp\libg.a(lib_a-sbrkr.o)
                              c:/users/28670/scoop/102021~1.10/bin/../lib/gcc/arm-none-eabi/10.3.1/../../../../arm-none-eabi/lib/thumb/v6-m/nofp\libg.a(lib_a-mallocr.o) (_sbrk_r)
c:/users/28670/scoop/102021~1.10/bin/../lib/gcc/arm-none-eabi/10.3.1/../../../../arm-none-eabi/lib/thumb/v6-m/nofp\libg.a(lib_a-strlen-stub.o)
                              CMakeFiles/picoTestProject.dir/main/usb_descriptors.c.obj (strlen)
c:/users/28670/scoop/102021~1.10/bin/../lib/gcc/arm-none-eabi/10.3.1/../../../../arm-none-eabi/lib/thumb/v6-m/nofp\libg.a(lib_a-freer.o)
                              c:/users/28670/scoop/102021~1.10/bin/../lib/gcc/arm-none-eabi/10.3.1/../../../../arm-none-eabi/lib/thumb/v6-m/nofp\libg.a(lib_a-malloc.o) (_free_r)
c:/users/28670/scoop/102021~1.10/bin/../lib/gcc/arm-none-eabi/10.3.1/../../../../arm-none-eabi/lib/thumb/v6-m/nofp\libg.a(lib_a-lock.o)
                              c:/users/28670/scoop/102021~1.10/bin/../lib/gcc/arm-none-eabi/10.3.1/../../../../arm-none-eabi/lib/thumb/v6-m/nofp\libg.a(lib_a-mlock.o) (__retarget_lock_acquire_recursive)
c:/users/28670/scoop/102021~1.10/bin/../lib/gcc/arm-none-eabi/10.3.1/../../../../arm-none-eabi/lib/thumb/v6-m/nofp\libg.a(lib_a-memmove.o)
                              c:/users/28670/scoop/102021~1.10/bin/../lib/gcc/arm-none-eabi/10.3.1/../../../../arm-none-eabi/lib/thumb/v6-m/nofp\libg.a(lib_a-reallocr.o) (memmove)
[...]
Memory Configuration

Name             Origin             Length             Attributes
FLASH            0x10000000         0x00200000         xr
RAM              0x20000000         0x00040000         xrw
SCRATCH_X        0x20040000         0x00001000         xrw
SCRATCH_Y        0x20041000         0x00001000         xrw
*default*        0x00000000         0xffffffff

Linker script and memory map

LOAD c:/users/28670/scoop/102021~1.10/bin/../lib/gcc/arm-none-eabi/10.3.1/thumb/v6-m/nofp/crti.o
LOAD c:/users/28670/scoop/102021~1.10/bin/../lib/gcc/arm-none-eabi/10.3.1/thumb/v6-m/nofp/crtbegin.o
LOAD c:/users/28670/scoop/102021~1.10/bin/../lib/gcc/arm-none-eabi/10.3.1/../../../../arm-none-eabi/lib/thumb/v6-m/nofp/crt0.o

.flash_begin    0x10000000        0x0
                0x10000000                __flash_binary_start = .

.boot2          0x10000000      0x100
                0x10000000                __boot2_start__ = .
 *(.boot2)
 .boot2         0x10000000      0x100 C:\Users\28670\AppData\Local\Temp\ccM6Cg8i.o
                0x10000100                __boot2_end__ = .
                0x00000001                ASSERT (((__boot2_end__ - __boot2_start__) == 0x100), ERROR: Pico second stage bootloader must be 256 bytes in size)

.text           0x10000100     0x73f0
                0x10000100                __logical_binary_start = .
 *(.vectors)
 .vectors       0x10000100       0xd4 CMakeFiles/picoTestProject.dir/D_/Pico/pico-sdk/src/rp2_common/pico_standard_link/crt0.S.obj
                0x10000100                __vectors
                0x10000100                __VECTOR_TABLE
                0x100001c0                isr_invalid
                0x100001c0                __default_isrs_start
                0x100001c2                isr_nmi
                0x100001c4                isr_hardfault
                0x100001cc                isr_irq11
                0x100001cc                isr_irq23
                0x100001cc                isr_irq18
                0x100001cc                isr_irq5
                0x100001cc                isr_irq31
                0x100001cc                isr_irq27
                0x100001cc                isr_irq19
                0x100001cc                isr_irq0
                0x100001cc                isr_irq6
                0x100001cc                isr_irq13
                0x100001cc                isr_irq12
                0x100001cc                isr_irq22
                0x100001cc                __unhandled_user_irq
                0x100001cc                isr_irq17
                0x100001cc                isr_irq14
                0x100001cc                isr_irq28
                0x100001cc                isr_irq2
                0x100001cc                isr_irq10
                0x100001cc                isr_irq8
                0x100001cc                isr_irq24
                0x100001cc                isr_irq1
                0x100001cc                isr_irq7
                0x100001cc                isr_irq21
                0x100001cc                isr_irq20
                0x100001cc                isr_irq15
                0x100001cc                isr_irq25
                0x100001cc                isr_irq30
                0x100001cc                isr_irq4
                0x100001cc                isr_irq16
                0x100001cc                isr_irq29
                0x100001cc                isr_irq26
                0x100001cc                __default_isrs_end
                0x100001cc                isr_irq3
                0x100001cc                isr_irq9
                0x100001d2                unhandled_user_irq_num_in_r0
 *(.binary_info_header)
 .binary_info_header
                0x100001d4       0x14 CMakeFiles/picoTestProject.dir/D_/Pico/pico-sdk/src/rp2_common/pico_standard_link/crt0.S.obj
                0x100001e8                __binary_info_header_end = .
 *(.reset)
 .reset         0x100001e8       0xa0 CMakeFiles/picoTestProject.dir/D_/Pico/pico-sdk/src/rp2_common/pico_standard_link/crt0.S.obj
                0x100001e8                _entry_point
 .reset         0x10000288       0x30 CMakeFiles/picoTestProject.dir/D_/Pico/pico-sdk/src/rp2_common/pico_standard_link/binary_info.c.obj
 *(.init)
 .init          0x100002b8        0x4 c:/users/28670/scoop/102021~1.10/bin/../lib/gcc/arm-none-eabi/10.3.1/thumb/v6-m/nofp/crti.o
                0x100002b8                _init
 *(EXCLUDE_FILE(*libm.a: *libc.a:*lib_a-mem*.o *libgcc.a:) .text*)
 .text          0x100002bc       0x48 c:/users/28670/scoop/102021~1.10/bin/../lib/gcc/arm-none-eabi/10.3.1/thumb/v6-m/nofp/crtbegin.o
 .text.radar_gpio_init
                0x10000304       0x2e CMakeFiles/picoTestProject.dir/main/board.c.obj
                0x10000304                radar_gpio_init
 *fill*         0x10000332        0x2 
 .text.radar_uart_init
                0x10000334       0x24 CMakeFiles/picoTestProject.dir/main/board.c.obj
                0x10000334                radar_uart_init
 .text.led_task
                0x10000358       0x2e CMakeFiles/picoTestProject.dir/main/main.c.obj
                0x10000358                led_task
 *fill*         0x10000386        0x2 
 .text.generate_data
                0x10000388       0x14 CMakeFiles/picoTestProject.dir/main/main.c.obj
                0x10000388                generate_data
 .text.uart_printf
                0x1000039c       0x48 CMakeFiles/picoTestProject.dir/main/main.c.obj
                0x1000039c                uart_printf
 .text.main     0x100003e4       0x4c CMakeFiles/picoTestProject.dir/main/main.c.obj
                0x100003e4                main
 .text.tud_vendor_control_xfer_cb
                0x10000430       0xd0 CMakeFiles/picoTestProject.dir/main/main.c.obj
                0x10000430                tud_vendor_control_xfer_cb
 .text.tud_cdc_line_state_cb
                0x10000500       0x18 CMakeFiles/picoTestProject.dir/main/main.c.obj
                0x10000500                tud_cdc_line_state_cb
 .text.rp2040_clock_133Mhz
                0x10000518       0x5c CMakeFiles/picoTestProject.dir/main/rp2040_clock.c.obj
                0x10000518                rp2040_clock_133Mhz
 .text.prvHeapInit
                0x10000574       0x58 CMakeFiles/picoTestProject.dir/FreeRTOS/heap_4.c.obj
 .text.prvInsertBlockIntoFreeList
                0x100005cc       0x54 CMakeFiles/picoTestProject.dir/FreeRTOS/heap_4.c.obj
 .text.pvPortMalloc
                0x10000620       0xcc CMakeFiles/picoTestProject.dir/FreeRTOS/heap_4.c.obj
                0x10000620                pvPortMalloc
 .text.vPortFree
                0x100006ec       0x4c CMakeFiles/picoTestProject.dir/FreeRTOS/heap_4.c.obj
                0x100006ec                vPortFree
 .text.vListInitialise
                0x10000738       0x16 CMakeFiles/picoTestProject.dir/FreeRTOS/list.c.obj
                0x10000738                vListInitialise
 .text.vListInitialiseItem
                0x1000074e        0x6 CMakeFiles/picoTestProject.dir/FreeRTOS/list.c.obj
                0x1000074e                vListInitialiseItem
 .text.vListInsert
                0x10000754       0x2e CMakeFiles/picoTestProject.dir/FreeRTOS/list.c.obj
                0x10000754                vListInsert
 .text.uxListRemove
                0x10000782       0x26 CMakeFiles/picoTestProject.dir/FreeRTOS/list.c.obj
                0x10000782                uxListRemove
 .text.prvTaskExitError
                0x100007a8       0x12 CMakeFiles/picoTestProject.dir/FreeRTOS/port.c.obj
 *fill*         0x100007ba        0x6 
 .text.vPortStartFirstTask
                0x100007c0       0x34 CMakeFiles/picoTestProject.dir/FreeRTOS/port.c.obj
 .text.pxPortInitialiseStack
                0x100007f4       0x20 CMakeFiles/picoTestProject.dir/FreeRTOS/port.c.obj
                0x100007f4                pxPortInitialiseStack
 .text.isr_svcall
                0x10000814        0x2 CMakeFiles/picoTestProject.dir/FreeRTOS/port.c.obj
                0x10000814                isr_svcall
 *fill*         0x10000816        0x2 
 .text.vPortYield
                0x10000818       0x18 CMakeFiles/picoTestProject.dir/FreeRTOS/port.c.obj
                0x10000818                vPortYield
 .text.vPortEnterCritical
                0x10000830       0x18 CMakeFiles/picoTestProject.dir/FreeRTOS/port.c.obj
                0x10000830                vPortEnterCritical
 .text.vPortExitCritical
                0x10000848       0x14 CMakeFiles/picoTestProject.dir/FreeRTOS/port.c.obj
                0x10000848                vPortExitCritical
 .text.ulSetInterruptMaskFromISR
                0x1000085c        0x8 CMakeFiles/picoTestProject.dir/FreeRTOS/port.c.obj
                0x1000085c                ulSetInterruptMaskFromISR
 .text.vClearInterruptMaskFromISR
                0x10000864        0x6 CMakeFiles/picoTestProject.dir/FreeRTOS/port.c.obj
                0x10000864                vClearInterruptMaskFromISR
 *fill*         0x1000086a        0x6 
 .text.isr_pendsv
                0x10000870       0x44 CMakeFiles/picoTestProject.dir/FreeRTOS/port.c.obj
                0x10000870                isr_pendsv
 .text.isr_systick
                0x100008b4       0x24 CMakeFiles/picoTestProject.dir/FreeRTOS/port.c.obj
                0x100008b4                isr_systick
 .text.vPortSetupTimerInterrupt
                0x100008d8       0x28 CMakeFiles/picoTestProject.dir/FreeRTOS/port.c.obj
                0x100008d8                vPortSetupTimerInterrupt
 .text.xPortStartScheduler
                0x10000900       0x3c CMakeFiles/picoTestProject.dir/FreeRTOS/port.c.obj
                0x10000900                xPortStartScheduler
 .text.prvIsQueueEmpty
                0x1000093c       0x1c CMakeFiles/picoTestProject.dir/FreeRTOS/queue.c.obj
 .text.prvCopyDataFromQueue
                0x10000958       0x24 CMakeFiles/picoTestProject.dir/FreeRTOS/queue.c.obj
 .text.prvUnlockQueue
                0x1000097c       0x72 CMakeFiles/picoTestProject.dir/FreeRTOS/queue.c.obj
 .text.xQueueGenericReset
                0x100009ee       0xb8 CMakeFiles/picoTestProject.dir/FreeRTOS/queue.c.obj
                0x100009ee                xQueueGenericReset
 .text.prvInitialiseNewQueue
                0x10000aa6       0x1c CMakeFiles/picoTestProject.dir/FreeRTOS/queue.c.obj
 .text.xQueueGenericCreate
                0x10000ac2       0x7e CMakeFiles/picoTestProject.dir/FreeRTOS/queue.c.obj
                0x10000ac2                xQueueGenericCreate
 .text.xQueueReceive
                0x10000b40       0xee CMakeFiles/picoTestProject.dir/FreeRTOS/queue.c.obj
                0x10000b40                xQueueReceive
 *fill*         0x10000c2e        0x2 
 .text.vQueueAddToRegistry
                0x10000c30       0x44 CMakeFiles/picoTestProject.dir/FreeRTOS/queue.c.obj
                0x10000c30                vQueueAddToRegistry
 .text.vQueueWaitForMessageRestricted
                0x10000c74       0x50 CMakeFiles/picoTestProject.dir/FreeRTOS/queue.c.obj
                0x10000c74                vQueueWaitForMessageRestricted
 .text.prvResetNextTaskUnblockTime
                0x10000cc4       0x2c CMakeFiles/picoTestProject.dir/FreeRTOS/tasks.c.obj
 .text.prvDeleteTCB
                0x10000cf0       0x12 CMakeFiles/picoTestProject.dir/FreeRTOS/tasks.c.obj
 *fill*         0x10000d02        0x2 
 .text.prvInitialiseNewTask
                0x10000d04       0x8c CMakeFiles/picoTestProject.dir/FreeRTOS/tasks.c.obj
 .text.prvInitialiseTaskLists
                0x10000d90       0x68 CMakeFiles/picoTestProject.dir/FreeRTOS/tasks.c.obj
 .text.prvAddNewTaskToReadyList
                0x10000df8       0xc4 CMakeFiles/picoTestProject.dir/FreeRTOS/tasks.c.obj
 .text.prvCheckTasksWaitingTermination
                0x10000ebc       0x44 CMakeFiles/picoTestProject.dir/FreeRTOS/tasks.c.obj
 .text.prvIdleTask
                0x10000f00       0x18 CMakeFiles/picoTestProject.dir/FreeRTOS/tasks.c.obj
 .text.prvAddCurrentTaskToDelayedList
                0x10000f18       0x94 CMakeFiles/picoTestProject.dir/FreeRTOS/tasks.c.obj
 .text.xTaskCreate
                0x10000fac       0x68 CMakeFiles/picoTestProject.dir/FreeRTOS/tasks.c.obj
                0x10000fac                xTaskCreate
 .text.vTaskStartScheduler
                0x10001014       0x68 CMakeFiles/picoTestProject.dir/FreeRTOS/tasks.c.obj
                0x10001014                vTaskStartScheduler
 .text.vTaskSuspendAll
                0x1000107c       0x10 CMakeFiles/picoTestProject.dir/FreeRTOS/tasks.c.obj
                0x1000107c                vTaskSuspendAll
 .text.xTaskGetTickCount
                0x1000108c        0xc CMakeFiles/picoTestProject.dir/FreeRTOS/tasks.c.obj
                0x1000108c                xTaskGetTickCount
 .text.xTaskIncrementTick
                0x10001098      0x140 CMakeFiles/picoTestProject.dir/FreeRTOS/tasks.c.obj
                0x10001098                xTaskIncrementTick
 .text.xTaskResumeAll
                0x100011d8      0x134 CMakeFiles/picoTestProject.dir/FreeRTOS/tasks.c.obj
                0x100011d8                xTaskResumeAll
 .text.vTaskDelay
                0x1000130c       0x20 CMakeFiles/picoTestProject.dir/FreeRTOS/tasks.c.obj
                0x1000130c                vTaskDelay
 .text.vTaskSwitchContext
                0x1000132c       0x84 CMakeFiles/picoTestProject.dir/FreeRTOS/tasks.c.obj
                0x1000132c                vTaskSwitchContext
 .text.vTaskPlaceOnEventList
                0x100013b0       0x1c CMakeFiles/picoTestProject.dir/FreeRTOS/tasks.c.obj
                0x100013b0                vTaskPlaceOnEventList
 .text.vTaskPlaceOnEventListRestricted
                0x100013cc       0x40 CMakeFiles/picoTestProject.dir/FreeRTOS/tasks.c.obj
                0x100013cc                vTaskPlaceOnEventListRestricted
 .text.xTaskRemoveFromEventList
                0x1000140c       0xe0 CMakeFiles/picoTestProject.dir/FreeRTOS/tasks.c.obj
                0x1000140c                xTaskRemoveFromEventList
 .text.vTaskInternalSetTimeOutState
                0x100014ec       0x18 CMakeFiles/picoTestProject.dir/FreeRTOS/tasks.c.obj
                0x100014ec                vTaskInternalSetTimeOutState
 .text.xTaskCheckForTimeOut
                0x10001504       0x5c CMakeFiles/picoTestProject.dir/FreeRTOS/tasks.c.obj
                0x10001504                xTaskCheckForTimeOut
 .text.vTaskMissedYield
                0x10001560        0xc CMakeFiles/picoTestProject.dir/FreeRTOS/tasks.c.obj
                0x10001560                vTaskMissedYield
 .text.prvGetNextExpireTime
                0x1000156c       0x24 CMakeFiles/picoTestProject.dir/FreeRTOS/timers.c.obj
 .text.prvInsertTimerInActiveList
                0x10001590       0x48 CMakeFiles/picoTestProject.dir/FreeRTOS/timers.c.obj
 .text.prvReloadTimer
                0x100015d8       0x2a CMakeFiles/picoTestProject.dir/FreeRTOS/timers.c.obj
 *fill*         0x10001602        0x2 
 .text.prvProcessExpiredTimer
                0x10001604       0x3c CMakeFiles/picoTestProject.dir/FreeRTOS/timers.c.obj
 .text.prvSwitchTimerLists
                0x10001640       0x30 CMakeFiles/picoTestProject.dir/FreeRTOS/timers.c.obj
 .text.prvSampleTimeNow
                0x10001670       0x2c CMakeFiles/picoTestProject.dir/FreeRTOS/timers.c.obj
 .text.prvProcessTimerOrBlockTask
                0x1000169c       0x70 CMakeFiles/picoTestProject.dir/FreeRTOS/timers.c.obj
 .text.prvProcessReceivedCommands
                0x1000170c       0xe8 CMakeFiles/picoTestProject.dir/FreeRTOS/timers.c.obj
 .text.prvTimerTask
                0x100017f4       0x16 CMakeFiles/picoTestProject.dir/FreeRTOS/timers.c.obj
 *fill*         0x1000180a        0x2 
 .text.prvCheckForValidListAndQueue
                0x1000180c       0x60 CMakeFiles/picoTestProject.dir/FreeRTOS/timers.c.obj
 .text.xTimerCreateTimerTask
                0x1000186c       0x40 CMakeFiles/picoTestProject.dir/FreeRTOS/timers.c.obj
                0x1000186c                xTimerCreateTimerTask
 .text.alarm_pool_post_alloc_init
                0x100018ac       0x40 CMakeFiles/picoTestProject.dir/D_/Pico/pico-sdk/src/common/pico_time/time.c.obj
 .text.sleep_until_callback
                0x100018ec       0x30 CMakeFiles/picoTestProject.dir/D_/Pico/pico-sdk/src/common/pico_time/time.c.obj
 .text.timer_pool_entry_comparator
                0x1000191c       0x7c CMakeFiles/picoTestProject.dir/D_/Pico/pico-sdk/src/common/pico_time/time.c.obj
                0x1000191c                timer_pool_entry_comparator
 .text.ph_add_child_node
                0x10001998       0xa4 CMakeFiles/picoTestProject.dir/D_/Pico/pico-sdk/src/common/pico_time/time.c.obj
 .text.ph_merge_nodes
                0x10001a3c       0x3e CMakeFiles/picoTestProject.dir/D_/Pico/pico-sdk/src/common/pico_time/time.c.obj
 *fill*         0x10001a7a        0x2 
 .text.add_alarm_under_lock
                0x10001a7c      0x174 CMakeFiles/picoTestProject.dir/D_/Pico/pico-sdk/src/common/pico_time/time.c.obj
 .text.alarm_pool_alarm_callback
                0x10001bf0      0x33c CMakeFiles/picoTestProject.dir/D_/Pico/pico-sdk/src/common/pico_time/time.c.obj
 .text.alarm_pool_init_default
                0x10001f2c       0x40 CMakeFiles/picoTestProject.dir/D_/Pico/pico-sdk/src/common/pico_time/time.c.obj
                0x10001f2c                alarm_pool_init_default
 .text.alarm_pool_get_default
                0x10001f6c       0x2c CMakeFiles/picoTestProject.dir/D_/Pico/pico-sdk/src/common/pico_time/time.c.obj
                0x10001f6c                alarm_pool_get_default
 .text.alarm_pool_add_alarm_at
                0x10001f98      0x168 CMakeFiles/picoTestProject.dir/D_/Pico/pico-sdk/src/common/pico_time/time.c.obj
                0x10001f98                alarm_pool_add_alarm_at
 .text.alarm_pool_cancel_alarm
                0x10002100       0xf8 CMakeFiles/picoTestProject.dir/D_/Pico/pico-sdk/src/common/pico_time/time.c.obj
                0x10002100                alarm_pool_cancel_alarm
 .text.best_effort_wfe_or_timeout
                0x100021f8       0xac CMakeFiles/picoTestProject.dir/D_/Pico/pico-sdk/src/common/pico_time/time.c.obj
                0x100021f8                best_effort_wfe_or_timeout
 .text.hardware_alarm_irq_handler
                0x100022a4       0x90 CMakeFiles/picoTestProject.dir/D_/Pico/pico-sdk/src/rp2_common/hardware_timer/timer.c.obj
 .text.hardware_alarm_claim
                0x10002334       0x18 CMakeFiles/picoTestProject.dir/D_/Pico/pico-sdk/src/rp2_common/hardware_timer/timer.c.obj
                0x10002334                hardware_alarm_claim
 .text.time_us_64
                0x1000234c       0x18 CMakeFiles/picoTestProject.dir/D_/Pico/pico-sdk/src/rp2_common/hardware_timer/timer.c.obj
                0x1000234c                time_us_64
 .text.busy_wait_until
                0x10002364       0x28 CMakeFiles/picoTestProject.dir/D_/Pico/pico-sdk/src/rp2_common/hardware_timer/timer.c.obj
                0x10002364                busy_wait_until
 .text.busy_wait_us
                0x1000238c       0x48 CMakeFiles/picoTestProject.dir/D_/Pico/pico-sdk/src/rp2_common/hardware_timer/timer.c.obj
                0x1000238c                busy_wait_us
 .text.hardware_alarm_set_callback
                0x100023d4       0x90 CMakeFiles/picoTestProject.dir/D_/Pico/pico-sdk/src/rp2_common/hardware_timer/timer.c.obj
                0x100023d4                hardware_alarm_set_callback
 .text.hardware_alarm_set_target
                0x10002464       0xe8 CMakeFiles/picoTestProject.dir/D_/Pico/pico-sdk/src/rp2_common/hardware_timer/timer.c.obj
                0x10002464                hardware_alarm_set_target
 .text.hardware_alarm_cancel
                0x1000254c       0x40 CMakeFiles/picoTestProject.dir/D_/Pico/pico-sdk/src/rp2_common/hardware_timer/timer.c.obj
                0x1000254c                hardware_alarm_cancel
 .text.running_on_fpga
                0x1000258c       0x14 CMakeFiles/picoTestProject.dir/D_/Pico/pico-sdk/src/rp2_common/pico_platform/platform.c.obj
                0x1000258c                running_on_fpga
 .text.hw_claim_lock
                0x100025a0       0x18 CMakeFiles/picoTestProject.dir/D_/Pico/pico-sdk/src/rp2_common/hardware_claim/claim.c.obj
                0x100025a0                hw_claim_lock
 .text.hw_claim_unlock
                0x100025b8       0x14 CMakeFiles/picoTestProject.dir/D_/Pico/pico-sdk/src/rp2_common/hardware_claim/claim.c.obj
                0x100025b8                hw_claim_unlock
 .text.hw_claim_or_assert
                0x100025cc       0x32 CMakeFiles/picoTestProject.dir/D_/Pico/pico-sdk/src/rp2_common/hardware_claim/claim.c.obj
                0x100025cc                hw_claim_or_assert
 .text.hw_claim_unused_from_range
                0x100025fe       0x50 CMakeFiles/picoTestProject.dir/D_/Pico/pico-sdk/src/rp2_common/hardware_claim/claim.c.obj
                0x100025fe                hw_claim_unused_from_range
 *fill*         0x1000264e        0x2 
 .text.spin_locks_reset
                0x10002650       0x20 CMakeFiles/picoTestProject.dir/D_/Pico/pico-sdk/src/rp2_common/hardware_sync/sync.c.obj
                0x10002650                spin_locks_reset
 .text.next_striped_spin_lock_num
                0x10002670       0x1c CMakeFiles/picoTestProject.dir/D_/Pico/pico-sdk/src/rp2_common/hardware_sync/sync.c.obj
                0x10002670                next_striped_spin_lock_num
 .text.spin_lock_claim_unused
                0x1000268c       0x20 CMakeFiles/picoTestProject.dir/D_/Pico/pico-sdk/src/rp2_common/hardware_sync/sync.c.obj
                0x1000268c                spin_lock_claim_unused
 .text.set_raw_irq_handler_and_unlock
                0x100026ac       0x28 CMakeFiles/picoTestProject.dir/D_/Pico/pico-sdk/src/rp2_common/hardware_irq/irq.c.obj
 .text.make_branch
                0x100026d4       0x48 CMakeFiles/picoTestProject.dir/D_/Pico/pico-sdk/src/rp2_common/hardware_irq/irq.c.obj
 .text.insert_branch_and_link
                0x1000271c       0x40 CMakeFiles/picoTestProject.dir/D_/Pico/pico-sdk/src/rp2_common/hardware_irq/irq.c.obj
 .text.irq_is_enabled
                0x1000275c       0x18 CMakeFiles/picoTestProject.dir/D_/Pico/pico-sdk/src/rp2_common/hardware_irq/irq.c.obj
                0x1000275c                irq_is_enabled
 .text.irq_set_mask_enabled
                0x10002774       0x20 CMakeFiles/picoTestProject.dir/D_/Pico/pico-sdk/src/rp2_common/hardware_irq/irq.c.obj
                0x10002774                irq_set_mask_enabled
 .text.irq_set_enabled
                0x10002794        0xe CMakeFiles/picoTestProject.dir/D_/Pico/pico-sdk/src/rp2_common/hardware_irq/irq.c.obj
                0x10002794                irq_set_enabled
 *fill*         0x100027a2        0x2 
 .text.irq_get_vtable_handler
                0x100027a4       0x10 CMakeFiles/picoTestProject.dir/D_/Pico/pico-sdk/src/rp2_common/hardware_irq/irq.c.obj
                0x100027a4                irq_get_vtable_handler
 .text.irq_set_exclusive_handler
                0x100027b4       0x54 CMakeFiles/picoTestProject.dir/D_/Pico/pico-sdk/src/rp2_common/hardware_irq/irq.c.obj
                0x100027b4                irq_set_exclusive_handler
 .text.irq_add_shared_handler
                0x10002808      0x234 CMakeFiles/picoTestProject.dir/D_/Pico/pico-sdk/src/rp2_common/hardware_irq/irq.c.obj
                0x10002808                irq_add_shared_handler
 .text.irq_remove_handler
                0x10002a3c      0x1ac CMakeFiles/picoTestProject.dir/D_/Pico/pico-sdk/src/rp2_common/hardware_irq/irq.c.obj
                0x10002a3c                irq_remove_handler
 .text.irq_add_tail_to_free_list
                0x10002be8       0xf0 CMakeFiles/picoTestProject.dir/D_/Pico/pico-sdk/src/rp2_common/hardware_irq/irq.c.obj
                0x10002be8                irq_add_tail_to_free_list
 .text.irq_init_priorities
                0x10002cd8       0x1c CMakeFiles/picoTestProject.dir/D_/Pico/pico-sdk/src/rp2_common/hardware_irq/irq.c.obj
                0x10002cd8                irq_init_priorities
 .text.lock_init
                0x10002cf4       0x10 CMakeFiles/picoTestProject.dir/D_/Pico/pico-sdk/src/common/pico_sync/lock_core.c.obj
                0x10002cf4                lock_init
 .text.mutex_init
                0x10002d04       0x1a CMakeFiles/picoTestProject.dir/D_/Pico/pico-sdk/src/common/pico_sync/mutex.c.obj
                0x10002d04                mutex_init
 .text.recursive_mutex_init
                0x10002d1e       0x1e CMakeFiles/picoTestProject.dir/D_/Pico/pico-sdk/src/common/pico_sync/mutex.c.obj
                0x10002d1e                recursive_mutex_init
 .text.critical_section_init_with_lock_num
                0x10002d3c       0x14 CMakeFiles/picoTestProject.dir/D_/Pico/pico-sdk/src/common/pico_sync/critical_section.c.obj
                0x10002d3c                critical_section_init_with_lock_num
 .text.critical_section_init
                0x10002d50       0x14 CMakeFiles/picoTestProject.dir/D_/Pico/pico-sdk/src/common/pico_sync/critical_section.c.obj
                0x10002d50                critical_section_init
 .text.ph_add_child_node
                0x10002d64       0xa4 CMakeFiles/picoTestProject.dir/D_/Pico/pico-sdk/src/common/pico_util/pheap.c.obj
 .text.ph_merge_nodes
                0x10002e08       0x3e CMakeFiles/picoTestProject.dir/D_/Pico/pico-sdk/src/common/pico_util/pheap.c.obj
 *fill*         0x10002e46        0x2 
 .text.ph_clear
                0x10002e48       0x70 CMakeFiles/picoTestProject.dir/D_/Pico/pico-sdk/src/common/pico_util/pheap.c.obj
                0x10002e48                ph_clear
 .text.ph_post_alloc_init
                0x10002eb8        0xe CMakeFiles/picoTestProject.dir/D_/Pico/pico-sdk/src/common/pico_util/pheap.c.obj
                0x10002eb8                ph_post_alloc_init
 *fill*         0x10002ec6        0x2 
 .text.ph_merge_two_pass
                0x10002ec8       0xa8 CMakeFiles/picoTestProject.dir/D_/Pico/pico-sdk/src/common/pico_util/pheap.c.obj
                0x10002ec8                ph_merge_two_pass
 .text.ph_remove_any_head
                0x10002f70      0x128 CMakeFiles/picoTestProject.dir/D_/Pico/pico-sdk/src/common/pico_util/pheap.c.obj
 .text.ph_remove_head
                0x10003098       0x14 CMakeFiles/picoTestProject.dir/D_/Pico/pico-sdk/src/common/pico_util/pheap.c.obj
                0x10003098                ph_remove_head
 .text.ph_remove_and_free_node
                0x100030ac       0xf8 CMakeFiles/picoTestProject.dir/D_/Pico/pico-sdk/src/common/pico_util/pheap.c.obj
                0x100030ac                ph_remove_and_free_node
 .text.clock_configure
                0x100031a4      0x108 CMakeFiles/picoTestProject.dir/D_/Pico/pico-sdk/src/rp2_common/hardware_clocks/clocks.c.obj
                0x100031a4                clock_configure
 .text.clocks_init
                0x100032ac      0x100 CMakeFiles/picoTestProject.dir/D_/Pico/pico-sdk/src/rp2_common/hardware_clocks/clocks.c.obj
                0x100032ac                clocks_init
 .text.clock_get_hz
                0x100033ac        0xc CMakeFiles/picoTestProject.dir/D_/Pico/pico-sdk/src/rp2_common/hardware_clocks/clocks.c.obj
                0x100033ac                clock_get_hz
 .text.gpio_set_function
                0x100033b8       0x30 CMakeFiles/picoTestProject.dir/D_/Pico/pico-sdk/src/rp2_common/hardware_gpio/gpio.c.obj
                0x100033b8                gpio_set_function
 .text.gpio_init
                0x100033e8       0x16 CMakeFiles/picoTestProject.dir/D_/Pico/pico-sdk/src/rp2_common/hardware_gpio/gpio.c.obj
                0x100033e8                gpio_init
 *fill*         0x100033fe        0x2 
 .text.pll_init
                0x10003400      0x120 CMakeFiles/picoTestProject.dir/D_/Pico/pico-sdk/src/rp2_common/hardware_pll/pll.c.obj
                0x10003400                pll_init
 .text.pll_deinit
                0x10003520        0x6 CMakeFiles/picoTestProject.dir/D_/Pico/pico-sdk/src/rp2_common/hardware_pll/pll.c.obj
                0x10003520                pll_deinit
 *fill*         0x10003526        0x2 
 .text.watchdog_start_tick
                0x10003528       0x10 CMakeFiles/picoTestProject.dir/D_/Pico/pico-sdk/src/rp2_common/hardware_watchdog/watchdog.c.obj
                0x10003528                watchdog_start_tick
 .text.xosc_init
                0x10003538       0x28 CMakeFiles/picoTestProject.dir/D_/Pico/pico-sdk/src/rp2_common/hardware_xosc/xosc.c.obj
                0x10003538                xosc_init
 .text.uart_disable_before_lcr_write
                0x10003560       0x48 CMakeFiles/picoTestProject.dir/D_/Pico/pico-sdk/src/rp2_common/hardware_uart/uart.c.obj
 .text.uart_write_lcr_bits_masked
                0x100035a8       0x22 CMakeFiles/picoTestProject.dir/D_/Pico/pico-sdk/src/rp2_common/hardware_uart/uart.c.obj
 *fill*         0x100035ca        0x2 
 .text.uart_set_baudrate
                0x100035cc       0x5c CMakeFiles/picoTestProject.dir/D_/Pico/pico-sdk/src/rp2_common/hardware_uart/uart.c.obj
                0x100035cc                uart_set_baudrate
 .text.uart_set_format
                0x10003628       0x2c CMakeFiles/picoTestProject.dir/D_/Pico/pico-sdk/src/rp2_common/hardware_uart/uart.c.obj
                0x10003628                uart_set_format
 .text.uart_set_translate_crlf
                0x10003654       0x28 CMakeFiles/picoTestProject.dir/D_/Pico/pico-sdk/src/rp2_common/hardware_uart/uart.c.obj
                0x10003654                uart_set_translate_crlf
 .text.uart_init
                0x1000367c       0x80 CMakeFiles/picoTestProject.dir/D_/Pico/pico-sdk/src/rp2_common/hardware_uart/uart.c.obj
                0x1000367c                uart_init
 .text.flash_get_unique_id
                0x100036fc       0x46 CMakeFiles/picoTestProject.dir/D_/Pico/pico-sdk/src/rp2_common/hardware_flash/flash.c.obj
                0x100036fc                flash_get_unique_id
 .text.rom_func_lookup
                0x10003742       0x10 CMakeFiles/picoTestProject.dir/D_/Pico/pico-sdk/src/rp2_common/pico_bootrom/bootrom.c.obj
                0x10003742                rom_func_lookup
 .text.rom_data_lookup
                0x10003752       0x10 CMakeFiles/picoTestProject.dir/D_/Pico/pico-sdk/src/rp2_common/pico_bootrom/bootrom.c.obj
                0x10003752                rom_data_lookup
 .text.rom_funcs_lookup
                0x10003762       0x36 CMakeFiles/picoTestProject.dir/D_/Pico/pico-sdk/src/rp2_common/pico_bootrom/bootrom.c.obj
                0x10003762                rom_funcs_lookup
 .text._exit    0x10003798        0x4 CMakeFiles/picoTestProject.dir/D_/Pico/pico-sdk/src/rp2_common/pico_runtime/runtime.c.obj
                0x10003798                _exit
 .text.exit     0x1000379c        0x6 CMakeFiles/picoTestProject.dir/D_/Pico/pico-sdk/src/rp2_common/pico_runtime/runtime.c.obj
                0x1000379c                exit
 *fill*         0x100037a2        0x2 
 .text.__assert_func
                0x100037a4       0x3c CMakeFiles/picoTestProject.dir/D_/Pico/pico-sdk/src/rp2_common/pico_runtime/runtime.c.obj
                0x100037a4                __assert_func
 .text.runtime_init
                0x100037e0       0xf8 CMakeFiles/picoTestProject.dir/D_/Pico/pico-sdk/src/rp2_common/pico_runtime/runtime.c.obj
                0x100037e0                runtime_init
 .text.panic    0x100038d8       0x30 CMakeFiles/picoTestProject.dir/D_/Pico/pico-sdk/src/rp2_common/pico_runtime/runtime.c.obj
                0x100038d8                panic
 .text._out_buffer
                0x10003908        0x8 CMakeFiles/picoTestProject.dir/D_/Pico/pico-sdk/src/rp2_common/pico_printf/printf.c.obj
 .text._out_null
                0x10003910        0x2 CMakeFiles/picoTestProject.dir/D_/Pico/pico-sdk/src/rp2_common/pico_printf/printf.c.obj
 .text._out_fct
                0x10003912        0xe CMakeFiles/picoTestProject.dir/D_/Pico/pico-sdk/src/rp2_common/pico_printf/printf.c.obj
 .text._atoi    0x10003920       0x24 CMakeFiles/picoTestProject.dir/D_/Pico/pico-sdk/src/rp2_common/pico_printf/printf.c.obj
 .text._out_rev
                0x10003944       0xae CMakeFiles/picoTestProject.dir/D_/Pico/pico-sdk/src/rp2_common/pico_printf/printf.c.obj
 .text._ntoa_format
                0x100039f2      0x112 CMakeFiles/picoTestProject.dir/D_/Pico/pico-sdk/src/rp2_common/pico_printf/printf.c.obj
 .text._ntoa_long
                0x10003b04       0xbc CMakeFiles/picoTestProject.dir/D_/Pico/pico-sdk/src/rp2_common/pico_printf/printf.c.obj
 .text._ntoa_long_long
                0x10003bc0       0xe2 CMakeFiles/picoTestProject.dir/D_/Pico/pico-sdk/src/rp2_common/pico_printf/printf.c.obj
 *fill*         0x10003ca2        0x2 
 .text._etoa    0x10003ca4      0x414 CMakeFiles/picoTestProject.dir/D_/Pico/pico-sdk/src/rp2_common/pico_printf/printf.c.obj
 .text._ftoa    0x100040b8      0x354 CMakeFiles/picoTestProject.dir/D_/Pico/pico-sdk/src/rp2_common/pico_printf/printf.c.obj
 .text._vsnprintf
                0x1000440c      0x624 CMakeFiles/picoTestProject.dir/D_/Pico/pico-sdk/src/rp2_common/pico_printf/printf.c.obj
 .text.__wrap_vsnprintf
                0x10004a30       0x1c CMakeFiles/picoTestProject.dir/D_/Pico/pico-sdk/src/rp2_common/pico_printf/printf.c.obj
                0x10004a30                __wrap_vsnprintf
 .text.vfctprintf
                0x10004a4c       0x20 CMakeFiles/picoTestProject.dir/D_/Pico/pico-sdk/src/rp2_common/pico_printf/printf.c.obj
                0x10004a4c                vfctprintf
 .text          0x10004a6c       0x10 CMakeFiles/picoTestProject.dir/D_/Pico/pico-sdk/src/rp2_common/pico_bit_ops/bit_ops_aeabi.S.obj
 .text.__wrap___aeabi_idiv
                0x10004a7c       0x50 CMakeFiles/picoTestProject.dir/D_/Pico/pico-sdk/src/rp2_common/pico_divider/divider.S.obj
                0x10004a7c                __wrap___aeabi_idivmod
                0x10004a7c                divmod_s32s32
                0x10004a7c                div_s32s32
                0x10004a7c                __wrap___aeabi_idiv
                0x10004a84                divmod_s32s32_unsafe
                0x10004ab0                divmod_s32s32_savestate
 .text.__wrap___aeabi_uidiv
                0x10004acc       0x4c CMakeFiles/picoTestProject.dir/D_/Pico/pico-sdk/src/rp2_common/pico_divider/divider.S.obj
                0x10004acc                __wrap___aeabi_uidiv
                0x10004acc                __wrap___aeabi_uidivmod
                0x10004acc                div_u32u32
                0x10004acc                divmod_u32u32
                0x10004ad4                divmod_u32u32_unsafe
                0x10004afc                divmod_u32u32_savestate
 .text.__wrap___aeabi_ldiv
                0x10004b18      0x424 CMakeFiles/picoTestProject.dir/D_/Pico/pico-sdk/src/rp2_common/pico_divider/divider.S.obj
                0x10004b18                div_s64s64
                0x10004b18                divmod_s64s64
                0x10004b18                __wrap___aeabi_ldivmod
                0x10004b48                divmod_u64u64
                0x10004b48                div_u64u64
                0x10004b48                __wrap___aeabi_uldivmod
                0x10004b58                divmod_u64u64_savestate
                0x10004b78                divmod_s64s64_unsafe
                0x10004c00                divmod_u64u64_unsafe
 .text.__wrap___aeabi_darithmetic
                0x10004f3c       0x80 CMakeFiles/picoTestProject.dir/D_/Pico/pico-sdk/src/rp2_common/pico_double/double_aeabi.S.obj
                0x10004f3c                __wrap___aeabi_drsub
                0x10004f42                __wrap___aeabi_dsub
                0x10004f54                __wrap___aeabi_dadd
                0x10004f66                __wrap___aeabi_ddiv
                0x10004fa2                __wrap___aeabi_dmul
 .text.__wrap___aeabi_cdcmple
                0x10004fbc       0x6c CMakeFiles/picoTestProject.dir/D_/Pico/pico-sdk/src/rp2_common/pico_double/double_aeabi.S.obj
                0x10004fbc                __wrap___aeabi_cdrcmple
                0x10004fcc                __wrap___aeabi_cdcmpeq
                0x10004fcc                __wrap___aeabi_cdcmple
 .text.__wrap___aeabi_dcmplt
                0x10005028        0xc CMakeFiles/picoTestProject.dir/D_/Pico/pico-sdk/src/rp2_common/pico_double/double_aeabi.S.obj
                0x10005028                __wrap___aeabi_dcmplt
 .text.__wrap___aeabi_dcmple
                0x10005034       0x10 CMakeFiles/picoTestProject.dir/D_/Pico/pico-sdk/src/rp2_common/pico_double/double_aeabi.S.obj
                0x10005034                __wrap___aeabi_dcmple
 .text.__wrap___aeabi_dcmpge
                0x10005044       0x10 CMakeFiles/picoTestProject.dir/D_/Pico/pico-sdk/src/rp2_common/pico_double/double_aeabi.S.obj
                0x10005044                __wrap___aeabi_dcmpge
 .text.__wrap___aeabi_dcmpgt
                0x10005054        0xa CMakeFiles/picoTestProject.dir/D_/Pico/pico-sdk/src/rp2_common/pico_double/double_aeabi.S.obj
                0x10005054                __wrap___aeabi_dcmpgt
 .text.__wrap___aeabi_dcmpun
                0x1000505e       0x1c CMakeFiles/picoTestProject.dir/D_/Pico/pico-sdk/src/rp2_common/pico_double/double_aeabi.S.obj
                0x1000505e                __wrap___aeabi_dcmpun
 *fill*         0x1000507a        0x2 
 .text.__wrap___aeabi_i2d
                0x1000507c       0x38 CMakeFiles/picoTestProject.dir/D_/Pico/pico-sdk/src/rp2_common/pico_double/double_aeabi.S.obj
                0x1000507c                __wrap___aeabi_ui2d
                0x10005084                __wrap___aeabi_i2d
 .text.__wrap___aeabi_d2iz
                0x100050b4       0x48 CMakeFiles/picoTestProject.dir/D_/Pico/pico-sdk/src/rp2_common/pico_double/double_aeabi.S.obj
                0x100050b4                double2int_z
                0x100050b4                __wrap___aeabi_d2iz
 .text.__wrap___aeabi_d2uiz
                0x100050fc       0x18 CMakeFiles/picoTestProject.dir/D_/Pico/pico-sdk/src/rp2_common/pico_double/double_aeabi.S.obj
                0x100050fc                __wrap___aeabi_d2uiz
                0x100050fc                double2uint
 .text.__aeabi_double_init
                0x10005114       0xc8 CMakeFiles/picoTestProject.dir/D_/Pico/pico-sdk/src/rp2_common/pico_double/double_init_rom.c.obj
                0x10005114                __aeabi_double_init
 .text.double_table_shim_on_use_helper
                0x100051dc       0x34 CMakeFiles/picoTestProject.dir/D_/Pico/pico-sdk/src/rp2_common/pico_double/double_v1_rom_shim.S.obj
                0x100051dc                double_table_shim_on_use_helper
 .text.__wrap___aeabi_dsub
                0x10005210       0x10 CMakeFiles/picoTestProject.dir/D_/Pico/pico-sdk/src/rp2_common/pico_double/double_v1_rom_shim.S.obj
                0x10005210                drsub_shim
                0x10005216                dsub_shim
 .text.dadd_shim
                0x10005220      0x15c CMakeFiles/picoTestProject.dir/D_/Pico/pico-sdk/src/rp2_common/pico_double/double_v1_rom_shim.S.obj
                0x10005220                dadd_shim
 .text.dmul_shim
                0x1000537c      0x15c CMakeFiles/picoTestProject.dir/D_/Pico/pico-sdk/src/rp2_common/pico_double/double_v1_rom_shim.S.obj
                0x1000537c                dmul_shim
 .text.ddiv_shim
                0x100054d8      0x1b0 CMakeFiles/picoTestProject.dir/D_/Pico/pico-sdk/src/rp2_common/pico_double/double_v1_rom_shim.S.obj
                0x100054d8                ddiv_shim
 .text.double2uint_shim
                0x10005688        0xe CMakeFiles/picoTestProject.dir/D_/Pico/pico-sdk/src/rp2_common/pico_double/double_v1_rom_shim.S.obj
                0x10005688                double2uint_shim
                0x1000568a                double2ufix_shim
 *fill*         0x10005696        0x2 
 .text.double2uint64_shim
                0x10005698       0x70 CMakeFiles/picoTestProject.dir/D_/Pico/pico-sdk/src/rp2_common/pico_double/double_v1_rom_shim.S.obj
                0x10005698                double2uint64_shim
                0x1000569a                double2ufix64_shim
                0x100056ba                d2fix_a
 .text.dunpacks
                0x10005708       0x3c CMakeFiles/picoTestProject.dir/D_/Pico/pico-sdk/src/rp2_common/pico_double/double_v1_rom_shim.S.obj
                0x10005708                dunpacks
 .text.__aeabi_lmul
                0x10005744       0x32 CMakeFiles/picoTestProject.dir/D_/Pico/pico-sdk/src/rp2_common/pico_int64_ops/pico_int64_ops_aeabi.S.obj
                0x10005744                __wrap___aeabi_lmul
 *fill*         0x10005776        0x2 
 .text.__aeabi_float_init
                0x10005778       0xfc CMakeFiles/picoTestProject.dir/D_/Pico/pico-sdk/src/rp2_common/pico_float/float_init_rom.c.obj
                0x10005778                __aeabi_float_init
 .text.float_table_shim_on_use_helper
                0x10005874       0x34 CMakeFiles/picoTestProject.dir/D_/Pico/pico-sdk/src/rp2_common/pico_float/float_v1_rom_shim.S.obj
                0x10005874                float_table_shim_on_use_helper
 .text          0x100058a8       0x10 CMakeFiles/picoTestProject.dir/D_/Pico/pico-sdk/src/rp2_common/pico_mem_ops/mem_ops_aeabi.S.obj
                0x100058a8                __aeabi_mem_init
 .text.memset   0x100058b8        0xc CMakeFiles/picoTestProject.dir/D_/Pico/pico-sdk/src/rp2_common/pico_mem_ops/mem_ops_aeabi.S.obj
                0x100058b8                __wrap_memset
 .text.memcpy   0x100058c4        0xc CMakeFiles/picoTestProject.dir/D_/Pico/pico-sdk/src/rp2_common/pico_mem_ops/mem_ops_aeabi.S.obj
                0x100058c4                __wrap_memcpy
                0x100058c4                __wrap___aeabi_memcpy
 .text.stdio_out_chars_no_crlf
                0x100058d0        0xe CMakeFiles/picoTestProject.dir/D_/Pico/pico-sdk/src/rp2_common/pico_stdio/stdio.c.obj
 *fill*         0x100058de        0x2 
 .text.stdio_out_chars_crlf
                0x100058e0       0x80 CMakeFiles/picoTestProject.dir/D_/Pico/pico-sdk/src/rp2_common/pico_stdio/stdio.c.obj
 .text.stdio_stack_buffer_flush
                0x10005960       0x44 CMakeFiles/picoTestProject.dir/D_/Pico/pico-sdk/src/rp2_common/pico_stdio/stdio.c.obj
 .text.stdio_buffered_printer
                0x100059a4       0x20 CMakeFiles/picoTestProject.dir/D_/Pico/pico-sdk/src/rp2_common/pico_stdio/stdio.c.obj
 .text.stdout_serialize_begin
                0x100059c4       0x5c CMakeFiles/picoTestProject.dir/D_/Pico/pico-sdk/src/rp2_common/pico_stdio/stdio.c.obj
                0x100059c4                stdout_serialize_begin
 .text.stdout_serialize_end
                0x10005a20       0x10 CMakeFiles/picoTestProject.dir/D_/Pico/pico-sdk/src/rp2_common/pico_stdio/stdio.c.obj
                0x10005a20                stdout_serialize_end
 .text.stdio_put_string
                0x10005a30       0x98 CMakeFiles/picoTestProject.dir/D_/Pico/pico-sdk/src/rp2_common/pico_stdio/stdio.c.obj
 .text.stdio_set_driver_enabled
                0x10005ac8       0x2c CMakeFiles/picoTestProject.dir/D_/Pico/pico-sdk/src/rp2_common/pico_stdio/stdio.c.obj
                0x10005ac8                stdio_set_driver_enabled
 .text.stdio_flush
                0x10005af4       0x20 CMakeFiles/picoTestProject.dir/D_/Pico/pico-sdk/src/rp2_common/pico_stdio/stdio.c.obj
                0x10005af4                stdio_flush
 .text.__wrap_puts
                0x10005b14       0x1e CMakeFiles/picoTestProject.dir/D_/Pico/pico-sdk/src/rp2_common/pico_stdio/stdio.c.obj
                0x10005b14                __wrap_puts
 *fill*         0x10005b32        0x2 
 .text.__wrap_vprintf
                0x10005b34       0x40 CMakeFiles/picoTestProject.dir/D_/Pico/pico-sdk/src/rp2_common/pico_stdio/stdio.c.obj
                0x10005b34                __wrap_vprintf
 .text.__wrap_printf
                0x10005b74       0x18 CMakeFiles/picoTestProject.dir/D_/Pico/pico-sdk/src/rp2_common/pico_stdio/stdio.c.obj
                0x10005b74                __wrap_printf
 .text.stdio_uart_out_chars
                0x10005b8c       0x74 CMakeFiles/picoTestProject.dir/D_/Pico/pico-sdk/src/rp2_common/pico_stdio_uart/stdio_uart.c.obj
 .text.stdio_uart_in_chars
                0x10005c00       0x80 CMakeFiles/picoTestProject.dir/D_/Pico/pico-sdk/src/rp2_common/pico_stdio_uart/stdio_uart.c.obj
                0x10005c00                stdio_uart_in_chars
 .text.on_uart_rx
                0x10005c80       0x28 CMakeFiles/picoTestProject.dir/D_/Pico/pico-sdk/src/rp2_common/pico_stdio_uart/stdio_uart.c.obj
 .text.stdio_uart_set_chars_available_callback
                0x10005ca8       0x8c CMakeFiles/picoTestProject.dir/D_/Pico/pico-sdk/src/rp2_common/pico_stdio_uart/stdio_uart.c.obj
 .text.stdio_uart_init_full
                0x10005d34       0x44 CMakeFiles/picoTestProject.dir/D_/Pico/pico-sdk/src/rp2_common/pico_stdio_uart/stdio_uart.c.obj
                0x10005d34                stdio_uart_init_full
 .text._retrieve_unique_id_on_boot
                0x10005d78       0x10 CMakeFiles/picoTestProject.dir/D_/Pico/pico-sdk/src/rp2_common/pico_unique_id/unique_id.c.obj
 .text.hw_endpoint_get_by_addr
                0x10005d88       0x18 CMakeFiles/picoTestProject.dir/D_/Pico/pico-sdk/lib/tinyusb/src/portable/raspberrypi/rp2040/dcd_rp2040.c.obj
 .text._hw_endpoint_alloc
                0x10005da0       0x70 CMakeFiles/picoTestProject.dir/D_/Pico/pico-sdk/lib/tinyusb/src/portable/raspberrypi/rp2040/dcd_rp2040.c.obj
 .text.hw_endpoint_init
                0x10005e10       0x88 CMakeFiles/picoTestProject.dir/D_/Pico/pico-sdk/lib/tinyusb/src/portable/raspberrypi/rp2040/dcd_rp2040.c.obj
 .text.hw_endpoint_xfer
                0x10005e98       0x14 CMakeFiles/picoTestProject.dir/D_/Pico/pico-sdk/lib/tinyusb/src/portable/raspberrypi/rp2040/dcd_rp2040.c.obj
 .text.dcd_int_enable
                0x10005eac       0x2c CMakeFiles/picoTestProject.dir/D_/Pico/pico-sdk/lib/tinyusb/src/portable/raspberrypi/rp2040/dcd_rp2040.c.obj
                0x10005eac                dcd_int_enable
 .text.dcd_connect
                0x10005ed8       0x10 CMakeFiles/picoTestProject.dir/D_/Pico/pico-sdk/lib/tinyusb/src/portable/raspberrypi/rp2040/dcd_rp2040.c.obj
                0x10005ed8                dcd_connect
 .text.dcd_init
                0x10005ee8       0x80 CMakeFiles/picoTestProject.dir/D_/Pico/pico-sdk/lib/tinyusb/src/portable/raspberrypi/rp2040/dcd_rp2040.c.obj
                0x10005ee8                dcd_init
 .text.dcd_edpt_open
                0x10005f68       0x40 CMakeFiles/picoTestProject.dir/D_/Pico/pico-sdk/lib/tinyusb/src/portable/raspberrypi/rp2040/dcd_rp2040.c.obj
                0x10005f68                dcd_edpt_open
 .text.dcd_edpt_xfer
                0x10005fa8       0x34 CMakeFiles/picoTestProject.dir/D_/Pico/pico-sdk/lib/tinyusb/src/portable/raspberrypi/rp2040/dcd_rp2040.c.obj
                0x10005fa8                dcd_edpt_xfer
 .text.rp2040_usb_init
                0x10005fdc       0x4c CMakeFiles/picoTestProject.dir/D_/Pico/pico-sdk/lib/tinyusb/src/portable/raspberrypi/rp2040/rp2040_usb.c.obj
                0x10005fdc                rp2040_usb_init
 .text.hw_endpoint_xfer_start
                0x10006028       0x50 CMakeFiles/picoTestProject.dir/D_/Pico/pico-sdk/lib/tinyusb/src/portable/raspberrypi/rp2040/rp2040_usb.c.obj
                0x10006028                hw_endpoint_xfer_start
 .text.tud_mounted
                0x10006078       0x10 CMakeFiles/picoTestProject.dir/D_/Pico/pico-sdk/lib/tinyusb/src/device/usbd.c.obj
                0x10006078                tud_mounted
 .text.tud_suspended
                0x10006088       0x10 CMakeFiles/picoTestProject.dir/D_/Pico/pico-sdk/lib/tinyusb/src/device/usbd.c.obj
                0x10006088                tud_suspended
 .text.tud_inited
                0x10006098       0x14 CMakeFiles/picoTestProject.dir/D_/Pico/pico-sdk/lib/tinyusb/src/device/usbd.c.obj
                0x10006098                tud_inited
 .text.tud_init
                0x100060ac       0xd0 CMakeFiles/picoTestProject.dir/D_/Pico/pico-sdk/lib/tinyusb/src/device/usbd.c.obj
                0x100060ac                tud_init
 .text.usbd_edpt_open
                0x1000617c       0x34 CMakeFiles/picoTestProject.dir/D_/Pico/pico-sdk/lib/tinyusb/src/device/usbd.c.obj
                0x1000617c                usbd_edpt_open
 .text.usbd_open_edpt_pair
                0x100061b0       0x62 CMakeFiles/picoTestProject.dir/D_/Pico/pico-sdk/lib/tinyusb/src/device/usbd.c.obj
                0x100061b0                usbd_open_edpt_pair
 *fill*         0x10006212        0x2 
 .text.usbd_edpt_claim
                0x10006214       0x28 CMakeFiles/picoTestProject.dir/D_/Pico/pico-sdk/lib/tinyusb/src/device/usbd.c.obj
                0x10006214                usbd_edpt_claim
 .text.usbd_edpt_release
                0x1000623c       0x28 CMakeFiles/picoTestProject.dir/D_/Pico/pico-sdk/lib/tinyusb/src/device/usbd.c.obj
                0x1000623c                usbd_edpt_release
 .text.usbd_edpt_xfer
                0x10006264       0x78 CMakeFiles/picoTestProject.dir/D_/Pico/pico-sdk/lib/tinyusb/src/device/usbd.c.obj
                0x10006264                usbd_edpt_xfer
 .text.usbd_edpt_busy
                0x100062dc       0x1c CMakeFiles/picoTestProject.dir/D_/Pico/pico-sdk/lib/tinyusb/src/device/usbd.c.obj
                0x100062dc                usbd_edpt_busy
 .text._data_stage_xact
                0x100062f8       0x58 CMakeFiles/picoTestProject.dir/D_/Pico/pico-sdk/lib/tinyusb/src/device/usbd_control.c.obj
 .text.tud_control_status
                0x10006350       0x38 CMakeFiles/picoTestProject.dir/D_/Pico/pico-sdk/lib/tinyusb/src/device/usbd_control.c.obj
                0x10006350                tud_control_status
 .text.tud_control_xfer
                0x10006388       0x74 CMakeFiles/picoTestProject.dir/D_/Pico/pico-sdk/lib/tinyusb/src/device/usbd_control.c.obj
                0x10006388                tud_control_xfer
 .text._prep_out_transaction
                0x100063fc       0x58 CMakeFiles/picoTestProject.dir/D_/Pico/pico-sdk/lib/tinyusb/src/class/cdc/cdc_device.c.obj
 .text.tud_cdc_n_write_flush
                0x10006454       0xb8 CMakeFiles/picoTestProject.dir/D_/Pico/pico-sdk/lib/tinyusb/src/class/cdc/cdc_device.c.obj
                0x10006454                tud_cdc_n_write_flush
 .text.cdcd_init
                0x1000650c       0xb8 CMakeFiles/picoTestProject.dir/D_/Pico/pico-sdk/lib/tinyusb/src/class/cdc/cdc_device.c.obj
                0x1000650c                cdcd_init
 .text.cdcd_reset
                0x100065c4       0x48 CMakeFiles/picoTestProject.dir/D_/Pico/pico-sdk/lib/tinyusb/src/class/cdc/cdc_device.c.obj
                0x100065c4                cdcd_reset
 .text.cdcd_open
                0x1000660c       0xcc CMakeFiles/picoTestProject.dir/D_/Pico/pico-sdk/lib/tinyusb/src/class/cdc/cdc_device.c.obj
                0x1000660c                cdcd_open
 .text.cdcd_control_xfer_cb
                0x100066d8      0x134 CMakeFiles/picoTestProject.dir/D_/Pico/pico-sdk/lib/tinyusb/src/class/cdc/cdc_device.c.obj
                0x100066d8                cdcd_control_xfer_cb
 .text.cdcd_xfer_cb
                0x1000680c      0x134 CMakeFiles/picoTestProject.dir/D_/Pico/pico-sdk/lib/tinyusb/src/class/cdc/cdc_device.c.obj
                0x1000680c                cdcd_xfer_cb
 .text._prep_out_transaction
                0x10006940       0x2c CMakeFiles/picoTestProject.dir/D_/Pico/pico-sdk/lib/tinyusb/src/class/vendor/vendor_device.c.obj
 .text.maybe_transmit
                0x1000696c       0x3e CMakeFiles/picoTestProject.dir/D_/Pico/pico-sdk/lib/tinyusb/src/class/vendor/vendor_device.c.obj
 *fill*         0x100069aa        0x2 
 .text.tud_vendor_n_write
                0x100069ac       0x3c CMakeFiles/picoTestProject.dir/D_/Pico/pico-sdk/lib/tinyusb/src/class/vendor/vendor_device.c.obj
                0x100069ac                tud_vendor_n_write
 .text.tud_vendor_n_flush
                0x100069e8       0x1c CMakeFiles/picoTestProject.dir/D_/Pico/pico-sdk/lib/tinyusb/src/class/vendor/vendor_device.c.obj
                0x100069e8                tud_vendor_n_flush
 .text.vendord_init
                0x10006a04       0xa8 CMakeFiles/picoTestProject.dir/D_/Pico/pico-sdk/lib/tinyusb/src/class/vendor/vendor_device.c.obj
                0x10006a04                vendord_init
 .text.vendord_reset
                0x10006aac       0x40 CMakeFiles/picoTestProject.dir/D_/Pico/pico-sdk/lib/tinyusb/src/class/vendor/vendor_device.c.obj
                0x10006aac                vendord_reset
 .text.vendord_open
                0x10006aec       0xd4 CMakeFiles/picoTestProject.dir/D_/Pico/pico-sdk/lib/tinyusb/src/class/vendor/vendor_device.c.obj
                0x10006aec                vendord_open
 .text.vendord_xfer_cb
                0x10006bc0       0x7c CMakeFiles/picoTestProject.dir/D_/Pico/pico-sdk/lib/tinyusb/src/class/vendor/vendor_device.c.obj
                0x10006bc0                vendord_xfer_cb
 .text.tu_edpt_claim
                0x10006c3c       0x50 CMakeFiles/picoTestProject.dir/D_/Pico/pico-sdk/lib/tinyusb/src/tusb.c.obj
                0x10006c3c                tu_edpt_claim
 .text.tu_edpt_release
                0x10006c8c       0x3c CMakeFiles/picoTestProject.dir/D_/Pico/pico-sdk/lib/tinyusb/src/tusb.c.obj
                0x10006c8c                tu_edpt_release
 .text.tu_edpt_validate
                0x10006cc8       0x78 CMakeFiles/picoTestProject.dir/D_/Pico/pico-sdk/lib/tinyusb/src/tusb.c.obj
                0x10006cc8                tu_edpt_validate
 .text.advance_index
                0x10006d40       0x1a CMakeFiles/picoTestProject.dir/D_/Pico/pico-sdk/lib/tinyusb/src/common/tusb_fifo.c.obj
 .text._ff_pull_const_addr
                0x10006d5a       0x4c CMakeFiles/picoTestProject.dir/D_/Pico/pico-sdk/lib/tinyusb/src/common/tusb_fifo.c.obj
 .text._ff_pull_n
                0x10006da6      0x110 CMakeFiles/picoTestProject.dir/D_/Pico/pico-sdk/lib/tinyusb/src/common/tusb_fifo.c.obj
 .text._tu_fifo_peek_n
                0x10006eb6       0x6a CMakeFiles/picoTestProject.dir/D_/Pico/pico-sdk/lib/tinyusb/src/common/tusb_fifo.c.obj
 .text._tu_fifo_read_n
                0x10006f20       0x4e CMakeFiles/picoTestProject.dir/D_/Pico/pico-sdk/lib/tinyusb/src/common/tusb_fifo.c.obj
 .text._ff_push_const_addr
                0x10006f6e       0x40 CMakeFiles/picoTestProject.dir/D_/Pico/pico-sdk/lib/tinyusb/src/common/tusb_fifo.c.obj
 .text._ff_push_n
                0x10006fae      0x10c CMakeFiles/picoTestProject.dir/D_/Pico/pico-sdk/lib/tinyusb/src/common/tusb_fifo.c.obj
 .text._tu_fifo_write_n
                0x100070ba       0xf0 CMakeFiles/picoTestProject.dir/D_/Pico/pico-sdk/lib/tinyusb/src/common/tusb_fifo.c.obj
 .text.tu_fifo_config
                0x100071aa       0x7c CMakeFiles/picoTestProject.dir/D_/Pico/pico-sdk/lib/tinyusb/src/common/tusb_fifo.c.obj
                0x100071aa                tu_fifo_config
 .text.tu_fifo_count
                0x10007226       0x2a CMakeFiles/picoTestProject.dir/D_/Pico/pico-sdk/lib/tinyusb/src/common/tusb_fifo.c.obj
                0x10007226                tu_fifo_count
 .text.tu_fifo_empty
                0x10007250       0x10 CMakeFiles/picoTestProject.dir/D_/Pico/pico-sdk/lib/tinyusb/src/common/tusb_fifo.c.obj
                0x10007250                tu_fifo_empty
 .text.tu_fifo_full
                0x10007260       0x28 CMakeFiles/picoTestProject.dir/D_/Pico/pico-sdk/lib/tinyusb/src/common/tusb_fifo.c.obj
                0x10007260                tu_fifo_full
 .text.tu_fifo_remaining
                0x10007288       0x2c CMakeFiles/picoTestProject.dir/D_/Pico/pico-sdk/lib/tinyusb/src/common/tusb_fifo.c.obj
                0x10007288                tu_fifo_remaining
 .text.tu_fifo_read_n
                0x100072b4        0xa CMakeFiles/picoTestProject.dir/D_/Pico/pico-sdk/lib/tinyusb/src/common/tusb_fifo.c.obj
                0x100072b4                tu_fifo_read_n
 .text.tu_fifo_write
                0x100072be       0x64 CMakeFiles/picoTestProject.dir/D_/Pico/pico-sdk/lib/tinyusb/src/common/tusb_fifo.c.obj
                0x100072be                tu_fifo_write
 .text.tu_fifo_write_n
                0x10007322        0xa CMakeFiles/picoTestProject.dir/D_/Pico/pico-sdk/lib/tinyusb/src/common/tusb_fifo.c.obj
                0x10007322                tu_fifo_write_n
 .text.tu_fifo_clear
                0x1000732c       0x3e CMakeFiles/picoTestProject.dir/D_/Pico/pico-sdk/lib/tinyusb/src/common/tusb_fifo.c.obj
                0x1000732c                tu_fifo_clear
 .text.tu_fifo_set_overwritable
                0x1000736a       0x46 CMakeFiles/picoTestProject.dir/D_/Pico/pico-sdk/lib/tinyusb/src/common/tusb_fifo.c.obj
                0x1000736a                tu_fifo_set_overwritable
 .text.board_init
                0x100073b0       0x30 CMakeFiles/picoTestProject.dir/D_/Pico/pico-sdk/lib/tinyusb/hw/bsp/rp2040/family.c.obj
                0x100073b0                board_init
 .text.strlen   0x100073e0       0x5c c:/users/28670/scoop/102021~1.10/bin/../lib/gcc/arm-none-eabi/10.3.1/../../../../arm-none-eabi/lib/thumb/v6-m/nofp\libg.a(lib_a-strlen-stub.o)
                0x100073e0                strlen
 *(.fini)
 .fini          0x1000743c        0x4 c:/users/28670/scoop/102021~1.10/bin/../lib/gcc/arm-none-eabi/10.3.1/thumb/v6-m/nofp/crti.o
                0x1000743c                _fini
 .fini.__stub   0x10007440       0xb0 linker stubs
 *crtbegin.o(.ctors)
 *crtbegin?.o(.ctors)
 *(EXCLUDE_FILE(*crtend.o *crtend?.o) .ctors)
 *(SORT_BY_NAME(.ctors.*))
 *(.ctors)
 *crtbegin.o(.dtors)
 *crtbegin?.o(.dtors)
 *(EXCLUDE_FILE(*crtend.o *crtend?.o) .dtors)
 *(SORT_BY_NAME(.dtors.*))
 *(.dtors)
 *(.eh_frame*)
 .eh_frame      0x100074f0        0x0 c:/users/28670/scoop/102021~1.10/bin/../lib/gcc/arm-none-eabi/10.3.1/thumb/v6-m/nofp/crtbegin.o
                0x100074f0                . = ALIGN (0x4)

.glue_7         0x100074f0        0x0
 .glue_7        0x100074f0        0x0 linker stubs

.glue_7t        0x100074f0        0x0
 .glue_7t       0x100074f0        0x0 linker stubs

.vfp11_veneer   0x100074f0        0x0
 .vfp11_veneer  0x100074f0        0x0 linker stubs

.v4_bx          0x100074f0        0x0
 .v4_bx         0x100074f0        0x0 linker stubs

.iplt           0x100074f0        0x0
 .iplt          0x100074f0        0x0 c:/users/28670/scoop/102021~1.10/bin/../lib/gcc/arm-none-eabi/10.3.1/thumb/v6-m/nofp/crtbegin.o

.rodata         0x100074f0     0x13b8
 *(EXCLUDE_FILE(*libm.a: *libc.a:*lib_a-mem*.o *libgcc.a:) .rodata*)
 .rodata.main.str1.4
                0x100074f0       0x31 CMakeFiles/picoTestProject.dir/main/main.c.obj
 *fill*         0x10007521        0x3 
 .rodata.tud_vendor_control_xfer_cb.str1.4
                0x10007524       0x1f CMakeFiles/picoTestProject.dir/main/main.c.obj
 *fill*         0x10007543        0x1 
 .rodata.desc_url
                0x10007544       0x33 CMakeFiles/picoTestProject.dir/main/main.c.obj
                0x10007544                desc_url
 *fill*         0x10007577        0x1 
 .rodata.desc_ms_os_20
                0x10007578       0xb2 CMakeFiles/picoTestProject.dir/main/usb_descriptors.c.obj
                0x10007578                desc_ms_os_20
 *fill*         0x1000762a        0x2 
 .rodata.vTaskStartScheduler.str1.4
                0x1000762c        0x5 CMakeFiles/picoTestProject.dir/FreeRTOS/tasks.c.obj
 *fill*         0x10007631        0x3 
 .rodata.prvProcessReceivedCommands
                0x10007634       0x28 CMakeFiles/picoTestProject.dir/FreeRTOS/timers.c.obj
 .rodata.prvCheckForValidListAndQueue.str1.4
                0x1000765c        0x5 CMakeFiles/picoTestProject.dir/FreeRTOS/timers.c.obj
 *fill*         0x10007661        0x3 
 .rodata.xTimerCreateTimerTask.str1.4
                0x10007664        0x8 CMakeFiles/picoTestProject.dir/FreeRTOS/timers.c.obj
 .rodata.repeating_timer_callback.str1.4
                0x1000766c       0x41 CMakeFiles/picoTestProject.dir/D_/Pico/pico-sdk/src/common/pico_time/time.c.obj
 *fill*         0x100076ad        0x3 
 .rodata.timer_pool_entry_comparator.str1.4
                0x100076b0       0x22 CMakeFiles/picoTestProject.dir/D_/Pico/pico-sdk/src/common/pico_time/time.c.obj
 *fill*         0x100076d2        0x2 
 .rodata.ph_add_child_node.str1.4
                0x100076d4       0x8a CMakeFiles/picoTestProject.dir/D_/Pico/pico-sdk/src/common/pico_time/time.c.obj
 *fill*         0x1000775e        0x2 
 .rodata.add_alarm_under_lock.str1.4
                0x10007760       0x28 CMakeFiles/picoTestProject.dir/D_/Pico/pico-sdk/src/common/pico_time/time.c.obj
                                 0x2b (size before relaxing)
 .rodata.alarm_pool_alarm_callback.str1.4
                0x10007788       0xf0 CMakeFiles/picoTestProject.dir/D_/Pico/pico-sdk/src/common/pico_time/time.c.obj
 .rodata.alarm_pool_get_default.str1.4
                0x10007878       0x21 CMakeFiles/picoTestProject.dir/D_/Pico/pico-sdk/src/common/pico_time/time.c.obj
 *fill*         0x10007899        0x3 
 .rodata.alarm_pool_cancel_alarm.str1.4
                0x1000789c       0x27 CMakeFiles/picoTestProject.dir/D_/Pico/pico-sdk/src/common/pico_time/time.c.obj
 *fill*         0x100078c3        0x1 
 .rodata.__func__.1
                0x100078c4       0x18 CMakeFiles/picoTestProject.dir/D_/Pico/pico-sdk/src/common/pico_time/time.c.obj
 .rodata.__func__.10
                0x100078dc       0x15 CMakeFiles/picoTestProject.dir/D_/Pico/pico-sdk/src/common/pico_time/time.c.obj
 *fill*         0x100078f1        0x3 
 .rodata.__func__.11
                0x100078f4       0x1a CMakeFiles/picoTestProject.dir/D_/Pico/pico-sdk/src/common/pico_time/time.c.obj
 *fill*         0x1000790e        0x2 
 .rodata.__func__.12
                0x10007910        0xa CMakeFiles/picoTestProject.dir/D_/Pico/pico-sdk/src/common/pico_time/time.c.obj
 *fill*         0x1000791a        0x2 
 .rodata.__func__.3
                0x1000791c       0x17 CMakeFiles/picoTestProject.dir/D_/Pico/pico-sdk/src/common/pico_time/time.c.obj
 *fill*         0x10007933        0x1 
 .rodata.__func__.4
                0x10007934       0x12 CMakeFiles/picoTestProject.dir/D_/Pico/pico-sdk/src/common/pico_time/time.c.obj
 *fill*         0x10007946        0x2 
 .rodata.__func__.5
                0x10007948        0xd CMakeFiles/picoTestProject.dir/D_/Pico/pico-sdk/src/common/pico_time/time.c.obj
 *fill*         0x10007955        0x3 
 .rodata.__func__.6
                0x10007958       0x12 CMakeFiles/picoTestProject.dir/D_/Pico/pico-sdk/src/common/pico_time/time.c.obj
 *fill*         0x1000796a        0x2 
 .rodata.__func__.7
                0x1000796c        0xf CMakeFiles/picoTestProject.dir/D_/Pico/pico-sdk/src/common/pico_time/time.c.obj
 *fill*         0x1000797b        0x1 
 .rodata.__func__.8
                0x1000797c        0xc CMakeFiles/picoTestProject.dir/D_/Pico/pico-sdk/src/common/pico_time/time.c.obj
 .rodata.__func__.9
                0x10007988       0x15 CMakeFiles/picoTestProject.dir/D_/Pico/pico-sdk/src/common/pico_time/time.c.obj
 *fill*         0x1000799d        0x3 
 .rodata.hardware_alarm_claim.str1.4
                0x100079a0       0x22 CMakeFiles/picoTestProject.dir/D_/Pico/pico-sdk/src/rp2_common/hardware_timer/timer.c.obj
 .rodata.busy_wait_us.str1.4
                0x100079c2       0x57 CMakeFiles/picoTestProject.dir/D_/Pico/pico-sdk/src/rp2_common/hardware_timer/timer.c.obj
 *fill*         0x100079c2        0x2 
 .rodata.hardware_alarm_set_target.str1.4
                0x100079c4       0x5b CMakeFiles/picoTestProject.dir/D_/Pico/pico-sdk/src/rp2_common/hardware_timer/timer.c.obj
 *fill*         0x10007a1f        0x1 
 .rodata.__func__.0
                0x10007a20       0x1a CMakeFiles/picoTestProject.dir/D_/Pico/pico-sdk/src/rp2_common/hardware_timer/timer.c.obj
 *fill*         0x10007a3a        0x2 
 .rodata.__func__.1
                0x10007a3c       0x15 CMakeFiles/picoTestProject.dir/D_/Pico/pico-sdk/src/rp2_common/hardware_timer/timer.c.obj
 *fill*         0x10007a51        0x3 
 .rodata.spin_lock_claim_unused.str1.4
                0x10007a54       0x1b CMakeFiles/picoTestProject.dir/D_/Pico/pico-sdk/src/rp2_common/hardware_sync/sync.c.obj
 *fill*         0x10007a6f        0x1 
 .rodata.make_branch.str1.4
                0x10007a70       0x63 CMakeFiles/picoTestProject.dir/D_/Pico/pico-sdk/src/rp2_common/hardware_irq/irq.c.obj
 *fill*         0x10007ad3        0x1 
 .rodata.insert_branch_and_link.str1.4
                0x10007ad4       0x10 CMakeFiles/picoTestProject.dir/D_/Pico/pico-sdk/src/rp2_common/hardware_irq/irq.c.obj
 .rodata.irq_set_exclusive_handler.str1.4
                0x10007ae4       0x36 CMakeFiles/picoTestProject.dir/D_/Pico/pico-sdk/src/rp2_common/hardware_irq/irq.c.obj
 *fill*         0x10007b1a        0x2 
 .rodata.irq_add_shared_handler.str1.4
                0x10007b1c       0xd9 CMakeFiles/picoTestProject.dir/D_/Pico/pico-sdk/src/rp2_common/hardware_irq/irq.c.obj
 *fill*         0x10007bf5        0x3 
 .rodata.irq_remove_handler.str1.4
                0x10007bf8       0x3a CMakeFiles/picoTestProject.dir/D_/Pico/pico-sdk/src/rp2_common/hardware_irq/irq.c.obj
 *fill*         0x10007c32        0x2 
 .rodata.irq_add_tail_to_free_list.str1.4
                0x10007c34       0x3a CMakeFiles/picoTestProject.dir/D_/Pico/pico-sdk/src/rp2_common/hardware_irq/irq.c.obj
 *fill*         0x10007c6e        0x2 
 .rodata.__func__.0
                0x10007c70       0x1a CMakeFiles/picoTestProject.dir/D_/Pico/pico-sdk/src/rp2_common/hardware_irq/irq.c.obj
 *fill*         0x10007c8a        0x2 
 .rodata.__func__.1
                0x10007c8c       0x17 CMakeFiles/picoTestProject.dir/D_/Pico/pico-sdk/src/rp2_common/hardware_irq/irq.c.obj
 *fill*         0x10007ca3        0x1 
 .rodata.__func__.2
                0x10007ca4       0x13 CMakeFiles/picoTestProject.dir/D_/Pico/pico-sdk/src/rp2_common/hardware_irq/irq.c.obj
 *fill*         0x10007cb7        0x1 
 .rodata.__func__.3
                0x10007cb8        0xc CMakeFiles/picoTestProject.dir/D_/Pico/pico-sdk/src/rp2_common/hardware_irq/irq.c.obj
 .rodata.__func__.4
                0x10007cc4        0xf CMakeFiles/picoTestProject.dir/D_/Pico/pico-sdk/src/rp2_common/hardware_irq/irq.c.obj
 *fill*         0x10007cd3        0x1 
 .rodata.__func__.5
                0x10007cd4       0x17 CMakeFiles/picoTestProject.dir/D_/Pico/pico-sdk/src/rp2_common/hardware_irq/irq.c.obj
 *fill*         0x10007ceb        0x1 
 .rodata.__func__.6
                0x10007cec       0x1a CMakeFiles/picoTestProject.dir/D_/Pico/pico-sdk/src/rp2_common/hardware_irq/irq.c.obj
 *fill*         0x10007d06        0x2 
 .rodata.str1.4
                0x10007d08       0x81 CMakeFiles/picoTestProject.dir/D_/Pico/pico-sdk/src/common/pico_sync/mutex.c.obj
                                 0xd9 (size before relaxing)
 *fill*         0x10007d89        0x3 
 .rodata.__func__.1
                0x10007d8c        0xb CMakeFiles/picoTestProject.dir/D_/Pico/pico-sdk/src/common/pico_sync/mutex.c.obj
 *fill*         0x10007d97        0x1 
 .rodata.__func__.3
                0x10007d98       0x18 CMakeFiles/picoTestProject.dir/D_/Pico/pico-sdk/src/common/pico_sync/mutex.c.obj
 .rodata.__func__.4
                0x10007db0       0x15 CMakeFiles/picoTestProject.dir/D_/Pico/pico-sdk/src/common/pico_sync/mutex.c.obj
 .rodata.ph_add_child_node.str1.4
                0x10007dc5       0x8a CMakeFiles/picoTestProject.dir/D_/Pico/pico-sdk/src/common/pico_util/pheap.c.obj
 *fill*         0x10007dc5        0x3 
 .rodata.ph_remove_any_head.str1.4
                0x10007dc8       0x84 CMakeFiles/picoTestProject.dir/D_/Pico/pico-sdk/src/common/pico_util/pheap.c.obj
                                 0x98 (size before relaxing)
 .rodata.ph_remove_and_free_node.str1.4
                0x10007e4c       0x1e CMakeFiles/picoTestProject.dir/D_/Pico/pico-sdk/src/common/pico_util/pheap.c.obj
                                 0x26 (size before relaxing)
 *fill*         0x10007e6a        0x2 
 .rodata.__func__.0
                0x10007e6c       0x18 CMakeFiles/picoTestProject.dir/D_/Pico/pico-sdk/src/common/pico_util/pheap.c.obj
 .rodata.__func__.1
                0x10007e84       0x13 CMakeFiles/picoTestProject.dir/D_/Pico/pico-sdk/src/common/pico_util/pheap.c.obj
 *fill*         0x10007e97        0x1 
 .rodata.__func__.2
                0x10007e98       0x12 CMakeFiles/picoTestProject.dir/D_/Pico/pico-sdk/src/common/pico_util/pheap.c.obj
 *fill*         0x10007eaa        0x2 
 .rodata.__func__.3
                0x10007eac        0xc CMakeFiles/picoTestProject.dir/D_/Pico/pico-sdk/src/common/pico_util/pheap.c.obj
 .rodata.clock_configure.str1.4
                0x10007eb8       0x4d CMakeFiles/picoTestProject.dir/D_/Pico/pico-sdk/src/rp2_common/hardware_clocks/clocks.c.obj
 *fill*         0x10007f05        0x3 
 .rodata.__func__.1
                0x10007f08       0x10 CMakeFiles/picoTestProject.dir/D_/Pico/pico-sdk/src/rp2_common/hardware_clocks/clocks.c.obj
 .rodata.pll_init.str1.4
                0x10007f18      0x118 CMakeFiles/picoTestProject.dir/D_/Pico/pico-sdk/src/rp2_common/hardware_pll/pll.c.obj
 .rodata.__func__.0
                0x10008030        0x9 CMakeFiles/picoTestProject.dir/D_/Pico/pico-sdk/src/rp2_common/hardware_pll/pll.c.obj
 *fill*         0x10008039        0x3 
 .rodata.str1.4
                0x1000803c      0x14e CMakeFiles/picoTestProject.dir/D_/Pico/pico-sdk/src/rp2_common/hardware_flash/flash.c.obj
 *fill*         0x1000818a        0x2 
 .rodata.__func__.0
                0x1000818c        0xd CMakeFiles/picoTestProject.dir/D_/Pico/pico-sdk/src/rp2_common/hardware_flash/flash.c.obj
 *fill*         0x10008199        0x3 
 .rodata.__assert_func.str1.4
                0x1000819c       0x3f CMakeFiles/picoTestProject.dir/D_/Pico/pico-sdk/src/rp2_common/pico_runtime/runtime.c.obj
                                 0x43 (size before relaxing)
 *fill*         0x100081db        0x1 
 .rodata.runtime_init.str1.4
                0x100081dc       0x57 CMakeFiles/picoTestProject.dir/D_/Pico/pico-sdk/src/rp2_common/pico_runtime/runtime.c.obj
 *fill*         0x10008233        0x1 
 .rodata.panic.str1.4
                0x10008234       0x10 CMakeFiles/picoTestProject.dir/D_/Pico/pico-sdk/src/rp2_common/pico_runtime/runtime.c.obj
                                 0x12 (size before relaxing)
 .rodata.__func__.2
                0x10008244        0xd CMakeFiles/picoTestProject.dir/D_/Pico/pico-sdk/src/rp2_common/pico_runtime/runtime.c.obj
 *fill*         0x10008251        0x3 
 .rodata._ftoa.str1.4
                0x10008254       0x15 CMakeFiles/picoTestProject.dir/D_/Pico/pico-sdk/src/rp2_common/pico_printf/printf.c.obj
 *fill*         0x10008269        0x3 
 .rodata._vsnprintf
                0x1000826c      0x1e0 CMakeFiles/picoTestProject.dir/D_/Pico/pico-sdk/src/rp2_common/pico_printf/printf.c.obj
 *fill*         0x1000844c        0x4 
 .rodata.pow10.0
                0x10008450       0x50 CMakeFiles/picoTestProject.dir/D_/Pico/pico-sdk/src/rp2_common/pico_printf/printf.c.obj
 .rodata.__aeabi_double_init.str1.4
                0x100084a0       0x92 CMakeFiles/picoTestProject.dir/D_/Pico/pico-sdk/src/rp2_common/pico_double/double_init_rom.c.obj
 *fill*         0x10008532        0x2 
 .rodata.__func__.0
                0x10008534       0x14 CMakeFiles/picoTestProject.dir/D_/Pico/pico-sdk/src/rp2_common/pico_double/double_init_rom.c.obj
 .rodata.__aeabi_float_init.str1.4
                0x10008548       0x70 CMakeFiles/picoTestProject.dir/D_/Pico/pico-sdk/src/rp2_common/pico_float/float_init_rom.c.obj
                                 0x74 (size before relaxing)
 .rodata.__func__.0
                0x100085b8       0x13 CMakeFiles/picoTestProject.dir/D_/Pico/pico-sdk/src/rp2_common/pico_float/float_init_rom.c.obj
 *fill*         0x100085cb        0x1 
 .rodata.str1.4
                0x100085cc       0x44 CMakeFiles/picoTestProject.dir/D_/Pico/pico-sdk/src/rp2_common/pico_standard_link/binary_info.c.obj
 .rodata.__bi_44
                0x10008610        0xc CMakeFiles/picoTestProject.dir/D_/Pico/pico-sdk/src/rp2_common/pico_standard_link/binary_info.c.obj
 .rodata.__bi_75
                0x1000861c        0xc CMakeFiles/picoTestProject.dir/D_/Pico/pico-sdk/src/rp2_common/pico_standard_link/binary_info.c.obj
 .rodata.__bi_81
                0x10008628        0xc CMakeFiles/picoTestProject.dir/D_/Pico/pico-sdk/src/rp2_common/pico_standard_link/binary_info.c.obj
 .rodata.stdout_serialize_begin.str1.4
                0x10008634       0x57 CMakeFiles/picoTestProject.dir/D_/Pico/pico-sdk/src/rp2_common/pico_stdio/stdio.c.obj
 .rodata.__func__.3
                0x10008634       0x15 CMakeFiles/picoTestProject.dir/D_/Pico/pico-sdk/src/rp2_common/pico_stdio/stdio.c.obj
 *fill*         0x10008649        0x3 
 .rodata.crlf_str.2
                0x1000864c        0x2 CMakeFiles/picoTestProject.dir/D_/Pico/pico-sdk/src/rp2_common/pico_stdio/stdio.c.obj
 *fill*         0x1000864e        0x2 
 .rodata._hw_endpoint_alloc.str1.4
                0x10008650       0xad CMakeFiles/picoTestProject.dir/D_/Pico/pico-sdk/lib/tinyusb/src/portable/raspberrypi/rp2040/dcd_rp2040.c.obj
 *fill*         0x100086fd        0x3 
 .rodata.str1.4
                0x10008700       0x14 CMakeFiles/picoTestProject.dir/D_/Pico/pico-sdk/lib/tinyusb/src/portable/raspberrypi/rp2040/dcd_rp2040.c.obj
 .rodata.dcd_int_enable.str1.4
                0x10008714        0xc CMakeFiles/picoTestProject.dir/D_/Pico/pico-sdk/lib/tinyusb/src/portable/raspberrypi/rp2040/dcd_rp2040.c.obj
 .rodata.__func__.0
                0x10008720        0xe CMakeFiles/picoTestProject.dir/D_/Pico/pico-sdk/lib/tinyusb/src/portable/raspberrypi/rp2040/dcd_rp2040.c.obj
 *fill*         0x1000872e        0x2 
 .rodata.__func__.1
                0x10008730        0xe CMakeFiles/picoTestProject.dir/D_/Pico/pico-sdk/lib/tinyusb/src/portable/raspberrypi/rp2040/dcd_rp2040.c.obj
 *fill*         0x1000873e        0x2 
 .rodata.__func__.5
                0x10008740        0xf CMakeFiles/picoTestProject.dir/D_/Pico/pico-sdk/lib/tinyusb/src/portable/raspberrypi/rp2040/dcd_rp2040.c.obj
 *fill*         0x1000874f        0x1 
 .rodata.__func__.6
                0x10008750       0x13 CMakeFiles/picoTestProject.dir/D_/Pico/pico-sdk/lib/tinyusb/src/portable/raspberrypi/rp2040/dcd_rp2040.c.obj
 *fill*         0x10008763        0x1 
 .rodata.__func__.7
                0x10008764        0x9 CMakeFiles/picoTestProject.dir/D_/Pico/pico-sdk/lib/tinyusb/src/portable/raspberrypi/rp2040/dcd_rp2040.c.obj
 *fill*         0x1000876d        0x3 
 .rodata.str1.4
                0x10008770       0xdf CMakeFiles/picoTestProject.dir/D_/Pico/pico-sdk/lib/tinyusb/src/portable/raspberrypi/rp2040/rp2040_usb.c.obj
 *fill*         0x1000884f        0x1 
 .rodata.__func__.0
                0x10008850        0xf CMakeFiles/picoTestProject.dir/D_/Pico/pico-sdk/lib/tinyusb/src/portable/raspberrypi/rp2040/rp2040_usb.c.obj
 *fill*         0x1000885f        0x1 
 .rodata._usbd_driver
                0x10008860       0x30 CMakeFiles/picoTestProject.dir/D_/Pico/pico-sdk/lib/tinyusb/src/device/usbd.c.obj
 .rodata.str1.4
                0x10008890        0x4 CMakeFiles/picoTestProject.dir/D_/Pico/pico-sdk/lib/tinyusb/hw/bsp/rp2040/family.c.obj
 .rodata.__bi_142.0
                0x10008894        0xc CMakeFiles/picoTestProject.dir/D_/Pico/pico-sdk/lib/tinyusb/hw/bsp/rp2040/family.c.obj
 .rodata.__bi_152.1
                0x100088a0        0x8 CMakeFiles/picoTestProject.dir/D_/Pico/pico-sdk/lib/tinyusb/hw/bsp/rp2040/family.c.obj
                0x100088a8                . = ALIGN (0x4)
 *(SORT_BY_ALIGNMENT(SORT_BY_NAME(.flashdata*)))
                0x100088a8                . = ALIGN (0x4)

.ARM.extab
 *(.ARM.extab* .gnu.linkonce.armextab.*)
                0x100088a8                __exidx_start = .

.ARM.exidx
 *(.ARM.exidx* .gnu.linkonce.armexidx.*)
                0x100088a8                __exidx_end = .
                0x100088a8                . = ALIGN (0x4)
                0x100088a8                __binary_info_start = .

.binary_info    0x100088a8       0x24
 *(.binary_info.keep.*)
 .binary_info.keep.__bi_ptr22
                0x100088a8        0x4 CMakeFiles/picoTestProject.dir/D_/Pico/pico-sdk/src/rp2_common/pico_standard_link/binary_info.c.obj
 .binary_info.keep.__bi_ptr30
                0x100088ac        0x4 CMakeFiles/picoTestProject.dir/D_/Pico/pico-sdk/src/rp2_common/pico_standard_link/binary_info.c.obj
 .binary_info.keep.__bi_ptr38
                0x100088b0        0x4 CMakeFiles/picoTestProject.dir/D_/Pico/pico-sdk/src/rp2_common/pico_standard_link/binary_info.c.obj
 .binary_info.keep.__bi_ptr44
                0x100088b4        0x4 CMakeFiles/picoTestProject.dir/D_/Pico/pico-sdk/src/rp2_common/pico_standard_link/binary_info.c.obj
 .binary_info.keep.__bi_ptr50
                0x100088b8        0x4 CMakeFiles/picoTestProject.dir/D_/Pico/pico-sdk/src/rp2_common/pico_standard_link/binary_info.c.obj
 .binary_info.keep.__bi_ptr75
                0x100088bc        0x4 CMakeFiles/picoTestProject.dir/D_/Pico/pico-sdk/src/rp2_common/pico_standard_link/binary_info.c.obj
 .binary_info.keep.__bi_ptr81
                0x100088c0        0x4 CMakeFiles/picoTestProject.dir/D_/Pico/pico-sdk/src/rp2_common/pico_standard_link/binary_info.c.obj
 .binary_info.keep.__bi_ptr142
                0x100088c4        0x4 CMakeFiles/picoTestProject.dir/D_/Pico/pico-sdk/lib/tinyusb/hw/bsp/rp2040/family.c.obj
 .binary_info.keep.__bi_ptr152
                0x100088c8        0x4 CMakeFiles/picoTestProject.dir/D_/Pico/pico-sdk/lib/tinyusb/hw/bsp/rp2040/family.c.obj
 *(.binary_info.*)
                0x100088cc                __binary_info_end = .

.rel.dyn        0x100088cc        0x0
 .rel.iplt      0x100088cc        0x0 c:/users/28670/scoop/102021~1.10/bin/../lib/gcc/arm-none-eabi/10.3.1/thumb/v6-m/nofp/crtbegin.o
                0x100088cc                . = ALIGN (0x4)

.ram_vector_table
                0x20000000       0xc0
 *(.ram_vector_table)
 .ram_vector_table
                0x20000000       0xc0 CMakeFiles/picoTestProject.dir/D_/Pico/pico-sdk/src/rp2_common/pico_runtime/runtime.c.obj
                0x20000000                ram_vector_table

.data           0x200000c0      0xc08 load address 0x100088cc
                0x200000c0                __data_start__ = .
 *(vtable)
 *(.time_critical*)
 .time_critical.mutex_try_enter
                0x200000c0       0x46 CMakeFiles/picoTestProject.dir/D_/Pico/pico-sdk/src/common/pico_sync/mutex.c.obj
                0x200000c0                mutex_try_enter
 *fill*         0x20000106        0x2 
 .time_critical.mutex_enter_block_until
                0x20000108       0x8c CMakeFiles/picoTestProject.dir/D_/Pico/pico-sdk/src/common/pico_sync/mutex.c.obj
                0x20000108                mutex_enter_block_until
 .time_critical.mutex_try_enter_block_until
                0x20000194       0x34 CMakeFiles/picoTestProject.dir/D_/Pico/pico-sdk/src/common/pico_sync/mutex.c.obj
                0x20000194                mutex_try_enter_block_until
 .time_critical.mutex_enter_timeout_ms
                0x200001c8       0x68 CMakeFiles/picoTestProject.dir/D_/Pico/pico-sdk/src/common/pico_sync/mutex.c.obj
                0x200001c8                mutex_enter_timeout_ms
 .time_critical.mutex_exit
                0x20000230       0x4c CMakeFiles/picoTestProject.dir/D_/Pico/pico-sdk/src/common/pico_sync/mutex.c.obj
                0x20000230                mutex_exit
 .time_critical.flash_init_boot2_copyout
                0x2000027c       0x30 CMakeFiles/picoTestProject.dir/D_/Pico/pico-sdk/src/rp2_common/hardware_flash/flash.c.obj
 .time_critical.flash_enable_xip_via_boot2
                0x200002ac       0x10 CMakeFiles/picoTestProject.dir/D_/Pico/pico-sdk/src/rp2_common/hardware_flash/flash.c.obj
 .time_critical.flash_cs_force
                0x200002bc       0x28 CMakeFiles/picoTestProject.dir/D_/Pico/pico-sdk/src/rp2_common/hardware_flash/flash.c.obj
 .time_critical.flash_do_cmd
                0x200002e4       0xd8 CMakeFiles/picoTestProject.dir/D_/Pico/pico-sdk/src/rp2_common/hardware_flash/flash.c.obj
                0x200002e4                flash_do_cmd
 .time_critical.reset_non_control_endpoints
                0x200003bc       0x40 CMakeFiles/picoTestProject.dir/D_/Pico/pico-sdk/lib/tinyusb/src/portable/raspberrypi/rp2040/dcd_rp2040.c.obj
 .time_critical.hw_handle_buff_status
                0x200003fc       0xa4 CMakeFiles/picoTestProject.dir/D_/Pico/pico-sdk/lib/tinyusb/src/portable/raspberrypi/rp2040/dcd_rp2040.c.obj
 .time_critical.dcd_rp2040_irq
                0x200004a0      0x1cc CMakeFiles/picoTestProject.dir/D_/Pico/pico-sdk/lib/tinyusb/src/portable/raspberrypi/rp2040/dcd_rp2040.c.obj
 .time_critical.e15_is_bulkin_ep
                0x2000066c       0x2c CMakeFiles/picoTestProject.dir/D_/Pico/pico-sdk/lib/tinyusb/src/portable/raspberrypi/rp2040/rp2040_usb.c.obj
 .time_critical.e15_is_critical_frame_period
                0x20000698       0x30 CMakeFiles/picoTestProject.dir/D_/Pico/pico-sdk/lib/tinyusb/src/portable/raspberrypi/rp2040/rp2040_usb.c.obj
 .time_critical.prepare_ep_buffer
                0x200006c8       0x70 CMakeFiles/picoTestProject.dir/D_/Pico/pico-sdk/lib/tinyusb/src/portable/raspberrypi/rp2040/rp2040_usb.c.obj
 .time_critical.sync_ep_buffer
                0x20000738       0x80 CMakeFiles/picoTestProject.dir/D_/Pico/pico-sdk/lib/tinyusb/src/portable/raspberrypi/rp2040/rp2040_usb.c.obj
 .time_critical._hw_endpoint_xfer_sync
                0x200007b8       0x28 CMakeFiles/picoTestProject.dir/D_/Pico/pico-sdk/lib/tinyusb/src/portable/raspberrypi/rp2040/rp2040_usb.c.obj
 .time_critical.hw_endpoint_reset_transfer
                0x200007e0        0xc CMakeFiles/picoTestProject.dir/D_/Pico/pico-sdk/lib/tinyusb/src/portable/raspberrypi/rp2040/rp2040_usb.c.obj
                0x200007e0                hw_endpoint_reset_transfer
 .time_critical._hw_endpoint_buffer_control_update32
                0x200007ec       0x58 CMakeFiles/picoTestProject.dir/D_/Pico/pico-sdk/lib/tinyusb/src/portable/raspberrypi/rp2040/rp2040_usb.c.obj
                0x200007ec                _hw_endpoint_buffer_control_update32
 .time_critical.hw_endpoint_start_next_buffer
                0x20000844       0x88 CMakeFiles/picoTestProject.dir/D_/Pico/pico-sdk/lib/tinyusb/src/portable/raspberrypi/rp2040/rp2040_usb.c.obj
                0x20000844                hw_endpoint_start_next_buffer
 .time_critical.hw_endpoint_xfer_continue
                0x200008cc       0x50 CMakeFiles/picoTestProject.dir/D_/Pico/pico-sdk/lib/tinyusb/src/portable/raspberrypi/rp2040/rp2040_usb.c.obj
                0x200008cc                hw_endpoint_xfer_continue
 .time_critical.tinyusb
                0x2000091c      0x204 CMakeFiles/picoTestProject.dir/D_/Pico/pico-sdk/lib/tinyusb/src/device/usbd.c.obj
                0x2000091c                dcd_event_handler
 *(.text*)
 .text          0x20000b20        0x4 c:/users/28670/scoop/102021~1.10/bin/../lib/gcc/arm-none-eabi/10.3.1/thumb/v6-m/nofp\libgcc.a(_dvmd_tls.o)
                0x20000b20                __aeabi_idiv0
                0x20000b20                __aeabi_ldiv0
 *fill*         0x20000b24        0x4 
 .text.__stub   0x20000b28       0x90 linker stubs
                0x20000bb8                . = ALIGN (0x4)
 *(.rodata*)
                0x20000bb8                . = ALIGN (0x4)
 *(.data*)
 .data.led0_blink_interval_ms
                0x20000bb8        0x4 CMakeFiles/picoTestProject.dir/main/main.c.obj
 .data.led1_blink_interval_ms
                0x20000bbc        0x4 CMakeFiles/picoTestProject.dir/main/main.c.obj
 .data.uxCriticalNesting
                0x20000bc0        0x4 CMakeFiles/picoTestProject.dir/FreeRTOS/port.c.obj
 .data.uxTopUsedPriority
                0x20000bc4        0x4 CMakeFiles/picoTestProject.dir/FreeRTOS/tasks.c.obj
                0x20000bc4                uxTopUsedPriority
 .data.default_alarm_pool
                0x20000bc8       0x18 CMakeFiles/picoTestProject.dir/D_/Pico/pico-sdk/src/common/pico_time/time.c.obj
 .data.default_alarm_pool_heap
                0x20000be0       0x10 CMakeFiles/picoTestProject.dir/D_/Pico/pico-sdk/src/common/pico_time/time.c.obj
 .data.striped_spin_lock_num
                0x20000bf0        0x1 CMakeFiles/picoTestProject.dir/D_/Pico/pico-sdk/src/rp2_common/hardware_sync/sync.c.obj
 *fill*         0x20000bf1        0x3 
 .data          0x20000bf4       0x48 CMakeFiles/picoTestProject.dir/D_/Pico/pico-sdk/src/rp2_common/hardware_irq/irq_handler_chain.S.obj
                0x20000bf4                irq_handler_chain_slots
                0x20000c24                irq_handler_chain_first_slot
                0x20000c2e                irq_handler_chain_remove_tail
 *fill*         0x20000c3c        0x4 
 .data.aeabi_bits_funcs
                0x20000c40       0x10 CMakeFiles/picoTestProject.dir/D_/Pico/pico-sdk/src/rp2_common/pico_bit_ops/bit_ops_aeabi.S.obj
                0x20000c40                aeabi_bits_funcs
                0x20000c50                aeabi_bits_funcs_end
 .data.aeabi_mem_funcs
                0x20000c50       0x10 CMakeFiles/picoTestProject.dir/D_/Pico/pico-sdk/src/rp2_common/pico_mem_ops/mem_ops_aeabi.S.obj
                0x20000c50                aeabi_mem_funcs
                0x20000c60                aeabi_mem_funcs_end
 .data.stdio_uart
                0x20000c60       0x18 CMakeFiles/picoTestProject.dir/D_/Pico/pico-sdk/src/rp2_common/pico_stdio_uart/stdio_uart.c.obj
                0x20000c60                stdio_uart
 .data.ep_dir_string
                0x20000c78        0x8 CMakeFiles/picoTestProject.dir/D_/Pico/pico-sdk/lib/tinyusb/src/portable/raspberrypi/rp2040/rp2040_usb.c.obj
                0x20000c78                ep_dir_string
 .data._usbd_qdef
                0x20000c80       0x1c CMakeFiles/picoTestProject.dir/D_/Pico/pico-sdk/lib/tinyusb/src/device/usbd.c.obj
                0x20000c80                _usbd_qdef
 .data._usbd_rhport
                0x20000c9c        0x1 CMakeFiles/picoTestProject.dir/D_/Pico/pico-sdk/lib/tinyusb/src/device/usbd.c.obj
                0x20000ca0                . = ALIGN (0x4)
 *fill*         0x20000c9d        0x3 
 *(.after_data.*)
                0x20000ca0                . = ALIGN (0x4)
                0x20000ca0                PROVIDE (__mutex_array_start = .)
 *(SORT_BY_NAME(.mutex_array.*))
 *(.mutex_array)
 .mutex_array   0x20000ca0        0x8 CMakeFiles/picoTestProject.dir/D_/Pico/pico-sdk/src/rp2_common/pico_malloc/pico_malloc.c.obj
 .mutex_array   0x20000ca8        0x8 CMakeFiles/picoTestProject.dir/D_/Pico/pico-sdk/src/rp2_common/pico_stdio/stdio.c.obj
                0x20000cb0                PROVIDE (__mutex_array_end = .)
                0x20000cb0                . = ALIGN (0x4)
                0x20000cb0                PROVIDE (__preinit_array_start = .)
 *(SORT_BY_NAME(.preinit_array.*))
 .preinit_array.00001
                0x20000cb0        0x4 CMakeFiles/picoTestProject.dir/D_/Pico/pico-sdk/src/rp2_common/pico_mem_ops/mem_ops_aeabi.S.obj
 .preinit_array.00010
                0x20000cb4        0x4 CMakeFiles/picoTestProject.dir/D_/Pico/pico-sdk/src/rp2_common/pico_bit_ops/bit_ops_aeabi.S.obj
 .preinit_array.00020
                0x20000cb8        0x4 CMakeFiles/picoTestProject.dir/D_/Pico/pico-sdk/src/rp2_common/pico_double/double_aeabi.S.obj
 .preinit_array.00020
                0x20000cbc        0x4 CMakeFiles/picoTestProject.dir/D_/Pico/pico-sdk/src/rp2_common/pico_float/float_aeabi.S.obj
 *(.preinit_array)
                0x20000cc0                PROVIDE (__preinit_array_end = .)
                0x20000cc0                . = ALIGN (0x4)
                0x20000cc0                PROVIDE (__init_array_start = .)
 *(SORT_BY_NAME(.init_array.*))
 *(.init_array)
 .init_array    0x20000cc0        0x4 c:/users/28670/scoop/102021~1.10/bin/../lib/gcc/arm-none-eabi/10.3.1/thumb/v6-m/nofp/crtbegin.o
 .init_array    0x20000cc4        0x4 CMakeFiles/picoTestProject.dir/D_/Pico/pico-sdk/src/rp2_common/pico_unique_id/unique_id.c.obj
                0x20000cc8                PROVIDE (__init_array_end = .)
                0x20000cc8                . = ALIGN (0x4)
                [!provide]                PROVIDE (__fini_array_start = .)
 *(SORT_BY_NAME(.fini_array.*))
 *(.fini_array)
                [!provide]                PROVIDE (__fini_array_end = .)
 *(.jcr)
                0x20000cc8                . = ALIGN (0x4)
                0x20000cc8                __data_end__ = .
                0x100088cc                __etext = LOADADDR (.data)

.igot.plt       0x20000cc8        0x0 load address 0x100094d4
 .igot.plt      0x20000cc8        0x0 c:/users/28670/scoop/102021~1.10/bin/../lib/gcc/arm-none-eabi/10.3.1/thumb/v6-m/nofp/crtbegin.o

.uninitialized_data
                0x20000cc8        0x0 load address 0x100094d4
                0x20000cc8                . = ALIGN (0x4)
 *(.uninitialized_data*)

.scratch_x      0x20040000        0x0 load address 0x100094d4
                0x20040000                __scratch_x_start__ = .
 *(.scratch_x.*)
                0x20040000                . = ALIGN (0x4)
                0x20040000                __scratch_x_end__ = .
                0x100094d4                __scratch_x_source__ = LOADADDR (.scratch_x)

.scratch_y      0x20041000        0x0 load address 0x100094d4
                0x20041000                __scratch_y_start__ = .
 *(.scratch_y.*)
                0x20041000                . = ALIGN (0x4)
                0x20041000                __scratch_y_end__ = .
                0x100094d4                __scratch_y_source__ = LOADADDR (.scratch_y)

.bss            0x20000cc8    0x10a1c
                0x20000cc8                . = ALIGN (0x4)
                0x20000cc8                __bss_start__ = .
 *(SORT_BY_ALIGNMENT(SORT_BY_NAME(.bss*)))
 .bss.default_alarm_pool_entries
                0x20000cc8      0x100 CMakeFiles/picoTestProject.dir/D_/Pico/pico-sdk/src/common/pico_time/time.c.obj
 .bss           0x20000dc8       0x1c c:/users/28670/scoop/102021~1.10/bin/../lib/gcc/arm-none-eabi/10.3.1/thumb/v6-m/nofp/crtbegin.o
 .bss.UserTxBufferFS
                0x20000de4      0x800 CMakeFiles/picoTestProject.dir/main/main.c.obj
                0x20000de4                UserTxBufferFS
 .bss._app_driver
                0x200015e4        0x4 CMakeFiles/picoTestProject.dir/D_/Pico/pico-sdk/lib/tinyusb/src/device/usbd.c.obj
 .bss._cdcd_itf
                0x200015e8     0x3088 CMakeFiles/picoTestProject.dir/D_/Pico/pico-sdk/lib/tinyusb/src/class/cdc/cdc_device.c.obj
 .bss._ctrl_xfer
                0x20004670       0x14 CMakeFiles/picoTestProject.dir/D_/Pico/pico-sdk/lib/tinyusb/src/device/usbd_control.c.obj
 .bss._ubsd_mutexdef
                0x20004684        0x8 CMakeFiles/picoTestProject.dir/D_/Pico/pico-sdk/lib/tinyusb/src/device/usbd.c.obj
 .bss._usbd_ctrl_buf
                0x2000468c       0x40 CMakeFiles/picoTestProject.dir/D_/Pico/pico-sdk/lib/tinyusb/src/device/usbd_control.c.obj
 .bss._usbd_dev
                0x200046cc       0x53 CMakeFiles/picoTestProject.dir/D_/Pico/pico-sdk/lib/tinyusb/src/device/usbd.c.obj
 *fill*         0x2000471f        0x1 
 .bss._usbd_mutex
                0x20004720        0x4 CMakeFiles/picoTestProject.dir/D_/Pico/pico-sdk/lib/tinyusb/src/device/usbd.c.obj
 .bss._usbd_q   0x20004724        0x4 CMakeFiles/picoTestProject.dir/D_/Pico/pico-sdk/lib/tinyusb/src/device/usbd.c.obj
 .bss._usbd_qdef_buf
                0x20004728       0xc0 CMakeFiles/picoTestProject.dir/D_/Pico/pico-sdk/lib/tinyusb/src/device/usbd.c.obj
                0x20004728                _usbd_qdef_buf
 .bss._vendord_itf
                0x200047e8      0x13c CMakeFiles/picoTestProject.dir/D_/Pico/pico-sdk/lib/tinyusb/src/class/vendor/vendor_device.c.obj
 .bss.alarm_callbacks
                0x20004924       0x10 CMakeFiles/picoTestProject.dir/D_/Pico/pico-sdk/src/rp2_common/hardware_timer/timer.c.obj
 .bss.boot2_copyout
                0x20004934      0x100 CMakeFiles/picoTestProject.dir/D_/Pico/pico-sdk/src/rp2_common/hardware_flash/flash.c.obj
 .bss.chars_available_callback
                0x20004a34        0x4 CMakeFiles/picoTestProject.dir/D_/Pico/pico-sdk/src/rp2_common/pico_stdio_uart/stdio_uart.c.obj
 .bss.chars_available_param
                0x20004a38        0x4 CMakeFiles/picoTestProject.dir/D_/Pico/pico-sdk/src/rp2_common/pico_stdio_uart/stdio_uart.c.obj
 .bss.claimed   0x20004a3c        0x4 CMakeFiles/picoTestProject.dir/D_/Pico/pico-sdk/src/rp2_common/hardware_sync/sync.c.obj
 .bss.configured_freq
                0x20004a40       0x28 CMakeFiles/picoTestProject.dir/D_/Pico/pico-sdk/src/rp2_common/hardware_clocks/clocks.c.obj
 .bss.databuf   0x20004a68      0x100 CMakeFiles/picoTestProject.dir/main/main.c.obj
                0x20004a68                databuf
 .bss.default_alarm_pool_entry_ids_high
                0x20004b68       0x10 CMakeFiles/picoTestProject.dir/D_/Pico/pico-sdk/src/common/pico_time/time.c.obj
 .bss.default_alarm_pool_heap_nodes
                0x20004b78       0x30 CMakeFiles/picoTestProject.dir/D_/Pico/pico-sdk/src/common/pico_time/time.c.obj
 .bss.drivers   0x20004ba8        0x4 CMakeFiles/picoTestProject.dir/D_/Pico/pico-sdk/src/rp2_common/pico_stdio/stdio.c.obj
 .bss.e15_last_sof
                0x20004bac        0x4 CMakeFiles/picoTestProject.dir/D_/Pico/pico-sdk/lib/tinyusb/src/portable/raspberrypi/rp2040/rp2040_usb.c.obj
                0x20004bac                e15_last_sof
 .bss.filter    0x20004bb0        0x4 CMakeFiles/picoTestProject.dir/D_/Pico/pico-sdk/src/rp2_common/pico_stdio/stdio.c.obj
 .bss.hw_endpoints
                0x20004bb4      0x400 CMakeFiles/picoTestProject.dir/D_/Pico/pico-sdk/lib/tinyusb/src/portable/raspberrypi/rp2040/dcd_rp2040.c.obj
 .bss.next_buffer_ptr
                0x20004fb4        0x4 CMakeFiles/picoTestProject.dir/D_/Pico/pico-sdk/lib/tinyusb/src/portable/raspberrypi/rp2040/dcd_rp2040.c.obj
 .bss.pools     0x20004fb8       0x10 CMakeFiles/picoTestProject.dir/D_/Pico/pico-sdk/src/common/pico_time/time.c.obj
 .bss.pxCurrentTCB
                0x20004fc8        0x4 CMakeFiles/picoTestProject.dir/FreeRTOS/tasks.c.obj
                0x20004fc8                pxCurrentTCB
 .bss.pxCurrentTimerList
                0x20004fcc        0x4 CMakeFiles/picoTestProject.dir/FreeRTOS/timers.c.obj
 .bss.pxDelayedTaskList
                0x20004fd0        0x4 CMakeFiles/picoTestProject.dir/FreeRTOS/tasks.c.obj
 .bss.pxEnd     0x20004fd4        0x4 CMakeFiles/picoTestProject.dir/FreeRTOS/heap_4.c.obj
 .bss.pxOverflowDelayedTaskList