Archive member included to satisfy reference by file (symbol)

c:/users/28670/scoop/102021~1.10/bin/../lib/gcc/arm-none-eabi/10.3.1/thumb/v6-m/nofp\libgcc.a(_dvmd_tls.o)
                              CMakeFiles/picoTestProject.dir/D_/Pico/pico-sdk/src/rp2_common/pico_divider/divider.S.obj (__aeabi_idiv0)
c:/users/28670/scoop/102021~1.10/bin/../lib/gcc/arm-none-eabi/10.3.1/../../../../arm-none-eabi/lib/thumb/v6-m/nofp\libg.a(lib_a-calloc.o)
                              CMakeFiles/picoTestProject.dir/D_/Pico/pico-sdk/src/rp2_common/pico_malloc/pico_malloc.c.obj (calloc)
c:/users/28670/scoop/102021~1.10/bin/../lib/gcc/arm-none-eabi/10.3.1/../../../../arm-none-eabi/lib/thumb/v6-m/nofp\libg.a(lib_a-callocr.o)
                              c:/users/28670/scoop/102021~1.10/bin/../lib/gcc/arm-none-eabi/10.3.1/../../../../arm-none-eabi/lib/thumb/v6-m/nofp\libg.a(lib_a-calloc.o) (_calloc_r)
c:/users/28670/scoop/102021~1.10/bin/../lib/gcc/arm-none-eabi/10.3.1/../../../../arm-none-eabi/lib/thumb/v6-m/nofp\libg.a(lib_a-errno.o)
                              c:/users/28670/scoop/102021~1.10/bin/../lib/gcc/arm-none-eabi/10.3.1/../../../../arm-none-eabi/lib/thumb/v6-m/nofp\libg.a(lib_a-callocr.o) (__errno)
c:/users/28670/scoop/102021~1.10/bin/../lib/gcc/arm-none-eabi/10.3.1/../../../../arm-none-eabi/lib/thumb/v6-m/nofp\libg.a(lib_a-impure.o)
                              c:/users/28670/scoop/102021~1.10/bin/../lib/gcc/arm-none-eabi/10.3.1/../../../../arm-none-eabi/lib/thumb/v6-m/nofp\libg.a(lib_a-calloc.o) (_impure_ptr)
c:/users/28670/scoop/102021~1.10/bin/../lib/gcc/arm-none-eabi/10.3.1/../../../../arm-none-eabi/lib/thumb/v6-m/nofp\libg.a(lib_a-init.o)
                              c:/users/28670/scoop/102021~1.10/bin/../lib/gcc/arm-none-eabi/10.3.1/../../../../arm-none-eabi/lib/thumb/v6-m/nofp/crt0.o (__libc_init_array)
c:/users/28670/scoop/102021~1.10/bin/../lib/gcc/arm-none-eabi/10.3.1/../../../../arm-none-eabi/lib/thumb/v6-m/nofp\libg.a(lib_a-malloc.o)
                              CMakeFiles/picoTestProject.dir/D_/Pico/pico-sdk/src/rp2_common/pico_malloc/pico_malloc.c.obj (malloc)
c:/users/28670/scoop/102021~1.10/bin/../lib/gcc/arm-none-eabi/10.3.1/../../../../arm-none-eabi/lib/thumb/v6-m/nofp\libg.a(lib_a-mallocr.o)
                              c:/users/28670/scoop/102021~1.10/bin/../lib/gcc/arm-none-eabi/10.3.1/../../../../arm-none-eabi/lib/thumb/v6-m/nofp\libg.a(lib_a-callocr.o) (_malloc_r)
c:/users/28670/scoop/102021~1.10/bin/../lib/gcc/arm-none-eabi/10.3.1/../../../../arm-none-eabi/lib/thumb/v6-m/nofp\libg.a(lib_a-mlock.o)
                              c:/users/28670/scoop/102021~1.10/bin/../lib/gcc/arm-none-eabi/10.3.1/../../../../arm-none-eabi/lib/thumb/v6-m/nofp\libg.a(lib_a-mallocr.o) (__malloc_lock)
c:/users/28670/scoop/102021~1.10/bin/../lib/gcc/arm-none-eabi/10.3.1/../../../../arm-none-eabi/lib/thumb/v6-m/nofp\libg.a(lib_a-realloc.o)
                              CMakeFiles/picoTestProject.dir/D_/Pico/pico-sdk/src/rp2_common/pico_malloc/pico_malloc.c.obj (realloc)
c:/users/28670/scoop/102021~1.10/bin/../lib/gcc/arm-none-eabi/10.3.1/../../../../arm-none-eabi/lib/thumb/v6-m/nofp\libg.a(lib_a-reallocr.o)
                              c:/users/28670/scoop/102021~1.10/bin/../lib/gcc/arm-none-eabi/10.3.1/../../../../arm-none-eabi/lib/thumb/v6-m/nofp\libg.a(lib_a-realloc.o) (_realloc_r)
c:/users/28670/scoop/102021~1.10/bin/../lib/gcc/arm-none-eabi/10.3.1/../../../../arm-none-eabi/lib/thumb/v6-m/nofp\libg.a(lib_a-sbrkr.o)
                              c:/users/28670/scoop/102021~1.10/bin/../lib/gcc/arm-none-eabi/10.3.1/../../../../arm-none-eabi/lib/thumb/v6-m/nofp\libg.a(lib_a-mallocr.o) (_sbrk_r)
c:/users/28670/scoop/102021~1.10/bin/../lib/gcc/arm-none-eabi/10.3.1/../../../../arm-none-eabi/lib/thumb/v6-m/nofp\libg.a(lib_a-strlen-stub.o)
                              CMakeFiles/picoTestProject.dir/main/usb_descriptors.c.obj (strlen)
c:/users/28670/scoop/102021~1.10/bin/../lib/gcc/arm-none-eabi/10.3.1/../../../../arm-none-eabi/lib/thumb/v6-m/nofp\libg.a(lib_a-freer.o)
                              c:/users/28670/scoop/102021~1.10/bin/../lib/gcc/arm-none-eabi/10.3.1/../../../../arm-none-eabi/lib/thumb/v6-m/nofp\libg.a(lib_a-malloc.o) (_free_r)
c:/users/28670/scoop/102021~1.10/bin/../lib/gcc/arm-none-eabi/10.3.1/../../../../arm-none-eabi/lib/thumb/v6-m/nofp\libg.a(lib_a-lock.o)
                              c:/users/28670/scoop/102021~1.10/bin/../lib/gcc/arm-none-eabi/10.3.1/../../../../arm-none-eabi/lib/thumb/v6-m/nofp\libg.a(lib_a-mlock.o) (__retarget_lock_acquire_recursive)
c:/users/28670/scoop/102021~1.10/bin/../lib/gcc/arm-none-eabi/10.3.1/../../../../arm-none-eabi/lib/thumb/v6-m/nofp\libg.a(lib_a-memmove.o)
                              c:/users/28670/scoop/102021~1.10/bin/../lib/gcc/arm-none-eabi/10.3.1/../../../../arm-none-eabi/lib/thumb/v6-m/nofp\libg.a(lib_a-reallocr.o) (memmove)
[...]
Memory Configuration

Name             Origin             Length             Attributes
FLASH            0x10000000         0x00200000         xr
RAM              0x20000000         0x00040000         xrw
SCRATCH_X        0x20040000         0x00001000         xrw
SCRATCH_Y        0x20041000         0x00001000         xrw
*default*        0x00000000         0xffffffff

Linker script and memory map

LOAD c:/users/28670/scoop/102021~1.10/bin/../lib/gcc/arm-none-eabi/10.3.1/thumb/v6-m/nofp/crti.o
LOAD c:/users/28670/scoop/102021~1.10/bin/../lib/gcc/arm-none-eabi/10.3.1/thumb/v6-m/nofp/crtbegin.o
LOAD c:/users/28670/scoop/102021~1.10/bin/../lib/gcc/arm-none-eabi/10.3.1/../../../../arm-none-eabi/lib/thumb/v6-m/nofp/crt0.o

.flash_begin    0x10000000        0x0
                0x10000000                __flash_binary_start = .

.boot2          0x10000000      0x100
                0x10000000                __boot2_start__ = .
 *(.boot2)
 .boot2         0x10000000      0x100 C:\Users\28670\AppData\Local\Temp\ccC4DRDq.o
                0x10000100                __boot2_end__ = .
                0x00000001                ASSERT (((__boot2_end__ - __boot2_start__) == 0x100), ERROR: Pico second stage bootloader must be 256 bytes in size)

.text           0x10000100     0x7458
                0x10000100                __logical_binary_start = .
 *(.vectors)
 .vectors       0x10000100       0xd4 CMakeFiles/picoTestProject.dir/D_/Pico/pico-sdk/src/rp2_common/pico_standard_link/crt0.S.obj
                0x10000100                __VECTOR_TABLE
                0x10000100                __vectors
                0x100001c0                isr_invalid
                0x100001c0                __default_isrs_start
                0x100001c2                isr_nmi
                0x100001c4                isr_hardfault
                0x100001c6                isr_svcall
                0x100001c8                isr_pendsv
                0x100001ca                isr_systick
                0x100001cc                isr_irq23
                0x100001cc                isr_irq18
                0x100001cc                isr_irq11
                0x100001cc                isr_irq28
                0x100001cc                isr_irq19
                0x100001cc                isr_irq0
                0x100001cc                isr_irq6
                0x100001cc                isr_irq5
                0x100001cc                isr_irq12
                0x100001cc                isr_irq22
                0x100001cc                isr_irq31
                0x100001cc                isr_irq17
                0x100001cc                isr_irq27
                0x100001cc                isr_irq30
                0x100001cc                isr_irq2
                0x100001cc                isr_irq10
                0x100001cc                isr_irq8
                0x100001cc                isr_irq24
                0x100001cc                isr_irq1
                0x100001cc                isr_irq7
                0x100001cc                isr_irq21
                0x100001cc                isr_irq20
                0x100001cc                isr_irq15
                0x100001cc                isr_irq25
                0x100001cc                isr_irq13
                0x100001cc                __unhandled_user_irq
                0x100001cc                isr_irq4
                0x100001cc                isr_irq16
                0x100001cc                isr_irq29
                0x100001cc                isr_irq26
                0x100001cc                __default_isrs_end
                0x100001cc                isr_irq3
                0x100001cc                isr_irq14
                0x100001cc                isr_irq9
                0x100001d2                unhandled_user_irq_num_in_r0
 *(.binary_info_header)
 .binary_info_header
                0x100001d4       0x14 CMakeFiles/picoTestProject.dir/D_/Pico/pico-sdk/src/rp2_common/pico_standard_link/crt0.S.obj
                0x100001e8                __binary_info_header_end = .
 *(.reset)
 .reset         0x100001e8       0xa0 CMakeFiles/picoTestProject.dir/D_/Pico/pico-sdk/src/rp2_common/pico_standard_link/crt0.S.obj
                0x100001e8                _entry_point
 .reset         0x10000288       0x30 CMakeFiles/picoTestProject.dir/D_/Pico/pico-sdk/src/rp2_common/pico_standard_link/binary_info.c.obj
 *(.init)
 .init          0x100002b8        0x4 c:/users/28670/scoop/102021~1.10/bin/../lib/gcc/arm-none-eabi/10.3.1/thumb/v6-m/nofp/crti.o
                0x100002b8                _init
 *(EXCLUDE_FILE(*libm.a: *libc.a:*lib_a-mem*.o *libgcc.a:) .text*)
 .text          0x100002bc       0x48 c:/users/28670/scoop/102021~1.10/bin/../lib/gcc/arm-none-eabi/10.3.1/thumb/v6-m/nofp/crtbegin.o
 .text.radar_gpio_init
                0x10000304       0x2e CMakeFiles/picoTestProject.dir/main/board.c.obj
                0x10000304                radar_gpio_init
 *fill*         0x10000332        0x2 
 .text.radar_uart_init
                0x10000334       0x24 CMakeFiles/picoTestProject.dir/main/board.c.obj
                0x10000334                radar_uart_init
 .text.uart_tx_DMA_init
                0x10000358       0xb8 CMakeFiles/picoTestProject.dir/main/board.c.obj
                0x10000358                uart_tx_DMA_init
 .text.uart_dma_send_blocking
                0x10000410       0x2c CMakeFiles/picoTestProject.dir/main/board.c.obj
                0x10000410                uart_dma_send_blocking
 .text.spi_slave_PIO_init
                0x1000043c      0x194 CMakeFiles/picoTestProject.dir/main/board.c.obj
                0x1000043c                spi_slave_PIO_init
 .text.PioDMAInit
                0x100005d0       0xe4 CMakeFiles/picoTestProject.dir/main/board.c.obj
                0x100005d0                PioDMAInit
 .text.pio_spi_dma_send_blocking
                0x100006b4       0x2c CMakeFiles/picoTestProject.dir/main/board.c.obj
                0x100006b4                pio_spi_dma_send_blocking
 .text.generate_data
                0x100006e0       0x14 CMakeFiles/picoTestProject.dir/main/main.c.obj
                0x100006e0                generate_data
 .text.led0_blinking_task
                0x100006f4       0x80 CMakeFiles/picoTestProject.dir/main/main.c.obj
                0x100006f4                led0_blinking_task
 .text.main     0x10000774       0x5c CMakeFiles/picoTestProject.dir/main/main.c.obj
                0x10000774                main
 .text.tud_vendor_control_xfer_cb
                0x100007d0       0xd0 CMakeFiles/picoTestProject.dir/main/main.c.obj
                0x100007d0                tud_vendor_control_xfer_cb
 .text.tud_mount_cb
                0x100008a0       0x18 CMakeFiles/picoTestProject.dir/main/main.c.obj
                0x100008a0                tud_mount_cb
 .text.tud_umount_cb
                0x100008b8       0x18 CMakeFiles/picoTestProject.dir/main/main.c.obj
                0x100008b8                tud_umount_cb
 .text.tud_cdc_line_state_cb
                0x100008d0       0x18 CMakeFiles/picoTestProject.dir/main/main.c.obj
                0x100008d0                tud_cdc_line_state_cb
 .text.rp2040_clock_133Mhz
                0x100008e8       0x5c CMakeFiles/picoTestProject.dir/main/rp2040_clock.c.obj
                0x100008e8                rp2040_clock_133Mhz
 .text.tud_descriptor_device_cb
                0x10000944        0x8 CMakeFiles/picoTestProject.dir/main/usb_descriptors.c.obj
                0x10000944                tud_descriptor_device_cb
 .text.tud_descriptor_configuration_cb
                0x1000094c        0x8 CMakeFiles/picoTestProject.dir/main/usb_descriptors.c.obj
                0x1000094c                tud_descriptor_configuration_cb
 .text.tud_descriptor_bos_cb
                0x10000954        0x8 CMakeFiles/picoTestProject.dir/main/usb_descriptors.c.obj
                0x10000954                tud_descriptor_bos_cb
 .text.tud_descriptor_string_cb
                0x1000095c       0x60 CMakeFiles/picoTestProject.dir/main/usb_descriptors.c.obj
                0x1000095c                tud_descriptor_string_cb
 .text.alarm_pool_post_alloc_init
                0x100009bc       0x40 CMakeFiles/picoTestProject.dir/D_/Pico/pico-sdk/src/common/pico_time/time.c.obj
 .text.sleep_until_callback
                0x100009fc       0x30 CMakeFiles/picoTestProject.dir/D_/Pico/pico-sdk/src/common/pico_time/time.c.obj
 .text.timer_pool_entry_comparator
                0x10000a2c       0x7c CMakeFiles/picoTestProject.dir/D_/Pico/pico-sdk/src/common/pico_time/time.c.obj
                0x10000a2c                timer_pool_entry_comparator
 .text.ph_add_child_node
                0x10000aa8       0xa4 CMakeFiles/picoTestProject.dir/D_/Pico/pico-sdk/src/common/pico_time/time.c.obj
 .text.ph_merge_nodes
                0x10000b4c       0x3e CMakeFiles/picoTestProject.dir/D_/Pico/pico-sdk/src/common/pico_time/time.c.obj
 *fill*         0x10000b8a        0x2 
 .text.add_alarm_under_lock
                0x10000b8c      0x174 CMakeFiles/picoTestProject.dir/D_/Pico/pico-sdk/src/common/pico_time/time.c.obj
 .text.alarm_pool_alarm_callback
                0x10000d00      0x33c CMakeFiles/picoTestProject.dir/D_/Pico/pico-sdk/src/common/pico_time/time.c.obj
 .text.alarm_pool_init_default
                0x1000103c       0x40 CMakeFiles/picoTestProject.dir/D_/Pico/pico-sdk/src/common/pico_time/time.c.obj
                0x1000103c                alarm_pool_init_default
 .text.alarm_pool_get_default
                0x1000107c       0x2c CMakeFiles/picoTestProject.dir/D_/Pico/pico-sdk/src/common/pico_time/time.c.obj
                0x1000107c                alarm_pool_get_default
 .text.alarm_pool_add_alarm_at
                0x100010a8      0x168 CMakeFiles/picoTestProject.dir/D_/Pico/pico-sdk/src/common/pico_time/time.c.obj
                0x100010a8                alarm_pool_add_alarm_at
 .text.alarm_pool_cancel_alarm
                0x10001210       0xf8 CMakeFiles/picoTestProject.dir/D_/Pico/pico-sdk/src/common/pico_time/time.c.obj
                0x10001210                alarm_pool_cancel_alarm
 .text.best_effort_wfe_or_timeout
                0x10001308       0xac CMakeFiles/picoTestProject.dir/D_/Pico/pico-sdk/src/common/pico_time/time.c.obj
                0x10001308                best_effort_wfe_or_timeout
 .text.hardware_alarm_irq_handler
                0x100013b4       0x90 CMakeFiles/picoTestProject.dir/D_/Pico/pico-sdk/src/rp2_common/hardware_timer/timer.c.obj
 .text.hardware_alarm_claim
                0x10001444       0x18 CMakeFiles/picoTestProject.dir/D_/Pico/pico-sdk/src/rp2_common/hardware_timer/timer.c.obj
                0x10001444                hardware_alarm_claim
 .text.time_us_64
                0x1000145c       0x18 CMakeFiles/picoTestProject.dir/D_/Pico/pico-sdk/src/rp2_common/hardware_timer/timer.c.obj
                0x1000145c                time_us_64
 .text.busy_wait_until
                0x10001474       0x28 CMakeFiles/picoTestProject.dir/D_/Pico/pico-sdk/src/rp2_common/hardware_timer/timer.c.obj
                0x10001474                busy_wait_until
 .text.busy_wait_us
                0x1000149c       0x48 CMakeFiles/picoTestProject.dir/D_/Pico/pico-sdk/src/rp2_common/hardware_timer/timer.c.obj
                0x1000149c                busy_wait_us
 .text.hardware_alarm_set_callback
                0x100014e4       0x90 CMakeFiles/picoTestProject.dir/D_/Pico/pico-sdk/src/rp2_common/hardware_timer/timer.c.obj
                0x100014e4                hardware_alarm_set_callback
 .text.hardware_alarm_set_target
                0x10001574       0xe8 CMakeFiles/picoTestProject.dir/D_/Pico/pico-sdk/src/rp2_common/hardware_timer/timer.c.obj
                0x10001574                hardware_alarm_set_target
 .text.hardware_alarm_cancel
                0x1000165c       0x40 CMakeFiles/picoTestProject.dir/D_/Pico/pico-sdk/src/rp2_common/hardware_timer/timer.c.obj
                0x1000165c                hardware_alarm_cancel
 .text.running_on_fpga
                0x1000169c       0x14 CMakeFiles/picoTestProject.dir/D_/Pico/pico-sdk/src/rp2_common/pico_platform/platform.c.obj
                0x1000169c                running_on_fpga
 .text.hw_claim_lock
                0x100016b0       0x18 CMakeFiles/picoTestProject.dir/D_/Pico/pico-sdk/src/rp2_common/hardware_claim/claim.c.obj
                0x100016b0                hw_claim_lock
 .text.hw_claim_unlock
                0x100016c8       0x14 CMakeFiles/picoTestProject.dir/D_/Pico/pico-sdk/src/rp2_common/hardware_claim/claim.c.obj
                0x100016c8                hw_claim_unlock
 .text.hw_claim_or_assert
                0x100016dc       0x32 CMakeFiles/picoTestProject.dir/D_/Pico/pico-sdk/src/rp2_common/hardware_claim/claim.c.obj
                0x100016dc                hw_claim_or_assert
 .text.hw_claim_unused_from_range
                0x1000170e       0x50 CMakeFiles/picoTestProject.dir/D_/Pico/pico-sdk/src/rp2_common/hardware_claim/claim.c.obj
                0x1000170e                hw_claim_unused_from_range
 *fill*         0x1000175e        0x2 
 .text.spin_locks_reset
                0x10001760       0x20 CMakeFiles/picoTestProject.dir/D_/Pico/pico-sdk/src/rp2_common/hardware_sync/sync.c.obj
                0x10001760                spin_locks_reset
 .text.next_striped_spin_lock_num
                0x10001780       0x1c CMakeFiles/picoTestProject.dir/D_/Pico/pico-sdk/src/rp2_common/hardware_sync/sync.c.obj
                0x10001780                next_striped_spin_lock_num
 .text.spin_lock_claim_unused
                0x1000179c       0x20 CMakeFiles/picoTestProject.dir/D_/Pico/pico-sdk/src/rp2_common/hardware_sync/sync.c.obj
                0x1000179c                spin_lock_claim_unused
 .text.set_raw_irq_handler_and_unlock
                0x100017bc       0x28 CMakeFiles/picoTestProject.dir/D_/Pico/pico-sdk/src/rp2_common/hardware_irq/irq.c.obj
 .text.make_branch
                0x100017e4       0x48 CMakeFiles/picoTestProject.dir/D_/Pico/pico-sdk/src/rp2_common/hardware_irq/irq.c.obj
 .text.insert_branch_and_link
                0x1000182c       0x40 CMakeFiles/picoTestProject.dir/D_/Pico/pico-sdk/src/rp2_common/hardware_irq/irq.c.obj
 .text.irq_is_enabled
                0x1000186c       0x18 CMakeFiles/picoTestProject.dir/D_/Pico/pico-sdk/src/rp2_common/hardware_irq/irq.c.obj
                0x1000186c                irq_is_enabled
 .text.irq_set_mask_enabled
                0x10001884       0x20 CMakeFiles/picoTestProject.dir/D_/Pico/pico-sdk/src/rp2_common/hardware_irq/irq.c.obj
                0x10001884                irq_set_mask_enabled
 .text.irq_set_enabled
                0x100018a4        0xe CMakeFiles/picoTestProject.dir/D_/Pico/pico-sdk/src/rp2_common/hardware_irq/irq.c.obj
                0x100018a4                irq_set_enabled
 *fill*         0x100018b2        0x2 
 .text.irq_get_vtable_handler
                0x100018b4       0x10 CMakeFiles/picoTestProject.dir/D_/Pico/pico-sdk/src/rp2_common/hardware_irq/irq.c.obj
                0x100018b4                irq_get_vtable_handler
 .text.irq_set_exclusive_handler
                0x100018c4       0x54 CMakeFiles/picoTestProject.dir/D_/Pico/pico-sdk/src/rp2_common/hardware_irq/irq.c.obj
                0x100018c4                irq_set_exclusive_handler
 .text.irq_add_shared_handler
                0x10001918      0x234 CMakeFiles/picoTestProject.dir/D_/Pico/pico-sdk/src/rp2_common/hardware_irq/irq.c.obj
                0x10001918                irq_add_shared_handler
 .text.irq_remove_handler
                0x10001b4c      0x1ac CMakeFiles/picoTestProject.dir/D_/Pico/pico-sdk/src/rp2_common/hardware_irq/irq.c.obj
                0x10001b4c                irq_remove_handler
 .text.irq_add_tail_to_free_list
                0x10001cf8       0xf0 CMakeFiles/picoTestProject.dir/D_/Pico/pico-sdk/src/rp2_common/hardware_irq/irq.c.obj
                0x10001cf8                irq_add_tail_to_free_list
 .text.irq_init_priorities
                0x10001de8       0x1c CMakeFiles/picoTestProject.dir/D_/Pico/pico-sdk/src/rp2_common/hardware_irq/irq.c.obj
                0x10001de8                irq_init_priorities
 .text.lock_init
                0x10001e04       0x10 CMakeFiles/picoTestProject.dir/D_/Pico/pico-sdk/src/common/pico_sync/lock_core.c.obj
                0x10001e04                lock_init
 .text.mutex_init
                0x10001e14       0x1a CMakeFiles/picoTestProject.dir/D_/Pico/pico-sdk/src/common/pico_sync/mutex.c.obj
                0x10001e14                mutex_init
 .text.recursive_mutex_init
                0x10001e2e       0x1e CMakeFiles/picoTestProject.dir/D_/Pico/pico-sdk/src/common/pico_sync/mutex.c.obj
                0x10001e2e                recursive_mutex_init
 .text.critical_section_init_with_lock_num
                0x10001e4c       0x14 CMakeFiles/picoTestProject.dir/D_/Pico/pico-sdk/src/common/pico_sync/critical_section.c.obj
                0x10001e4c                critical_section_init_with_lock_num
 .text.critical_section_init
                0x10001e60       0x14 CMakeFiles/picoTestProject.dir/D_/Pico/pico-sdk/src/common/pico_sync/critical_section.c.obj
                0x10001e60                critical_section_init
 .text.ph_add_child_node
                0x10001e74       0xa4 CMakeFiles/picoTestProject.dir/D_/Pico/pico-sdk/src/common/pico_util/pheap.c.obj
 .text.ph_merge_nodes
                0x10001f18       0x3e CMakeFiles/picoTestProject.dir/D_/Pico/pico-sdk/src/common/pico_util/pheap.c.obj
 *fill*         0x10001f56        0x2 
 .text.ph_clear
                0x10001f58       0x70 CMakeFiles/picoTestProject.dir/D_/Pico/pico-sdk/src/common/pico_util/pheap.c.obj
                0x10001f58                ph_clear
 .text.ph_post_alloc_init
                0x10001fc8        0xe CMakeFiles/picoTestProject.dir/D_/Pico/pico-sdk/src/common/pico_util/pheap.c.obj
                0x10001fc8                ph_post_alloc_init
 *fill*         0x10001fd6        0x2 
 .text.ph_merge_two_pass
                0x10001fd8       0xa8 CMakeFiles/picoTestProject.dir/D_/Pico/pico-sdk/src/common/pico_util/pheap.c.obj
                0x10001fd8                ph_merge_two_pass
 .text.ph_remove_any_head
                0x10002080      0x128 CMakeFiles/picoTestProject.dir/D_/Pico/pico-sdk/src/common/pico_util/pheap.c.obj
 .text.ph_remove_head
                0x100021a8       0x14 CMakeFiles/picoTestProject.dir/D_/Pico/pico-sdk/src/common/pico_util/pheap.c.obj
                0x100021a8                ph_remove_head
 .text.ph_remove_and_free_node
                0x100021bc       0xf8 CMakeFiles/picoTestProject.dir/D_/Pico/pico-sdk/src/common/pico_util/pheap.c.obj
                0x100021bc                ph_remove_and_free_node
 .text.clock_configure
                0x100022b4      0x108 CMakeFiles/picoTestProject.dir/D_/Pico/pico-sdk/src/rp2_common/hardware_clocks/clocks.c.obj
                0x100022b4                clock_configure
 .text.clocks_init
                0x100023bc      0x100 CMakeFiles/picoTestProject.dir/D_/Pico/pico-sdk/src/rp2_common/hardware_clocks/clocks.c.obj
                0x100023bc                clocks_init
 .text.clock_get_hz
                0x100024bc        0xc CMakeFiles/picoTestProject.dir/D_/Pico/pico-sdk/src/rp2_common/hardware_clocks/clocks.c.obj
                0x100024bc                clock_get_hz
 .text.gpio_set_function
                0x100024c8       0x30 CMakeFiles/picoTestProject.dir/D_/Pico/pico-sdk/src/rp2_common/hardware_gpio/gpio.c.obj
                0x100024c8                gpio_set_function
 .text.gpio_init
                0x100024f8       0x16 CMakeFiles/picoTestProject.dir/D_/Pico/pico-sdk/src/rp2_common/hardware_gpio/gpio.c.obj
                0x100024f8                gpio_init
 *fill*         0x1000250e        0x2 
 .text.pll_init
                0x10002510      0x120 CMakeFiles/picoTestProject.dir/D_/Pico/pico-sdk/src/rp2_common/hardware_pll/pll.c.obj
                0x10002510                pll_init
 .text.pll_deinit
                0x10002630        0x6 CMakeFiles/picoTestProject.dir/D_/Pico/pico-sdk/src/rp2_common/hardware_pll/pll.c.obj
                0x10002630                pll_deinit
 *fill*         0x10002636        0x2 
 .text.watchdog_start_tick
                0x10002638       0x10 CMakeFiles/picoTestProject.dir/D_/Pico/pico-sdk/src/rp2_common/hardware_watchdog/watchdog.c.obj
                0x10002638                watchdog_start_tick
 .text.xosc_init
                0x10002648       0x28 CMakeFiles/picoTestProject.dir/D_/Pico/pico-sdk/src/rp2_common/hardware_xosc/xosc.c.obj
                0x10002648                xosc_init
 .text.uart_disable_before_lcr_write
                0x10002670       0x48 CMakeFiles/picoTestProject.dir/D_/Pico/pico-sdk/src/rp2_common/hardware_uart/uart.c.obj
 .text.uart_write_lcr_bits_masked
                0x100026b8       0x22 CMakeFiles/picoTestProject.dir/D_/Pico/pico-sdk/src/rp2_common/hardware_uart/uart.c.obj
 *fill*         0x100026da        0x2 
 .text.uart_set_baudrate
                0x100026dc       0x5c CMakeFiles/picoTestProject.dir/D_/Pico/pico-sdk/src/rp2_common/hardware_uart/uart.c.obj
                0x100026dc                uart_set_baudrate
 .text.uart_set_format
                0x10002738       0x2c CMakeFiles/picoTestProject.dir/D_/Pico/pico-sdk/src/rp2_common/hardware_uart/uart.c.obj
                0x10002738                uart_set_format
 .text.uart_set_translate_crlf
                0x10002764       0x28 CMakeFiles/picoTestProject.dir/D_/Pico/pico-sdk/src/rp2_common/hardware_uart/uart.c.obj
                0x10002764                uart_set_translate_crlf
 .text.uart_init
                0x1000278c       0x80 CMakeFiles/picoTestProject.dir/D_/Pico/pico-sdk/src/rp2_common/hardware_uart/uart.c.obj
                0x1000278c                uart_init
 .text.flash_get_unique_id
                0x1000280c       0x46 CMakeFiles/picoTestProject.dir/D_/Pico/pico-sdk/src/rp2_common/hardware_flash/flash.c.obj
                0x1000280c                flash_get_unique_id
 .text.rom_func_lookup
                0x10002852       0x10 CMakeFiles/picoTestProject.dir/D_/Pico/pico-sdk/src/rp2_common/pico_bootrom/bootrom.c.obj
                0x10002852                rom_func_lookup
 .text.rom_data_lookup
                0x10002862       0x10 CMakeFiles/picoTestProject.dir/D_/Pico/pico-sdk/src/rp2_common/pico_bootrom/bootrom.c.obj
                0x10002862                rom_data_lookup
 .text.rom_funcs_lookup
                0x10002872       0x36 CMakeFiles/picoTestProject.dir/D_/Pico/pico-sdk/src/rp2_common/pico_bootrom/bootrom.c.obj
                0x10002872                rom_funcs_lookup
 .text._pio_can_add_program_at_offset
                0x100028a8       0x3c CMakeFiles/picoTestProject.dir/D_/Pico/pico-sdk/src/rp2_common/hardware_pio/pio.c.obj
 .text._pio_find_offset_for_program
                0x100028e4       0x7c CMakeFiles/picoTestProject.dir/D_/Pico/pico-sdk/src/rp2_common/hardware_pio/pio.c.obj
 .text._pio_add_program_at_offset
                0x10002960       0x78 CMakeFiles/picoTestProject.dir/D_/Pico/pico-sdk/src/rp2_common/hardware_pio/pio.c.obj
 .text.pio_claim_unused_sm
                0x100029d8       0x3c CMakeFiles/picoTestProject.dir/D_/Pico/pico-sdk/src/rp2_common/hardware_pio/pio.c.obj
                0x100029d8                pio_claim_unused_sm
 .text.pio_add_program
                0x10002a14       0x38 CMakeFiles/picoTestProject.dir/D_/Pico/pico-sdk/src/rp2_common/hardware_pio/pio.c.obj
                0x10002a14                pio_add_program
 .text.pio_sm_set_consecutive_pindirs
                0x10002a4c       0xa4 CMakeFiles/picoTestProject.dir/D_/Pico/pico-sdk/src/rp2_common/hardware_pio/pio.c.obj
                0x10002a4c                pio_sm_set_consecutive_pindirs
 .text.pio_sm_init
                0x10002af0       0xe4 CMakeFiles/picoTestProject.dir/D_/Pico/pico-sdk/src/rp2_common/hardware_pio/pio.c.obj
                0x10002af0                pio_sm_init
 .text.dma_claim_unused_channel
                0x10002bd4       0x20 CMakeFiles/picoTestProject.dir/D_/Pico/pico-sdk/src/rp2_common/hardware_dma/dma.c.obj
                0x10002bd4                dma_claim_unused_channel
 .text._exit    0x10002bf4        0x4 CMakeFiles/picoTestProject.dir/D_/Pico/pico-sdk/src/rp2_common/pico_runtime/runtime.c.obj
                0x10002bf4                _exit
 .text.exit     0x10002bf8        0x6 CMakeFiles/picoTestProject.dir/D_/Pico/pico-sdk/src/rp2_common/pico_runtime/runtime.c.obj
                0x10002bf8                exit
 *fill*         0x10002bfe        0x2 
 .text.__assert_func
                0x10002c00       0x3c CMakeFiles/picoTestProject.dir/D_/Pico/pico-sdk/src/rp2_common/pico_runtime/runtime.c.obj
                0x10002c00                __assert_func
 .text.runtime_init
                0x10002c3c       0xf8 CMakeFiles/picoTestProject.dir/D_/Pico/pico-sdk/src/rp2_common/pico_runtime/runtime.c.obj
                0x10002c3c                runtime_init
 .text.panic    0x10002d34       0x30 CMakeFiles/picoTestProject.dir/D_/Pico/pico-sdk/src/rp2_common/pico_runtime/runtime.c.obj
                0x10002d34                panic
 .text._out_null
                0x10002d64        0x2 CMakeFiles/picoTestProject.dir/D_/Pico/pico-sdk/src/rp2_common/pico_printf/printf.c.obj
 .text._out_fct
                0x10002d66        0xe CMakeFiles/picoTestProject.dir/D_/Pico/pico-sdk/src/rp2_common/pico_printf/printf.c.obj
 .text._atoi    0x10002d74       0x24 CMakeFiles/picoTestProject.dir/D_/Pico/pico-sdk/src/rp2_common/pico_printf/printf.c.obj
 .text._out_rev
                0x10002d98       0xae CMakeFiles/picoTestProject.dir/D_/Pico/pico-sdk/src/rp2_common/pico_printf/printf.c.obj
 .text._ntoa_format
                0x10002e46      0x112 CMakeFiles/picoTestProject.dir/D_/Pico/pico-sdk/src/rp2_common/pico_printf/printf.c.obj
 .text._ntoa_long
                0x10002f58       0xbc CMakeFiles/picoTestProject.dir/D_/Pico/pico-sdk/src/rp2_common/pico_printf/printf.c.obj
 .text._ntoa_long_long
                0x10003014       0xe2 CMakeFiles/picoTestProject.dir/D_/Pico/pico-sdk/src/rp2_common/pico_printf/printf.c.obj
 *fill*         0x100030f6        0x2 
 .text._etoa    0x100030f8      0x414 CMakeFiles/picoTestProject.dir/D_/Pico/pico-sdk/src/rp2_common/pico_printf/printf.c.obj
 .text._ftoa    0x1000350c      0x354 CMakeFiles/picoTestProject.dir/D_/Pico/pico-sdk/src/rp2_common/pico_printf/printf.c.obj
 .text._vsnprintf
                0x10003860      0x624 CMakeFiles/picoTestProject.dir/D_/Pico/pico-sdk/src/rp2_common/pico_printf/printf.c.obj
 .text.vfctprintf
                0x10003e84       0x20 CMakeFiles/picoTestProject.dir/D_/Pico/pico-sdk/src/rp2_common/pico_printf/printf.c.obj
                0x10003e84                vfctprintf
 .text          0x10003ea4       0x10 CMakeFiles/picoTestProject.dir/D_/Pico/pico-sdk/src/rp2_common/pico_bit_ops/bit_ops_aeabi.S.obj
 .text.__wrap___aeabi_idiv
                0x10003eb4       0x50 CMakeFiles/picoTestProject.dir/D_/Pico/pico-sdk/src/rp2_common/pico_divider/divider.S.obj
                0x10003eb4                __wrap___aeabi_idivmod
                0x10003eb4                divmod_s32s32
                0x10003eb4                div_s32s32
                0x10003eb4                __wrap___aeabi_idiv
                0x10003ebc                divmod_s32s32_unsafe
                0x10003ee8                divmod_s32s32_savestate
 .text.__wrap___aeabi_uidiv
                0x10003f04       0x4c CMakeFiles/picoTestProject.dir/D_/Pico/pico-sdk/src/rp2_common/pico_divider/divider.S.obj
                0x10003f04                __wrap___aeabi_uidiv
                0x10003f04                __wrap___aeabi_uidivmod
                0x10003f04                div_u32u32
                0x10003f04                divmod_u32u32
                0x10003f0c                divmod_u32u32_unsafe
                0x10003f34                divmod_u32u32_savestate
 .text.__wrap___aeabi_ldiv
                0x10003f50      0x424 CMakeFiles/picoTestProject.dir/D_/Pico/pico-sdk/src/rp2_common/pico_divider/divider.S.obj
                0x10003f50                div_s64s64
                0x10003f50                divmod_s64s64
                0x10003f50                __wrap___aeabi_ldivmod
                0x10003f80                divmod_u64u64
                0x10003f80                div_u64u64
                0x10003f80                __wrap___aeabi_uldivmod
                0x10003f90                divmod_u64u64_savestate
                0x10003fb0                divmod_s64s64_unsafe
                0x10004038                divmod_u64u64_unsafe
 .text.__wrap___aeabi_darithmetic
                0x10004374       0x80 CMakeFiles/picoTestProject.dir/D_/Pico/pico-sdk/src/rp2_common/pico_double/double_aeabi.S.obj
                0x10004374                __wrap___aeabi_drsub
                0x1000437a                __wrap___aeabi_dsub
                0x1000438c                __wrap___aeabi_dadd
                0x1000439e                __wrap___aeabi_ddiv
                0x100043da                __wrap___aeabi_dmul
 .text.__wrap___aeabi_cdcmple
                0x100043f4       0x6c CMakeFiles/picoTestProject.dir/D_/Pico/pico-sdk/src/rp2_common/pico_double/double_aeabi.S.obj
                0x100043f4                __wrap___aeabi_cdrcmple
                0x10004404                __wrap___aeabi_cdcmpeq
                0x10004404                __wrap___aeabi_cdcmple
 .text.__wrap___aeabi_dcmplt
                0x10004460        0xc CMakeFiles/picoTestProject.dir/D_/Pico/pico-sdk/src/rp2_common/pico_double/double_aeabi.S.obj
                0x10004460                __wrap___aeabi_dcmplt
 .text.__wrap___aeabi_dcmple
                0x1000446c       0x10 CMakeFiles/picoTestProject.dir/D_/Pico/pico-sdk/src/rp2_common/pico_double/double_aeabi.S.obj
                0x1000446c                __wrap___aeabi_dcmple
 .text.__wrap___aeabi_dcmpge
                0x1000447c       0x10 CMakeFiles/picoTestProject.dir/D_/Pico/pico-sdk/src/rp2_common/pico_double/double_aeabi.S.obj
                0x1000447c                __wrap___aeabi_dcmpge
 .text.__wrap___aeabi_dcmpgt
                0x1000448c        0xa CMakeFiles/picoTestProject.dir/D_/Pico/pico-sdk/src/rp2_common/pico_double/double_aeabi.S.obj
                0x1000448c                __wrap___aeabi_dcmpgt
 .text.__wrap___aeabi_dcmpun
                0x10004496       0x1c CMakeFiles/picoTestProject.dir/D_/Pico/pico-sdk/src/rp2_common/pico_double/double_aeabi.S.obj
                0x10004496                __wrap___aeabi_dcmpun
 *fill*         0x100044b2        0x2 
 .text.__wrap___aeabi_i2d
                0x100044b4       0x38 CMakeFiles/picoTestProject.dir/D_/Pico/pico-sdk/src/rp2_common/pico_double/double_aeabi.S.obj
                0x100044b4                __wrap___aeabi_ui2d
                0x100044bc                __wrap___aeabi_i2d
 .text.__wrap___aeabi_d2iz
                0x100044ec       0x48 CMakeFiles/picoTestProject.dir/D_/Pico/pico-sdk/src/rp2_common/pico_double/double_aeabi.S.obj
                0x100044ec                double2int_z
                0x100044ec                __wrap___aeabi_d2iz
 .text.__wrap___aeabi_d2uiz
                0x10004534       0x18 CMakeFiles/picoTestProject.dir/D_/Pico/pico-sdk/src/rp2_common/pico_double/double_aeabi.S.obj
                0x10004534                __wrap___aeabi_d2uiz
                0x10004534                double2uint
 .text.__aeabi_double_init
                0x1000454c       0xc8 CMakeFiles/picoTestProject.dir/D_/Pico/pico-sdk/src/rp2_common/pico_double/double_init_rom.c.obj
                0x1000454c                __aeabi_double_init
 .text.double_table_shim_on_use_helper
                0x10004614       0x34 CMakeFiles/picoTestProject.dir/D_/Pico/pico-sdk/src/rp2_common/pico_double/double_v1_rom_shim.S.obj
                0x10004614                double_table_shim_on_use_helper
 .text.__wrap___aeabi_dsub
                0x10004648       0x10 CMakeFiles/picoTestProject.dir/D_/Pico/pico-sdk/src/rp2_common/pico_double/double_v1_rom_shim.S.obj
                0x10004648                drsub_shim
                0x1000464e                dsub_shim
 .text.dadd_shim
                0x10004658      0x15c CMakeFiles/picoTestProject.dir/D_/Pico/pico-sdk/src/rp2_common/pico_double/double_v1_rom_shim.S.obj
                0x10004658                dadd_shim
 .text.dmul_shim
                0x100047b4      0x15c CMakeFiles/picoTestProject.dir/D_/Pico/pico-sdk/src/rp2_common/pico_double/double_v1_rom_shim.S.obj
                0x100047b4                dmul_shim
 .text.ddiv_shim
                0x10004910      0x1b0 CMakeFiles/picoTestProject.dir/D_/Pico/pico-sdk/src/rp2_common/pico_double/double_v1_rom_shim.S.obj
                0x10004910                ddiv_shim
 .text.double2uint_shim
                0x10004ac0        0xe CMakeFiles/picoTestProject.dir/D_/Pico/pico-sdk/src/rp2_common/pico_double/double_v1_rom_shim.S.obj
                0x10004ac0                double2uint_shim
                0x10004ac2                double2ufix_shim
 *fill*         0x10004ace        0x2 
 .text.double2uint64_shim
                0x10004ad0       0x70 CMakeFiles/picoTestProject.dir/D_/Pico/pico-sdk/src/rp2_common/pico_double/double_v1_rom_shim.S.obj
                0x10004ad0                double2uint64_shim
                0x10004ad2                double2ufix64_shim
                0x10004af2                d2fix_a
 .text.dunpacks
                0x10004b40       0x3c CMakeFiles/picoTestProject.dir/D_/Pico/pico-sdk/src/rp2_common/pico_double/double_v1_rom_shim.S.obj
                0x10004b40                dunpacks
 .text.__aeabi_lmul
                0x10004b7c       0x32 CMakeFiles/picoTestProject.dir/D_/Pico/pico-sdk/src/rp2_common/pico_int64_ops/pico_int64_ops_aeabi.S.obj
                0x10004b7c                __wrap___aeabi_lmul
 *fill*         0x10004bae        0x2 
 .text.__wrap___aeabi_farithmetic
                0x10004bb0       0x58 CMakeFiles/picoTestProject.dir/D_/Pico/pico-sdk/src/rp2_common/pico_float/float_aeabi.S.obj
                0x10004bb0                __wrap___aeabi_frsub
                0x10004bb6                __wrap___aeabi_fsub
                0x10004bc0                __wrap___aeabi_fadd
                0x10004bca                __wrap___aeabi_fdiv
                0x10004bf6                __wrap___aeabi_fmul
 .text.__wrap___aeabi_ui2f
                0x10004c08        0xa CMakeFiles/picoTestProject.dir/D_/Pico/pico-sdk/src/rp2_common/pico_float/float_aeabi.S.obj
                0x10004c08                __wrap___aeabi_ui2f
 *fill*         0x10004c12        0x2 
 .text.__wrap___aeabi_i2f
                0x10004c14       0x44 CMakeFiles/picoTestProject.dir/D_/Pico/pico-sdk/src/rp2_common/pico_float/float_aeabi.S.obj
                0x10004c14                __wrap___aeabi_i2f
 .text.__wrap___aeabi_f2uiz
                0x10004c58       0x10 CMakeFiles/picoTestProject.dir/D_/Pico/pico-sdk/src/rp2_common/pico_float/float_aeabi.S.obj
                0x10004c58                __wrap___aeabi_f2uiz
 .text.__aeabi_float_init
                0x10004c68       0xfc CMakeFiles/picoTestProject.dir/D_/Pico/pico-sdk/src/rp2_common/pico_float/float_init_rom.c.obj
                0x10004c68                __aeabi_float_init
 .text.float_table_shim_on_use_helper
                0x10004d64       0x34 CMakeFiles/picoTestProject.dir/D_/Pico/pico-sdk/src/rp2_common/pico_float/float_v1_rom_shim.S.obj
                0x10004d64                float_table_shim_on_use_helper
 .text          0x10004d98       0x10 CMakeFiles/picoTestProject.dir/D_/Pico/pico-sdk/src/rp2_common/pico_mem_ops/mem_ops_aeabi.S.obj
                0x10004d98                __aeabi_mem_init
 .text.memset   0x10004da8        0xc CMakeFiles/picoTestProject.dir/D_/Pico/pico-sdk/src/rp2_common/pico_mem_ops/mem_ops_aeabi.S.obj
                0x10004da8                __wrap_memset
 .text.memcpy   0x10004db4        0xc CMakeFiles/picoTestProject.dir/D_/Pico/pico-sdk/src/rp2_common/pico_mem_ops/mem_ops_aeabi.S.obj
                0x10004db4                __wrap_memcpy
                0x10004db4                __wrap___aeabi_memcpy
 .text.stdio_out_chars_no_crlf
                0x10004dc0        0xe CMakeFiles/picoTestProject.dir/D_/Pico/pico-sdk/src/rp2_common/pico_stdio/stdio.c.obj
 *fill*         0x10004dce        0x2 
 .text.stdio_out_chars_crlf
                0x10004dd0       0x80 CMakeFiles/picoTestProject.dir/D_/Pico/pico-sdk/src/rp2_common/pico_stdio/stdio.c.obj
 .text.stdio_stack_buffer_flush
                0x10004e50       0x44 CMakeFiles/picoTestProject.dir/D_/Pico/pico-sdk/src/rp2_common/pico_stdio/stdio.c.obj
 .text.stdio_buffered_printer
                0x10004e94       0x20 CMakeFiles/picoTestProject.dir/D_/Pico/pico-sdk/src/rp2_common/pico_stdio/stdio.c.obj
 .text.stdout_serialize_begin
                0x10004eb4       0x5c CMakeFiles/picoTestProject.dir/D_/Pico/pico-sdk/src/rp2_common/pico_stdio/stdio.c.obj
                0x10004eb4                stdout_serialize_begin
 .text.stdout_serialize_end
                0x10004f10       0x10 CMakeFiles/picoTestProject.dir/D_/Pico/pico-sdk/src/rp2_common/pico_stdio/stdio.c.obj
                0x10004f10                stdout_serialize_end
 .text.stdio_put_string
                0x10004f20       0x98 CMakeFiles/picoTestProject.dir/D_/Pico/pico-sdk/src/rp2_common/pico_stdio/stdio.c.obj
 .text.stdio_set_driver_enabled
                0x10004fb8       0x2c CMakeFiles/picoTestProject.dir/D_/Pico/pico-sdk/src/rp2_common/pico_stdio/stdio.c.obj
                0x10004fb8                stdio_set_driver_enabled
 .text.stdio_flush
                0x10004fe4       0x20 CMakeFiles/picoTestProject.dir/D_/Pico/pico-sdk/src/rp2_common/pico_stdio/stdio.c.obj
                0x10004fe4                stdio_flush
 .text.__wrap_puts
                0x10005004       0x1e CMakeFiles/picoTestProject.dir/D_/Pico/pico-sdk/src/rp2_common/pico_stdio/stdio.c.obj
                0x10005004                __wrap_puts
 *fill*         0x10005022        0x2 
 .text.__wrap_vprintf
                0x10005024       0x40 CMakeFiles/picoTestProject.dir/D_/Pico/pico-sdk/src/rp2_common/pico_stdio/stdio.c.obj
                0x10005024                __wrap_vprintf
 .text.__wrap_printf
                0x10005064       0x18 CMakeFiles/picoTestProject.dir/D_/Pico/pico-sdk/src/rp2_common/pico_stdio/stdio.c.obj
                0x10005064                __wrap_printf
 .text.stdio_uart_out_chars
                0x1000507c       0x74 CMakeFiles/picoTestProject.dir/D_/Pico/pico-sdk/src/rp2_common/pico_stdio_uart/stdio_uart.c.obj
 .text.stdio_uart_in_chars
                0x100050f0       0x80 CMakeFiles/picoTestProject.dir/D_/Pico/pico-sdk/src/rp2_common/pico_stdio_uart/stdio_uart.c.obj
                0x100050f0                stdio_uart_in_chars
 .text.on_uart_rx
                0x10005170       0x28 CMakeFiles/picoTestProject.dir/D_/Pico/pico-sdk/src/rp2_common/pico_stdio_uart/stdio_uart.c.obj
 .text.stdio_uart_set_chars_available_callback
                0x10005198       0x8c CMakeFiles/picoTestProject.dir/D_/Pico/pico-sdk/src/rp2_common/pico_stdio_uart/stdio_uart.c.obj
 .text.stdio_uart_init_full
                0x10005224       0x44 CMakeFiles/picoTestProject.dir/D_/Pico/pico-sdk/src/rp2_common/pico_stdio_uart/stdio_uart.c.obj
                0x10005224                stdio_uart_init_full
 .text._retrieve_unique_id_on_boot
                0x10005268       0x10 CMakeFiles/picoTestProject.dir/D_/Pico/pico-sdk/src/rp2_common/pico_unique_id/unique_id.c.obj
 .text.hw_endpoint_get_by_addr
                0x10005278       0x18 CMakeFiles/picoTestProject.dir/D_/Pico/pico-sdk/lib/tinyusb/src/portable/raspberrypi/rp2040/dcd_rp2040.c.obj
 .text._hw_endpoint_alloc
                0x10005290       0x70 CMakeFiles/picoTestProject.dir/D_/Pico/pico-sdk/lib/tinyusb/src/portable/raspberrypi/rp2040/dcd_rp2040.c.obj
 .text.hw_endpoint_init
                0x10005300       0x88 CMakeFiles/picoTestProject.dir/D_/Pico/pico-sdk/lib/tinyusb/src/portable/raspberrypi/rp2040/dcd_rp2040.c.obj
 .text.hw_endpoint_xfer
                0x10005388       0x14 CMakeFiles/picoTestProject.dir/D_/Pico/pico-sdk/lib/tinyusb/src/portable/raspberrypi/rp2040/dcd_rp2040.c.obj
 .text.dcd_int_enable
                0x1000539c       0x2c CMakeFiles/picoTestProject.dir/D_/Pico/pico-sdk/lib/tinyusb/src/portable/raspberrypi/rp2040/dcd_rp2040.c.obj
                0x1000539c                dcd_int_enable
 .text.dcd_set_address
                0x100053c8       0x2c CMakeFiles/picoTestProject.dir/D_/Pico/pico-sdk/lib/tinyusb/src/portable/raspberrypi/rp2040/dcd_rp2040.c.obj
                0x100053c8                dcd_set_address
 .text.dcd_connect
                0x100053f4       0x10 CMakeFiles/picoTestProject.dir/D_/Pico/pico-sdk/lib/tinyusb/src/portable/raspberrypi/rp2040/dcd_rp2040.c.obj
                0x100053f4                dcd_connect
 .text.dcd_init
                0x10005404       0x80 CMakeFiles/picoTestProject.dir/D_/Pico/pico-sdk/lib/tinyusb/src/portable/raspberrypi/rp2040/dcd_rp2040.c.obj
                0x10005404                dcd_init
 .text.dcd_edpt0_status_complete
                0x10005484       0x1c CMakeFiles/picoTestProject.dir/D_/Pico/pico-sdk/lib/tinyusb/src/portable/raspberrypi/rp2040/dcd_rp2040.c.obj
                0x10005484                dcd_edpt0_status_complete
 .text.dcd_edpt_open
                0x100054a0       0x40 CMakeFiles/picoTestProject.dir/D_/Pico/pico-sdk/lib/tinyusb/src/portable/raspberrypi/rp2040/dcd_rp2040.c.obj
                0x100054a0                dcd_edpt_open
 .text.dcd_edpt_close_all
                0x100054e0        0x8 CMakeFiles/picoTestProject.dir/D_/Pico/pico-sdk/lib/tinyusb/src/portable/raspberrypi/rp2040/dcd_rp2040.c.obj
                0x100054e0                dcd_edpt_close_all
 .text.dcd_edpt_xfer
                0x100054e8       0x34 CMakeFiles/picoTestProject.dir/D_/Pico/pico-sdk/lib/tinyusb/src/portable/raspberrypi/rp2040/dcd_rp2040.c.obj
                0x100054e8                dcd_edpt_xfer
 .text.dcd_edpt_stall
                0x1000551c       0x2c CMakeFiles/picoTestProject.dir/D_/Pico/pico-sdk/lib/tinyusb/src/portable/raspberrypi/rp2040/dcd_rp2040.c.obj
                0x1000551c                dcd_edpt_stall
 .text.dcd_edpt_clear_stall
                0x10005548       0x20 CMakeFiles/picoTestProject.dir/D_/Pico/pico-sdk/lib/tinyusb/src/portable/raspberrypi/rp2040/dcd_rp2040.c.obj
                0x10005548                dcd_edpt_clear_stall
 .text.rp2040_usb_init
                0x10005568       0x4c CMakeFiles/picoTestProject.dir/D_/Pico/pico-sdk/lib/tinyusb/src/portable/raspberrypi/rp2040/rp2040_usb.c.obj
                0x10005568                rp2040_usb_init
 .text.hw_endpoint_xfer_start
                0x100055b4       0x50 CMakeFiles/picoTestProject.dir/D_/Pico/pico-sdk/lib/tinyusb/src/portable/raspberrypi/rp2040/rp2040_usb.c.obj
                0x100055b4                hw_endpoint_xfer_start
 .text.configuration_reset
                0x10005604       0x88 CMakeFiles/picoTestProject.dir/D_/Pico/pico-sdk/lib/tinyusb/src/device/usbd.c.obj
 .text.usbd_reset
                0x1000568c        0xc CMakeFiles/picoTestProject.dir/D_/Pico/pico-sdk/lib/tinyusb/src/device/usbd.c.obj
 .text.invoke_class_control
                0x10005698       0x1a CMakeFiles/picoTestProject.dir/D_/Pico/pico-sdk/lib/tinyusb/src/device/usbd.c.obj
 *fill*         0x100056b2        0x2 
 .text.process_set_config
                0x100056b4      0x188 CMakeFiles/picoTestProject.dir/D_/Pico/pico-sdk/lib/tinyusb/src/device/usbd.c.obj
 .text.process_get_descriptor
                0x1000583c       0xdc CMakeFiles/picoTestProject.dir/D_/Pico/pico-sdk/lib/tinyusb/src/device/usbd.c.obj
 .text.tud_mounted
                0x10005918       0x10 CMakeFiles/picoTestProject.dir/D_/Pico/pico-sdk/lib/tinyusb/src/device/usbd.c.obj
                0x10005918                tud_mounted
 .text.tud_suspended
                0x10005928       0x10 CMakeFiles/picoTestProject.dir/D_/Pico/pico-sdk/lib/tinyusb/src/device/usbd.c.obj
                0x10005928                tud_suspended
 .text.tud_inited
                0x10005938       0x14 CMakeFiles/picoTestProject.dir/D_/Pico/pico-sdk/lib/tinyusb/src/device/usbd.c.obj
                0x10005938                tud_inited
 .text.tud_init
                0x1000594c       0xd0 CMakeFiles/picoTestProject.dir/D_/Pico/pico-sdk/lib/tinyusb/src/device/usbd.c.obj
                0x1000594c                tud_init
 .text.usbd_edpt_open
                0x10005a1c       0x34 CMakeFiles/picoTestProject.dir/D_/Pico/pico-sdk/lib/tinyusb/src/device/usbd.c.obj
                0x10005a1c                usbd_edpt_open
 .text.usbd_open_edpt_pair
                0x10005a50       0x62 CMakeFiles/picoTestProject.dir/D_/Pico/pico-sdk/lib/tinyusb/src/device/usbd.c.obj
                0x10005a50                usbd_open_edpt_pair
 *fill*         0x10005ab2        0x2 
 .text.usbd_edpt_claim
                0x10005ab4       0x28 CMakeFiles/picoTestProject.dir/D_/Pico/pico-sdk/lib/tinyusb/src/device/usbd.c.obj
                0x10005ab4                usbd_edpt_claim
 .text.usbd_edpt_release
                0x10005adc       0x28 CMakeFiles/picoTestProject.dir/D_/Pico/pico-sdk/lib/tinyusb/src/device/usbd.c.obj
                0x10005adc                usbd_edpt_release
 .text.usbd_edpt_xfer
                0x10005b04       0x78 CMakeFiles/picoTestProject.dir/D_/Pico/pico-sdk/lib/tinyusb/src/device/usbd.c.obj
                0x10005b04                usbd_edpt_xfer
 .text.usbd_edpt_busy
                0x10005b7c       0x1c CMakeFiles/picoTestProject.dir/D_/Pico/pico-sdk/lib/tinyusb/src/device/usbd.c.obj
                0x10005b7c                usbd_edpt_busy
 .text.usbd_edpt_stall
                0x10005b98       0x48 CMakeFiles/picoTestProject.dir/D_/Pico/pico-sdk/lib/tinyusb/src/device/usbd.c.obj
                0x10005b98                usbd_edpt_stall
 .text.usbd_edpt_clear_stall
                0x10005be0       0x48 CMakeFiles/picoTestProject.dir/D_/Pico/pico-sdk/lib/tinyusb/src/device/usbd.c.obj
                0x10005be0                usbd_edpt_clear_stall
 .text.usbd_edpt_stalled
                0x10005c28       0x1c CMakeFiles/picoTestProject.dir/D_/Pico/pico-sdk/lib/tinyusb/src/device/usbd.c.obj
                0x10005c28                usbd_edpt_stalled
 .text.process_control_request
                0x10005c44      0x378 CMakeFiles/picoTestProject.dir/D_/Pico/pico-sdk/lib/tinyusb/src/device/usbd.c.obj
 .text.tud_task_ext
                0x10005fbc      0x1b8 CMakeFiles/picoTestProject.dir/D_/Pico/pico-sdk/lib/tinyusb/src/device/usbd.c.obj
                0x10005fbc                tud_task_ext
 .text._data_stage_xact
                0x10006174       0x58 CMakeFiles/picoTestProject.dir/D_/Pico/pico-sdk/lib/tinyusb/src/device/usbd_control.c.obj
 .text.tud_control_status
                0x100061cc       0x38 CMakeFiles/picoTestProject.dir/D_/Pico/pico-sdk/lib/tinyusb/src/device/usbd_control.c.obj
                0x100061cc                tud_control_status
 .text.tud_control_xfer
                0x10006204       0x74 CMakeFiles/picoTestProject.dir/D_/Pico/pico-sdk/lib/tinyusb/src/device/usbd_control.c.obj
                0x10006204                tud_control_xfer
 .text.usbd_control_reset
                0x10006278       0x14 CMakeFiles/picoTestProject.dir/D_/Pico/pico-sdk/lib/tinyusb/src/device/usbd_control.c.obj
                0x10006278                usbd_control_reset
 .text.usbd_control_set_complete_callback
                0x1000628c        0xc CMakeFiles/picoTestProject.dir/D_/Pico/pico-sdk/lib/tinyusb/src/device/usbd_control.c.obj
                0x1000628c                usbd_control_set_complete_callback
 .text.usbd_control_set_request
                0x10006298       0x1c CMakeFiles/picoTestProject.dir/D_/Pico/pico-sdk/lib/tinyusb/src/device/usbd_control.c.obj
                0x10006298                usbd_control_set_request
 .text.usbd_control_xfer_cb
                0x100062b4       0xcc CMakeFiles/picoTestProject.dir/D_/Pico/pico-sdk/lib/tinyusb/src/device/usbd_control.c.obj
                0x100062b4                usbd_control_xfer_cb
 .text._prep_out_transaction
                0x10006380       0x58 CMakeFiles/picoTestProject.dir/D_/Pico/pico-sdk/lib/tinyusb/src/class/cdc/cdc_device.c.obj
 .text.tud_cdc_n_write_flush
                0x100063d8       0xb8 CMakeFiles/picoTestProject.dir/D_/Pico/pico-sdk/lib/tinyusb/src/class/cdc/cdc_device.c.obj
                0x100063d8                tud_cdc_n_write_flush
 .text.cdcd_init
                0x10006490       0xb8 CMakeFiles/picoTestProject.dir/D_/Pico/pico-sdk/lib/tinyusb/src/class/cdc/cdc_device.c.obj
                0x10006490                cdcd_init
 .text.cdcd_reset
                0x10006548       0x48 CMakeFiles/picoTestProject.dir/D_/Pico/pico-sdk/lib/tinyusb/src/class/cdc/cdc_device.c.obj
                0x10006548                cdcd_reset
 .text.cdcd_open
                0x10006590       0xcc CMakeFiles/picoTestProject.dir/D_/Pico/pico-sdk/lib/tinyusb/src/class/cdc/cdc_device.c.obj
                0x10006590                cdcd_open
 .text.cdcd_control_xfer_cb
                0x1000665c      0x134 CMakeFiles/picoTestProject.dir/D_/Pico/pico-sdk/lib/tinyusb/src/class/cdc/cdc_device.c.obj
                0x1000665c                cdcd_control_xfer_cb
 .text.cdcd_xfer_cb
                0x10006790      0x134 CMakeFiles/picoTestProject.dir/D_/Pico/pico-sdk/lib/tinyusb/src/class/cdc/cdc_device.c.obj
                0x10006790                cdcd_xfer_cb
 .text._prep_out_transaction
                0x100068c4       0x2c CMakeFiles/picoTestProject.dir/D_/Pico/pico-sdk/lib/tinyusb/src/class/vendor/vendor_device.c.obj
 .text.maybe_transmit
                0x100068f0       0x3e CMakeFiles/picoTestProject.dir/D_/Pico/pico-sdk/lib/tinyusb/src/class/vendor/vendor_device.c.obj
 *fill*         0x1000692e        0x2 
 .text.tud_vendor_n_write
                0x10006930       0x3c CMakeFiles/picoTestProject.dir/D_/Pico/pico-sdk/lib/tinyusb/src/class/vendor/vendor_device.c.obj
                0x10006930                tud_vendor_n_write
 .text.tud_vendor_n_flush
                0x1000696c       0x1c CMakeFiles/picoTestProject.dir/D_/Pico/pico-sdk/lib/tinyusb/src/class/vendor/vendor_device.c.obj
                0x1000696c                tud_vendor_n_flush
 .text.vendord_init
                0x10006988       0xa8 CMakeFiles/picoTestProject.dir/D_/Pico/pico-sdk/lib/tinyusb/src/class/vendor/vendor_device.c.obj
                0x10006988                vendord_init
 .text.vendord_reset
                0x10006a30       0x40 CMakeFiles/picoTestProject.dir/D_/Pico/pico-sdk/lib/tinyusb/src/class/vendor/vendor_device.c.obj
                0x10006a30                vendord_reset
 .text.vendord_open
                0x10006a70       0xd4 CMakeFiles/picoTestProject.dir/D_/Pico/pico-sdk/lib/tinyusb/src/class/vendor/vendor_device.c.obj
                0x10006a70                vendord_open
 .text.vendord_xfer_cb
                0x10006b44       0x7c CMakeFiles/picoTestProject.dir/D_/Pico/pico-sdk/lib/tinyusb/src/class/vendor/vendor_device.c.obj
                0x10006b44                vendord_xfer_cb
 .text.tusb_inited
                0x10006bc0        0xe CMakeFiles/picoTestProject.dir/D_/Pico/pico-sdk/lib/tinyusb/src/tusb.c.obj
                0x10006bc0                tusb_inited
 .text.tu_edpt_claim
                0x10006bce       0x50 CMakeFiles/picoTestProject.dir/D_/Pico/pico-sdk/lib/tinyusb/src/tusb.c.obj
                0x10006bce                tu_edpt_claim
 .text.tu_edpt_release
                0x10006c1e       0x3c CMakeFiles/picoTestProject.dir/D_/Pico/pico-sdk/lib/tinyusb/src/tusb.c.obj
                0x10006c1e                tu_edpt_release
 *fill*         0x10006c5a        0x2 
 .text.tu_edpt_validate
                0x10006c5c       0x78 CMakeFiles/picoTestProject.dir/D_/Pico/pico-sdk/lib/tinyusb/src/tusb.c.obj
                0x10006c5c                tu_edpt_validate
 .text.tu_edpt_bind_driver
                0x10006cd4       0x26 CMakeFiles/picoTestProject.dir/D_/Pico/pico-sdk/lib/tinyusb/src/tusb.c.obj
                0x10006cd4                tu_edpt_bind_driver
 .text.advance_index
                0x10006cfa       0x1a CMakeFiles/picoTestProject.dir/D_/Pico/pico-sdk/lib/tinyusb/src/common/tusb_fifo.c.obj
 .text._tu_fifo_peek
                0x10006d14       0x56 CMakeFiles/picoTestProject.dir/D_/Pico/pico-sdk/lib/tinyusb/src/common/tusb_fifo.c.obj
 .text._ff_pull_const_addr
                0x10006d6a       0x4c CMakeFiles/picoTestProject.dir/D_/Pico/pico-sdk/lib/tinyusb/src/common/tusb_fifo.c.obj
 .text._ff_pull_n
                0x10006db6      0x110 CMakeFiles/picoTestProject.dir/D_/Pico/pico-sdk/lib/tinyusb/src/common/tusb_fifo.c.obj
 .text._tu_fifo_peek_n
                0x10006ec6       0x6a CMakeFiles/picoTestProject.dir/D_/Pico/pico-sdk/lib/tinyusb/src/common/tusb_fifo.c.obj
 .text._tu_fifo_read_n
                0x10006f30       0x4e CMakeFiles/picoTestProject.dir/D_/Pico/pico-sdk/lib/tinyusb/src/common/tusb_fifo.c.obj
 .text._ff_push_const_addr
                0x10006f7e       0x40 CMakeFiles/picoTestProject.dir/D_/Pico/pico-sdk/lib/tinyusb/src/common/tusb_fifo.c.obj
 .text._ff_push_n
                0x10006fbe      0x10c CMakeFiles/picoTestProject.dir/D_/Pico/pico-sdk/lib/tinyusb/src/common/tusb_fifo.c.obj
 .text._tu_fifo_write_n
                0x100070ca       0xf0 CMakeFiles/picoTestProject.dir/D_/Pico/pico-sdk/lib/tinyusb/src/common/tusb_fifo.c.obj
 .text.tu_fifo_config
                0x100071ba       0x7c CMakeFiles/picoTestProject.dir/D_/Pico/pico-sdk/lib/tinyusb/src/common/tusb_fifo.c.obj
                0x100071ba                tu_fifo_config
 .text.tu_fifo_count
                0x10007236       0x2a CMakeFiles/picoTestProject.dir/D_/Pico/pico-sdk/lib/tinyusb/src/common/tusb_fifo.c.obj
                0x10007236                tu_fifo_count
 .text.tu_fifo_empty
                0x10007260       0x10 CMakeFiles/picoTestProject.dir/D_/Pico/pico-sdk/lib/tinyusb/src/common/tusb_fifo.c.obj
                0x10007260                tu_fifo_empty
 .text.tu_fifo_full
                0x10007270       0x28 CMakeFiles/picoTestProject.dir/D_/Pico/pico-sdk/lib/tinyusb/src/common/tusb_fifo.c.obj
                0x10007270                tu_fifo_full
 .text.tu_fifo_remaining
                0x10007298       0x2c CMakeFiles/picoTestProject.dir/D_/Pico/pico-sdk/lib/tinyusb/src/common/tusb_fifo.c.obj
                0x10007298                tu_fifo_remaining
 .text.tu_fifo_read
                0x100072c4       0x42 CMakeFiles/picoTestProject.dir/D_/Pico/pico-sdk/lib/tinyusb/src/common/tusb_fifo.c.obj
                0x100072c4                tu_fifo_read
 .text.tu_fifo_read_n
                0x10007306        0xa CMakeFiles/picoTestProject.dir/D_/Pico/pico-sdk/lib/tinyusb/src/common/tusb_fifo.c.obj
                0x10007306                tu_fifo_read_n
 .text.tu_fifo_write
                0x10007310       0x64 CMakeFiles/picoTestProject.dir/D_/Pico/pico-sdk/lib/tinyusb/src/common/tusb_fifo.c.obj
                0x10007310                tu_fifo_write
 .text.tu_fifo_write_n
                0x10007374        0xa CMakeFiles/picoTestProject.dir/D_/Pico/pico-sdk/lib/tinyusb/src/common/tusb_fifo.c.obj
                0x10007374                tu_fifo_write_n
 .text.tu_fifo_clear
                0x1000737e       0x3e CMakeFiles/picoTestProject.dir/D_/Pico/pico-sdk/lib/tinyusb/src/common/tusb_fifo.c.obj
                0x1000737e                tu_fifo_clear
 .text.tu_fifo_set_overwritable
                0x100073bc       0x46 CMakeFiles/picoTestProject.dir/D_/Pico/pico-sdk/lib/tinyusb/src/common/tusb_fifo.c.obj
                0x100073bc                tu_fifo_set_overwritable
 *fill*         0x10007402        0x2 
 .text.board_init
                0x10007404       0x30 CMakeFiles/picoTestProject.dir/D_/Pico/pico-sdk/lib/tinyusb/hw/bsp/rp2040/family.c.obj
                0x10007404                board_init
 .text.strlen   0x10007434       0x5c c:/users/28670/scoop/102021~1.10/bin/../lib/gcc/arm-none-eabi/10.3.1/../../../../arm-none-eabi/lib/thumb/v6-m/nofp\libg.a(lib_a-strlen-stub.o)
                0x10007434                strlen
 *(.fini)
 .fini          0x10007490        0x4 c:/users/28670/scoop/102021~1.10/bin/../lib/gcc/arm-none-eabi/10.3.1/thumb/v6-m/nofp/crti.o
                0x10007490                _fini
 *fill*         0x10007494        0x4 
 .fini.__stub   0x10007498       0xc0 linker stubs
 *crtbegin.o(.ctors)
 *crtbegin?.o(.ctors)
 *(EXCLUDE_FILE(*crtend.o *crtend?.o) .ctors)
 *(SORT_BY_NAME(.ctors.*))
 *(.ctors)
 *crtbegin.o(.dtors)
 *crtbegin?.o(.dtors)
 *(EXCLUDE_FILE(*crtend.o *crtend?.o) .dtors)
 *(SORT_BY_NAME(.dtors.*))
 *(.dtors)
 *(.eh_frame*)
 .eh_frame      0x10007558        0x0 c:/users/28670/scoop/102021~1.10/bin/../lib/gcc/arm-none-eabi/10.3.1/thumb/v6-m/nofp/crtbegin.o
                0x10007558                . = ALIGN (0x4)

.glue_7         0x10007558        0x0
 .glue_7        0x10007558        0x0 linker stubs

.glue_7t        0x10007558        0x0
 .glue_7t       0x10007558        0x0 linker stubs

.vfp11_veneer   0x10007558        0x0
 .vfp11_veneer  0x10007558        0x0 linker stubs

.v4_bx          0x10007558        0x0
 .v4_bx         0x10007558        0x0 linker stubs

.iplt           0x10007558        0x0
 .iplt          0x10007558        0x0 c:/users/28670/scoop/102021~1.10/bin/../lib/gcc/arm-none-eabi/10.3.1/thumb/v6-m/nofp/crtbegin.o

.rodata         0x10007558     0x1684
 *(EXCLUDE_FILE(*libm.a: *libc.a:*lib_a-mem*.o *libgcc.a:) .rodata*)
 .rodata.spi_DMA_init.str1.4
                0x10007558       0x64 CMakeFiles/picoTestProject.dir/main/board.c.obj
 .rodata.PioDMAInit.str1.4
                0x100075bc       0x13 CMakeFiles/picoTestProject.dir/main/board.c.obj
 *fill*         0x100075cf        0x1 
 .rodata.__func__.0
                0x100075d0       0x18 CMakeFiles/picoTestProject.dir/main/board.c.obj
 .rodata.__func__.3
                0x100075e8       0x1c CMakeFiles/picoTestProject.dir/main/board.c.obj
 .rodata.spi_slave_program
                0x10007604        0x6 CMakeFiles/picoTestProject.dir/main/board.c.obj
 *fill*         0x1000760a        0x2 
 .rodata.spi_slave_program_instructions
                0x1000760c        0x8 CMakeFiles/picoTestProject.dir/main/board.c.obj
 .rodata.led0_blinking_task.str1.4
                0x10007614       0x57 CMakeFiles/picoTestProject.dir/main/main.c.obj
 *fill*         0x1000766b        0x1 
 .rodata.tud_vendor_control_xfer_cb.str1.4
                0x1000766c       0x1f CMakeFiles/picoTestProject.dir/main/main.c.obj
 *fill*         0x1000768b        0x1 
 .rodata.__func__.2
                0x1000768c       0x15 CMakeFiles/picoTestProject.dir/main/main.c.obj
 *fill*         0x100076a1        0x3 
 .rodata.desc_url
                0x100076a4       0x33 CMakeFiles/picoTestProject.dir/main/main.c.obj
                0x100076a4                desc_url
 *fill*         0x100076d7        0x1 
 .rodata.str1.4
                0x100076d8       0x3b CMakeFiles/picoTestProject.dir/main/usb_descriptors.c.obj
 *fill*         0x10007713        0x1 
 .rodata.__compound_literal.0
                0x10007714        0x2 CMakeFiles/picoTestProject.dir/main/usb_descriptors.c.obj
 *fill*         0x10007716        0x2 
 .rodata.desc_bos
                0x10007718       0x39 CMakeFiles/picoTestProject.dir/main/usb_descriptors.c.obj
                0x10007718                desc_bos
 *fill*         0x10007751        0x3 
 .rodata.desc_configuration
                0x10007754       0x62 CMakeFiles/picoTestProject.dir/main/usb_descriptors.c.obj
                0x10007754                desc_configuration
 *fill*         0x100077b6        0x2 
 .rodata.desc_device
                0x100077b8       0x12 CMakeFiles/picoTestProject.dir/main/usb_descriptors.c.obj
                0x100077b8                desc_device
 *fill*         0x100077ca        0x2 
 .rodata.desc_ms_os_20
                0x100077cc       0xb2 CMakeFiles/picoTestProject.dir/main/usb_descriptors.c.obj
                0x100077cc                desc_ms_os_20
 *fill*         0x1000787e        0x2 
 .rodata.repeating_timer_callback.str1.4
                0x10007880       0x41 CMakeFiles/picoTestProject.dir/D_/Pico/pico-sdk/src/common/pico_time/time.c.obj
 *fill*         0x100078c1        0x3 
 .rodata.timer_pool_entry_comparator.str1.4
                0x100078c4       0x22 CMakeFiles/picoTestProject.dir/D_/Pico/pico-sdk/src/common/pico_time/time.c.obj
 *fill*         0x100078e6        0x2 
 .rodata.ph_add_child_node.str1.4
                0x100078e8       0x8a CMakeFiles/picoTestProject.dir/D_/Pico/pico-sdk/src/common/pico_time/time.c.obj
 *fill*         0x10007972        0x2 
 .rodata.add_alarm_under_lock.str1.4
                0x10007974       0x28 CMakeFiles/picoTestProject.dir/D_/Pico/pico-sdk/src/common/pico_time/time.c.obj
                                 0x2b (size before relaxing)
 .rodata.alarm_pool_alarm_callback.str1.4
                0x1000799c       0x98 CMakeFiles/picoTestProject.dir/D_/Pico/pico-sdk/src/common/pico_time/time.c.obj
                                 0xf0 (size before relaxing)
 .rodata.alarm_pool_get_default.str1.4
                0x10007a34       0x21 CMakeFiles/picoTestProject.dir/D_/Pico/pico-sdk/src/common/pico_time/time.c.obj
 *fill*         0x10007a55        0x3 
 .rodata.alarm_pool_cancel_alarm.str1.4
                0x10007a58       0x27 CMakeFiles/picoTestProject.dir/D_/Pico/pico-sdk/src/common/pico_time/time.c.obj
 *fill*         0x10007a7f        0x1 
 .rodata.__func__.1
                0x10007a80       0x18 CMakeFiles/picoTestProject.dir/D_/Pico/pico-sdk/src/common/pico_time/time.c.obj
 .rodata.__func__.10
                0x10007a98       0x15 CMakeFiles/picoTestProject.dir/D_/Pico/pico-sdk/src/common/pico_time/time.c.obj
 *fill*         0x10007aad        0x3 
 .rodata.__func__.11
                0x10007ab0       0x1a CMakeFiles/picoTestProject.dir/D_/Pico/pico-sdk/src/common/pico_time/time.c.obj
 *fill*         0x10007aca        0x2 
 .rodata.__func__.12
                0x10007acc        0xa CMakeFiles/picoTestProject.dir/D_/Pico/pico-sdk/src/common/pico_time/time.c.obj
 *fill*         0x10007ad6        0x2 
 .rodata.__func__.3
                0x10007ad8       0x17 CMakeFiles/picoTestProject.dir/D_/Pico/pico-sdk/src/common/pico_time/time.c.obj
 *fill*         0x10007aef        0x1 
 .rodata.__func__.4
                0x10007af0       0x12 CMakeFiles/picoTestProject.dir/D_/Pico/pico-sdk/src/common/pico_time/time.c.obj
 *fill*         0x10007b02        0x2 
 .rodata.__func__.5
                0x10007b04        0xd CMakeFiles/picoTestProject.dir/D_/Pico/pico-sdk/src/common/pico_time/time.c.obj
 *fill*         0x10007b11        0x3 
 .rodata.__func__.6
                0x10007b14       0x12 CMakeFiles/picoTestProject.dir/D_/Pico/pico-sdk/src/common/pico_time/time.c.obj
 *fill*         0x10007b26        0x2 
 .rodata.__func__.7
                0x10007b28        0xf CMakeFiles/picoTestProject.dir/D_/Pico/pico-sdk/src/common/pico_time/time.c.obj
 *fill*         0x10007b37        0x1 
 .rodata.__func__.8
                0x10007b38        0xc CMakeFiles/picoTestProject.dir/D_/Pico/pico-sdk/src/common/pico_time/time.c.obj
 .rodata.__func__.9
                0x10007b44       0x15 CMakeFiles/picoTestProject.dir/D_/Pico/pico-sdk/src/common/pico_time/time.c.obj
 *fill*         0x10007b59        0x3 
 .rodata.hardware_alarm_claim.str1.4
                0x10007b5c       0x22 CMakeFiles/picoTestProject.dir/D_/Pico/pico-sdk/src/rp2_common/hardware_timer/timer.c.obj
 .rodata.busy_wait_us.str1.4
                0x10007b7e       0x57 CMakeFiles/picoTestProject.dir/D_/Pico/pico-sdk/src/rp2_common/hardware_timer/timer.c.obj
 *fill*         0x10007b7e        0x2 
 .rodata.hardware_alarm_set_target.str1.4
                0x10007b80       0x5b CMakeFiles/picoTestProject.dir/D_/Pico/pico-sdk/src/rp2_common/hardware_timer/timer.c.obj
 *fill*         0x10007bdb        0x1 
 .rodata.__func__.0
                0x10007bdc       0x1a CMakeFiles/picoTestProject.dir/D_/Pico/pico-sdk/src/rp2_common/hardware_timer/timer.c.obj
 *fill*         0x10007bf6        0x2 
 .rodata.__func__.1
                0x10007bf8       0x15 CMakeFiles/picoTestProject.dir/D_/Pico/pico-sdk/src/rp2_common/hardware_timer/timer.c.obj
 *fill*         0x10007c0d        0x3 
 .rodata.spin_lock_claim_unused.str1.4
                0x10007c10       0x1b CMakeFiles/picoTestProject.dir/D_/Pico/pico-sdk/src/rp2_common/hardware_sync/sync.c.obj
 *fill*         0x10007c2b        0x1 
 .rodata.make_branch.str1.4
                0x10007c2c       0x63 CMakeFiles/picoTestProject.dir/D_/Pico/pico-sdk/src/rp2_common/hardware_irq/irq.c.obj
 *fill*         0x10007c8f        0x1 
 .rodata.insert_branch_and_link.str1.4
                0x10007c90       0x10 CMakeFiles/picoTestProject.dir/D_/Pico/pico-sdk/src/rp2_common/hardware_irq/irq.c.obj
 .rodata.irq_set_exclusive_handler.str1.4
                0x10007ca0       0x36 CMakeFiles/picoTestProject.dir/D_/Pico/pico-sdk/src/rp2_common/hardware_irq/irq.c.obj
 *fill*         0x10007cd6        0x2 
 .rodata.irq_add_shared_handler.str1.4
                0x10007cd8       0xd9 CMakeFiles/picoTestProject.dir/D_/Pico/pico-sdk/src/rp2_common/hardware_irq/irq.c.obj
 *fill*         0x10007db1        0x3 
 .rodata.irq_remove_handler.str1.4
                0x10007db4       0x3a CMakeFiles/picoTestProject.dir/D_/Pico/pico-sdk/src/rp2_common/hardware_irq/irq.c.obj
 *fill*         0x10007dee        0x2 
 .rodata.irq_add_tail_to_free_list.str1.4
                0x10007df0       0x3a CMakeFiles/picoTestProject.dir/D_/Pico/pico-sdk/src/rp2_common/hardware_irq/irq.c.obj
 *fill*         0x10007e2a        0x2 
 .rodata.__func__.0
                0x10007e2c       0x1a CMakeFiles/picoTestProject.dir/D_/Pico/pico-sdk/src/rp2_common/hardware_irq/irq.c.obj
 *fill*         0x10007e46        0x2 
 .rodata.__func__.1
                0x10007e48       0x17 CMakeFiles/picoTestProject.dir/D_/Pico/pico-sdk/src/rp2_common/hardware_irq/irq.c.obj
 *fill*         0x10007e5f        0x1 
 .rodata.__func__.2
                0x10007e60       0x13 CMakeFiles/picoTestProject.dir/D_/Pico/pico-sdk/src/rp2_common/hardware_irq/irq.c.obj
 *fill*         0x10007e73        0x1 
 .rodata.__func__.3
                0x10007e74        0xc CMakeFiles/picoTestProject.dir/D_/Pico/pico-sdk/src/rp2_common/hardware_irq/irq.c.obj
 .rodata.__func__.4
                0x10007e80        0xf CMakeFiles/picoTestProject.dir/D_/Pico/pico-sdk/src/rp2_common/hardware_irq/irq.c.obj
 *fill*         0x10007e8f        0x1 
 .rodata.__func__.5
                0x10007e90       0x17 CMakeFiles/picoTestProject.dir/D_/Pico/pico-sdk/src/rp2_common/hardware_irq/irq.c.obj
 *fill*         0x10007ea7        0x1 
 .rodata.__func__.6
                0x10007ea8       0x1a CMakeFiles/picoTestProject.dir/D_/Pico/pico-sdk/src/rp2_common/hardware_irq/irq.c.obj
 *fill*         0x10007ec2        0x2 
 .rodata.str1.4
                0x10007ec4       0x81 CMakeFiles/picoTestProject.dir/D_/Pico/pico-sdk/src/common/pico_sync/mutex.c.obj
                                 0xd9 (size before relaxing)
 *fill*         0x10007f45        0x3 
 .rodata.__func__.1
                0x10007f48        0xb CMakeFiles/picoTestProject.dir/D_/Pico/pico-sdk/src/common/pico_sync/mutex.c.obj
 *fill*         0x10007f53        0x1 
 .rodata.__func__.3
                0x10007f54       0x18 CMakeFiles/picoTestProject.dir/D_/Pico/pico-sdk/src/common/pico_sync/mutex.c.obj
 .rodata.__func__.4
                0x10007f6c       0x15 CMakeFiles/picoTestProject.dir/D_/Pico/pico-sdk/src/common/pico_sync/mutex.c.obj
 .rodata.ph_add_child_node.str1.4
                0x10007f81       0x8a CMakeFiles/picoTestProject.dir/D_/Pico/pico-sdk/src/common/pico_util/pheap.c.obj
 *fill*         0x10007f81        0x3 
 .rodata.ph_remove_any_head.str1.4
                0x10007f84       0x84 CMakeFiles/picoTestProject.dir/D_/Pico/pico-sdk/src/common/pico_util/pheap.c.obj
                                 0x98 (size before relaxing)
 .rodata.ph_remove_and_free_node.str1.4
                0x10008008       0x1e CMakeFiles/picoTestProject.dir/D_/Pico/pico-sdk/src/common/pico_util/pheap.c.obj
                                 0x26 (size before relaxing)
 *fill*         0x10008026        0x2 
 .rodata.__func__.0
                0x10008028       0x18 CMakeFiles/picoTestProject.dir/D_/Pico/pico-sdk/src/common/pico_util/pheap.c.obj
 .rodata.__func__.1
                0x10008040       0x13 CMakeFiles/picoTestProject.dir/D_/Pico/pico-sdk/src/common/pico_util/pheap.c.obj
 *fill*         0x10008053        0x1 
 .rodata.__func__.2
                0x10008054       0x12 CMakeFiles/picoTestProject.dir/D_/Pico/pico-sdk/src/common/pico_util/pheap.c.obj
 *fill*         0x10008066        0x2 
 .rodata.__func__.3
                0x10008068        0xc CMakeFiles/picoTestProject.dir/D_/Pico/pico-sdk/src/common/pico_util/pheap.c.obj
 .rodata.clock_configure.str1.4
                0x10008074       0x4d CMakeFiles/picoTestProject.dir/D_/Pico/pico-sdk/src/rp2_common/hardware_clocks/clocks.c.obj
 *fill*         0x100080c1        0x3 
 .rodata.__func__.1
                0x100080c4       0x10 CMakeFiles/picoTestProject.dir/D_/Pico/pico-sdk/src/rp2_common/hardware_clocks/clocks.c.obj
 .rodata.pll_init.str1.4
                0x100080d4      0x118 CMakeFiles/picoTestProject.dir/D_/Pico/pico-sdk/src/rp2_common/hardware_pll/pll.c.obj
 .rodata.__func__.0
                0x100081ec        0x9 CMakeFiles/picoTestProject.dir/D_/Pico/pico-sdk/src/rp2_common/hardware_pll/pll.c.obj
 *fill*         0x100081f5        0x3 
 .rodata.str1.4
                0x100081f8      0x14e CMakeFiles/picoTestProject.dir/D_/Pico/pico-sdk/src/rp2_common/hardware_flash/flash.c.obj
 *fill*         0x10008346        0x2 
 .rodata.__func__.0
                0x10008348        0xd CMakeFiles/picoTestProject.dir/D_/Pico/pico-sdk/src/rp2_common/hardware_flash/flash.c.obj
 *fill*         0x10008355        0x3 
 .rodata._pio_find_offset_for_program.str1.4
                0x10008358       0x5f CMakeFiles/picoTestProject.dir/D_/Pico/pico-sdk/src/rp2_common/hardware_pio/pio.c.obj
 *fill*         0x100083b7        0x1 
 .rodata._pio_add_program_at_offset.str1.4
                0x100083b8       0x11 CMakeFiles/picoTestProject.dir/D_/Pico/pico-sdk/src/rp2_common/hardware_pio/pio.c.obj
 *fill*         0x100083c9        0x3 
 .rodata.pio_claim_unused_sm.str1.4
                0x100083cc       0x24 CMakeFiles/picoTestProject.dir/D_/Pico/pico-sdk/src/rp2_common/hardware_pio/pio.c.obj
 .rodata.__func__.1
                0x100083f0       0x1d CMakeFiles/picoTestProject.dir/D_/Pico/pico-sdk/src/rp2_common/hardware_pio/pio.c.obj
 *fill*         0x1000840d        0x3 
 .rodata.dma_claim_unused_channel.str1.4
                0x10008410       0x1e CMakeFiles/picoTestProject.dir/D_/Pico/pico-sdk/src/rp2_common/hardware_dma/dma.c.obj
 *fill*         0x1000842e        0x2 
 .rodata.__assert_func.str1.4
                0x10008430       0x3f CMakeFiles/picoTestProject.dir/D_/Pico/pico-sdk/src/rp2_common/pico_runtime/runtime.c.obj
                                 0x43 (size before relaxing)
 *fill*         0x1000846f        0x1 
 .rodata.runtime_init.str1.4
                0x10008470       0x57 CMakeFiles/picoTestProject.dir/D_/Pico/pico-sdk/src/rp2_common/pico_runtime/runtime.c.obj
 *fill*         0x100084c7        0x1 
 .rodata.panic.str1.4
                0x100084c8       0x12 CMakeFiles/picoTestProject.dir/D_/Pico/pico-sdk/src/rp2_common/pico_runtime/runtime.c.obj
 *fill*         0x100084da        0x2 
 .rodata.__func__.2
                0x100084dc        0xd CMakeFiles/picoTestProject.dir/D_/Pico/pico-sdk/src/rp2_common/pico_runtime/runtime.c.obj
 *fill*         0x100084e9        0x3 
 .rodata._ftoa.str1.4
                0x100084ec       0x15 CMakeFiles/picoTestProject.dir/D_/Pico/pico-sdk/src/rp2_common/pico_printf/printf.c.obj
 *fill*         0x10008501        0x3 
 .rodata._vsnprintf
                0x10008504      0x1e0 CMakeFiles/picoTestProject.dir/D_/Pico/pico-sdk/src/rp2_common/pico_printf/printf.c.obj
 *fill*         0x100086e4        0x4 
 .rodata.pow10.0
                0x100086e8       0x50 CMakeFiles/picoTestProject.dir/D_/Pico/pico-sdk/src/rp2_common/pico_printf/printf.c.obj
 .rodata.__aeabi_double_init.str1.4
                0x10008738       0x92 CMakeFiles/picoTestProject.dir/D_/Pico/pico-sdk/src/rp2_common/pico_double/double_init_rom.c.obj
 *fill*         0x100087ca        0x2 
 .rodata.__func__.0
                0x100087cc       0x14 CMakeFiles/picoTestProject.dir/D_/Pico/pico-sdk/src/rp2_common/pico_double/double_init_rom.c.obj
 .rodata.__aeabi_float_init.str1.4
                0x100087e0       0x70 CMakeFiles/picoTestProject.dir/D_/Pico/pico-sdk/src/rp2_common/pico_float/float_init_rom.c.obj
                                 0x74 (size before relaxing)
 .rodata.__func__.0
                0x10008850       0x13 CMakeFiles/picoTestProject.dir/D_/Pico/pico-sdk/src/rp2_common/pico_float/float_init_rom.c.obj
 *fill*         0x10008863        0x1 
 .rodata.str1.4
                0x10008864       0x44 CMakeFiles/picoTestProject.dir/D_/Pico/pico-sdk/src/rp2_common/pico_standard_link/binary_info.c.obj
 .rodata.__bi_44
                0x100088a8        0xc CMakeFiles/picoTestProject.dir/D_/Pico/pico-sdk/src/rp2_common/pico_standard_link/binary_info.c.obj
 .rodata.__bi_75
                0x100088b4        0xc CMakeFiles/picoTestProject.dir/D_/Pico/pico-sdk/src/rp2_common/pico_standard_link/binary_info.c.obj
 .rodata.__bi_81
                0x100088c0        0xc CMakeFiles/picoTestProject.dir/D_/Pico/pico-sdk/src/rp2_common/pico_standard_link/binary_info.c.obj
 .rodata.stdout_serialize_begin.str1.4
                0x100088cc       0x57 CMakeFiles/picoTestProject.dir/D_/Pico/pico-sdk/src/rp2_common/pico_stdio/stdio.c.obj
 .rodata.__func__.3
                0x100088cc       0x15 CMakeFiles/picoTestProject.dir/D_/Pico/pico-sdk/src/rp2_common/pico_stdio/stdio.c.obj
 *fill*         0x100088e1        0x3 
 .rodata.crlf_str.2
                0x100088e4        0x2 CMakeFiles/picoTestProject.dir/D_/Pico/pico-sdk/src/rp2_common/pico_stdio/stdio.c.obj
 *fill*         0x100088e6        0x2 
 .rodata._hw_endpoint_alloc.str1.4
                0x100088e8       0xad CMakeFiles/picoTestProject.dir/D_/Pico/pico-sdk/lib/tinyusb/src/portable/raspberrypi/rp2040/dcd_rp2040.c.obj
 *fill*         0x10008995        0x3 
 .rodata.str1.4
                0x10008998       0x14 CMakeFiles/picoTestProject.dir/D_/Pico/pico-sdk/lib/tinyusb/src/portable/raspberrypi/rp2040/dcd_rp2040.c.obj
 .rodata.dcd_int_enable.str1.4
                0x100089ac        0xc CMakeFiles/picoTestProject.dir/D_/Pico/pico-sdk/lib/tinyusb/src/portable/raspberrypi/rp2040/dcd_rp2040.c.obj
 .rodata.__func__.0
                0x100089b8        0xe CMakeFiles/picoTestProject.dir/D_/Pico/pico-sdk/lib/tinyusb/src/portable/raspberrypi/rp2040/dcd_rp2040.c.obj
 *fill*         0x100089c6        0x2 
 .rodata.__func__.1
                0x100089c8        0xe CMakeFiles/picoTestProject.dir/D_/Pico/pico-sdk/lib/tinyusb/src/portable/raspberrypi/rp2040/dcd_rp2040.c.obj
 *fill*         0x100089d6        0x2 
 .rodata.__func__.3
                0x100089d8       0x10 CMakeFiles/picoTestProject.dir/D_/Pico/pico-sdk/lib/tinyusb/src/portable/raspberrypi/rp2040/dcd_rp2040.c.obj
 .rodata.__func__.5
                0x100089e8        0xf CMakeFiles/picoTestProject.dir/D_/Pico/pico-sdk/lib/tinyusb/src/portable/raspberrypi/rp2040/dcd_rp2040.c.obj
 *fill*         0x100089f7        0x1 
 .rodata.__func__.6
                0x100089f8       0x13 CMakeFiles/picoTestProject.dir/D_/Pico/pico-sdk/lib/tinyusb/src/portable/raspberrypi/rp2040/dcd_rp2040.c.obj
 *fill*         0x10008a0b        0x1 
 .rodata.__func__.7
                0x10008a0c        0x9 CMakeFiles/picoTestProject.dir/D_/Pico/pico-sdk/lib/tinyusb/src/portable/raspberrypi/rp2040/dcd_rp2040.c.obj
 *fill*         0x10008a15        0x3 
 .rodata.str1.4
                0x10008a18       0xdf CMakeFiles/picoTestProject.dir/D_/Pico/pico-sdk/lib/tinyusb/src/portable/raspberrypi/rp2040/rp2040_usb.c.obj
 *fill*         0x10008af7        0x1 
 .rodata.__func__.0
                0x10008af8        0xf CMakeFiles/picoTestProject.dir/D_/Pico/pico-sdk/lib/tinyusb/src/portable/raspberrypi/rp2040/rp2040_usb.c.obj
 *fill*         0x10008b07        0x1 
 .rodata.process_get_descriptor
                0x10008b08       0x40 CMakeFiles/picoTestProject.dir/D_/Pico/pico-sdk/lib/tinyusb/src/device/usbd.c.obj
 .rodata.process_control_request
                0x10008b48       0x28 CMakeFiles/picoTestProject.dir/D_/Pico/pico-sdk/lib/tinyusb/src/device/usbd.c.obj
 .rodata.tud_task_ext
                0x10008b70       0x24 CMakeFiles/picoTestProject.dir/D_/Pico/pico-sdk/lib/tinyusb/src/device/usbd.c.obj
 .rodata._usbd_driver
                0x10008b94       0x30 CMakeFiles/picoTestProject.dir/D_/Pico/pico-sdk/lib/tinyusb/src/device/usbd.c.obj
 .rodata.str1.4
                0x10008bc4        0x4 CMakeFiles/picoTestProject.dir/D_/Pico/pico-sdk/lib/tinyusb/hw/bsp/rp2040/family.c.obj
 .rodata.__bi_142.0
                0x10008bc8        0xc CMakeFiles/picoTestProject.dir/D_/Pico/pico-sdk/lib/tinyusb/hw/bsp/rp2040/family.c.obj
 .rodata.__bi_152.1
                0x10008bd4        0x8 CMakeFiles/picoTestProject.dir/D_/Pico/pico-sdk/lib/tinyusb/hw/bsp/rp2040/family.c.obj
                0x10008bdc                . = ALIGN (0x4)
 *(SORT_BY_ALIGNMENT(SORT_BY_NAME(.flashdata*)))
                0x10008bdc                . = ALIGN (0x4)

.ARM.extab
 *(.ARM.extab* .gnu.linkonce.armextab.*)
                0x10008bdc                __exidx_start = .

.ARM.exidx
 *(.ARM.exidx* .gnu.linkonce.armexidx.*)
                0x10008bdc                __exidx_end = .
                0x10008bdc                . = ALIGN (0x4)
                0x10008bdc                __binary_info_start = .

.binary_info    0x10008bdc       0x24
 *(.binary_info.keep.*)
 .binary_info.keep.__bi_ptr22
                0x10008bdc        0x4 CMakeFiles/picoTestProject.dir/D_/Pico/pico-sdk/src/rp2_common/pico_standard_link/binary_info.c.obj
 .binary_info.keep.__bi_ptr30
                0x10008be0        0x4 CMakeFiles/picoTestProject.dir/D_/Pico/pico-sdk/src/rp2_common/pico_standard_link/binary_info.c.obj
 .binary_info.keep.__bi_ptr38
                0x10008be4        0x4 CMakeFiles/picoTestProject.dir/D_/Pico/pico-sdk/src/rp2_common/pico_standard_link/binary_info.c.obj
 .binary_info.keep.__bi_ptr44
                0x10008be8        0x4 CMakeFiles/picoTestProject.dir/D_/Pico/pico-sdk/src/rp2_common/pico_standard_link/binary_info.c.obj
 .binary_info.keep.__bi_ptr50
                0x10008bec        0x4 CMakeFiles/picoTestProject.dir/D_/Pico/pico-sdk/src/rp2_common/pico_standard_link/binary_info.c.obj
 .binary_info.keep.__bi_ptr75
                0x10008bf0        0x4 CMakeFiles/picoTestProject.dir/D_/Pico/pico-sdk/src/rp2_common/pico_standard_link/binary_info.c.obj
 .binary_info.keep.__bi_ptr81
                0x10008bf4        0x4 CMakeFiles/picoTestProject.dir/D_/Pico/pico-sdk/src/rp2_common/pico_standard_link/binary_info.c.obj
 .binary_info.keep.__bi_ptr142
                0x10008bf8        0x4 CMakeFiles/picoTestProject.dir/D_/Pico/pico-sdk/lib/tinyusb/hw/bsp/rp2040/family.c.obj
 .binary_info.keep.__bi_ptr152
                0x10008bfc        0x4 CMakeFiles/picoTestProject.dir/D_/Pico/pico-sdk/lib/tinyusb/hw/bsp/rp2040/family.c.obj
 *(.binary_info.*)
                0x10008c00                __binary_info_end = .

.rel.dyn        0x10008c00        0x0
 .rel.iplt      0x10008c00        0x0 c:/users/28670/scoop/102021~1.10/bin/../lib/gcc/arm-none-eabi/10.3.1/thumb/v6-m/nofp/crtbegin.o
                0x10008c00                . = ALIGN (0x4)

.ram_vector_table
                0x20000000       0xc0
 *(.ram_vector_table)
 .ram_vector_table
                0x20000000       0xc0 CMakeFiles/picoTestProject.dir/D_/Pico/pico-sdk/src/rp2_common/pico_runtime/runtime.c.obj
                0x20000000                ram_vector_table

.data           0x200000c0      0xc28 load address 0x10008c00
                0x200000c0                __data_start__ = .
 *(vtable)
 *(.time_critical*)
 .time_critical.mutex_try_enter
                0x200000c0       0x46 CMakeFiles/picoTestProject.dir/D_/Pico/pico-sdk/src/common/pico_sync/mutex.c.obj
                0x200000c0                mutex_try_enter
 *fill*         0x20000106        0x2 
 .time_critical.mutex_enter_block_until
                0x20000108       0x8c CMakeFiles/picoTestProject.dir/D_/Pico/pico-sdk/src/common/pico_sync/mutex.c.obj
                0x20000108                mutex_enter_block_until
 .time_critical.mutex_try_enter_block_until
                0x20000194       0x34 CMakeFiles/picoTestProject.dir/D_/Pico/pico-sdk/src/common/pico_sync/mutex.c.obj
                0x20000194                mutex_try_enter_block_until
 .time_critical.mutex_enter_timeout_ms
                0x200001c8       0x68 CMakeFiles/picoTestProject.dir/D_/Pico/pico-sdk/src/common/pico_sync/mutex.c.obj
                0x200001c8                mutex_enter_timeout_ms
 .time_critical.mutex_exit
                0x20000230       0x4c CMakeFiles/picoTestProject.dir/D_/Pico/pico-sdk/src/common/pico_sync/mutex.c.obj
                0x20000230                mutex_exit
 .time_critical.flash_init_boot2_copyout
                0x2000027c       0x30 CMakeFiles/picoTestProject.dir/D_/Pico/pico-sdk/src/rp2_common/hardware_flash/flash.c.obj
 .time_critical.flash_enable_xip_via_boot2
                0x200002ac       0x10 CMakeFiles/picoTestProject.dir/D_/Pico/pico-sdk/src/rp2_common/hardware_flash/flash.c.obj
 .time_critical.flash_cs_force
                0x200002bc       0x28 CMakeFiles/picoTestProject.dir/D_/Pico/pico-sdk/src/rp2_common/hardware_flash/flash.c.obj
 .time_critical.flash_do_cmd
                0x200002e4       0xd8 CMakeFiles/picoTestProject.dir/D_/Pico/pico-sdk/src/rp2_common/hardware_flash/flash.c.obj
                0x200002e4                flash_do_cmd
 .time_critical.reset_non_control_endpoints
                0x200003bc       0x40 CMakeFiles/picoTestProject.dir/D_/Pico/pico-sdk/lib/tinyusb/src/portable/raspberrypi/rp2040/dcd_rp2040.c.obj
 .time_critical.hw_handle_buff_status
                0x200003fc       0xa4 CMakeFiles/picoTestProject.dir/D_/Pico/pico-sdk/lib/tinyusb/src/portable/raspberrypi/rp2040/dcd_rp2040.c.obj
 .time_critical.dcd_rp2040_irq
                0x200004a0      0x1cc CMakeFiles/picoTestProject.dir/D_/Pico/pico-sdk/lib/tinyusb/src/portable/raspberrypi/rp2040/dcd_rp2040.c.obj
 .time_critical.e15_is_bulkin_ep
                0x2000066c       0x2c CMakeFiles/picoTestProject.dir/D_/Pico/pico-sdk/lib/tinyusb/src/portable/raspberrypi/rp2040/rp2040_usb.c.obj
 .time_critical.e15_is_critical_frame_period
                0x20000698       0x30 CMakeFiles/picoTestProject.dir/D_/Pico/pico-sdk/lib/tinyusb/src/portable/raspberrypi/rp2040/rp2040_usb.c.obj
 .time_critical.prepare_ep_buffer
                0x200006c8       0x70 CMakeFiles/picoTestProject.dir/D_/Pico/pico-sdk/lib/tinyusb/src/portable/raspberrypi/rp2040/rp2040_usb.c.obj
 .time_critical.sync_ep_buffer
                0x20000738       0x80 CMakeFiles/picoTestProject.dir/D_/Pico/pico-sdk/lib/tinyusb/src/portable/raspberrypi/rp2040/rp2040_usb.c.obj
 .time_critical._hw_endpoint_xfer_sync
                0x200007b8       0x28 CMakeFiles/picoTestProject.dir/D_/Pico/pico-sdk/lib/tinyusb/src/portable/raspberrypi/rp2040/rp2040_usb.c.obj
 .time_critical.hw_endpoint_reset_transfer
                0x200007e0        0xc CMakeFiles/picoTestProject.dir/D_/Pico/pico-sdk/lib/tinyusb/src/portable/raspberrypi/rp2040/rp2040_usb.c.obj
                0x200007e0                hw_endpoint_reset_transfer
 .time_critical._hw_endpoint_buffer_control_update32
                0x200007ec       0x58 CMakeFiles/picoTestProject.dir/D_/Pico/pico-sdk/lib/tinyusb/src/portable/raspberrypi/rp2040/rp2040_usb.c.obj
                0x200007ec                _hw_endpoint_buffer_control_update32
 .time_critical.hw_endpoint_start_next_buffer
                0x20000844       0x88 CMakeFiles/picoTestProject.dir/D_/Pico/pico-sdk/lib/tinyusb/src/portable/raspberrypi/rp2040/rp2040_usb.c.obj
                0x20000844                hw_endpoint_start_next_buffer
 .time_critical.hw_endpoint_xfer_continue
                0x200008cc       0x50 CMakeFiles/picoTestProject.dir/D_/Pico/pico-sdk/lib/tinyusb/src/portable/raspberrypi/rp2040/rp2040_usb.c.obj
                0x200008cc                hw_endpoint_xfer_continue
 .time_critical.tinyusb
                0x2000091c      0x204 CMakeFiles/picoTestProject.dir/D_/Pico/pico-sdk/lib/tinyusb/src/device/usbd.c.obj
                0x2000091c                dcd_event_handler
 *(.text*)
 .text          0x20000b20        0x4 c:/users/28670/scoop/102021~1.10/bin/../lib/gcc/arm-none-eabi/10.3.1/thumb/v6-m/nofp\libgcc.a(_dvmd_tls.o)
                0x20000b20                __aeabi_idiv0
                0x20000b20                __aeabi_ldiv0
 *fill*         0x20000b24        0x4 
 .text.__stub   0x20000b28       0x90 linker stubs
                0x20000bb8                . = ALIGN (0x4)
 *(.rodata*)
                0x20000bb8                . = ALIGN (0x4)
 *(.data*)
 .data.spi      0x20000bb8       0x10 CMakeFiles/picoTestProject.dir/main/board.c.obj
                0x20000bb8                spi
 .data.led0_blink_interval_ms
                0x20000bc8        0x4 CMakeFiles/picoTestProject.dir/main/main.c.obj
 .data.led1_blink_interval_ms
                0x20000bcc        0x4 CMakeFiles/picoTestProject.dir/main/main.c.obj
 .data.string_desc_arr
                0x20000bd0       0x18 CMakeFiles/picoTestProject.dir/main/usb_descriptors.c.obj
                0x20000bd0                string_desc_arr
 .data.default_alarm_pool
                0x20000be8       0x18 CMakeFiles/picoTestProject.dir/D_/Pico/pico-sdk/src/common/pico_time/time.c.obj
 .data.default_alarm_pool_heap
                0x20000c00       0x10 CMakeFiles/picoTestProject.dir/D_/Pico/pico-sdk/src/common/pico_time/time.c.obj
 .data.striped_spin_lock_num
                0x20000c10        0x1 CMakeFiles/picoTestProject.dir/D_/Pico/pico-sdk/src/rp2_common/hardware_sync/sync.c.obj
 *fill*         0x20000c11        0x3 
 .data          0x20000c14       0x48 CMakeFiles/picoTestProject.dir/D_/Pico/pico-sdk/src/rp2_common/hardware_irq/irq_handler_chain.S.obj
                0x20000c14                irq_handler_chain_slots
                0x20000c44                irq_handler_chain_first_slot
                0x20000c4e                irq_handler_chain_remove_tail
 *fill*         0x20000c5c        0x4 
 .data.aeabi_bits_funcs
                0x20000c60       0x10 CMakeFiles/picoTestProject.dir/D_/Pico/pico-sdk/src/rp2_common/pico_bit_ops/bit_ops_aeabi.S.obj
                0x20000c60                aeabi_bits_funcs
                0x20000c70                aeabi_bits_funcs_end
 .data.aeabi_mem_funcs
                0x20000c70       0x10 CMakeFiles/picoTestProject.dir/D_/Pico/pico-sdk/src/rp2_common/pico_mem_ops/mem_ops_aeabi.S.obj
                0x20000c70                aeabi_mem_funcs
                0x20000c80                aeabi_mem_funcs_end
 .data.stdio_uart
                0x20000c80       0x18 CMakeFiles/picoTestProject.dir/D_/Pico/pico-sdk/src/rp2_common/pico_stdio_uart/stdio_uart.c.obj
                0x20000c80                stdio_uart
 .data.ep_dir_string
                0x20000c98        0x8 CMakeFiles/picoTestProject.dir/D_/Pico/pico-sdk/lib/tinyusb/src/portable/raspberrypi/rp2040/rp2040_usb.c.obj
                0x20000c98                ep_dir_string
 .data._usbd_qdef
                0x20000ca0       0x1c CMakeFiles/picoTestProject.dir/D_/Pico/pico-sdk/lib/tinyusb/src/device/usbd.c.obj
                0x20000ca0                _usbd_qdef
 .data._usbd_rhport
                0x20000cbc        0x1 CMakeFiles/picoTestProject.dir/D_/Pico/pico-sdk/lib/tinyusb/src/device/usbd.c.obj
                0x20000cc0                . = ALIGN (0x4)
 *fill*         0x20000cbd        0x3 
 *(.after_data.*)
                0x20000cc0                . = ALIGN (0x4)
                0x20000cc0                PROVIDE (__mutex_array_start = .)
 *(SORT_BY_NAME(.mutex_array.*))
 *(.mutex_array)
 .mutex_array   0x20000cc0        0x8 CMakeFiles/picoTestProject.dir/D_/Pico/pico-sdk/src/rp2_common/pico_malloc/pico_malloc.c.obj
 .mutex_array   0x20000cc8        0x8 CMakeFiles/picoTestProject.dir/D_/Pico/pico-sdk/src/rp2_common/pico_stdio/stdio.c.obj
                0x20000cd0                PROVIDE (__mutex_array_end = .)
                0x20000cd0                . = ALIGN (0x4)
                0x20000cd0                PROVIDE (__preinit_array_start = .)
 *(SORT_BY_NAME(.preinit_array.*))
 .preinit_array.00001
                0x20000cd0        0x4 CMakeFiles/picoTestProject.dir/D_/Pico/pico-sdk/src/rp2_common/pico_mem_ops/mem_ops_aeabi.S.obj
 .preinit_array.00010
                0x20000cd4        0x4 CMakeFiles/picoTestProject.dir/D_/Pico/pico-sdk/src/rp2_common/pico_bit_ops/bit_ops_aeabi.S.obj
 .preinit_array.00020
                0x20000cd8        0x4 CMakeFiles/picoTestProject.dir/D_/Pico/pico-sdk/src/rp2_common/pico_double/double_aeabi.S.obj
 .preinit_array.00020
                0x20000cdc        0x4 CMakeFiles/picoTestProject.dir/D_/Pico/pico-sdk/src/rp2_common/pico_float/float_aeabi.S.obj
 *(.preinit_array)
                0x20000ce0                PROVIDE (__preinit_array_end = .)
                0x20000ce0                . = ALIGN (0x4)
                0x20000ce0                PROVIDE (__init_array_start = .)
 *(SORT_BY_NAME(.init_array.*))
 *(.init_array)
 .init_array    0x20000ce0        0x4 c:/users/28670/scoop/102021~1.10/bin/../lib/gcc/arm-none-eabi/10.3.1/thumb/v6-m/nofp/crtbegin.o
 .init_array    0x20000ce4        0x4 CMakeFiles/picoTestProject.dir/D_/Pico/pico-sdk/src/rp2_common/pico_unique_id/unique_id.c.obj
                0x20000ce8                PROVIDE (__init_array_end = .)
                0x20000ce8                . = ALIGN (0x4)
                [!provide]                PROVIDE (__fini_array_start = .)
 *(SORT_BY_NAME(.fini_array.*))
 *(.fini_array)
                [!provide]                PROVIDE (__fini_array_end = .)
 *(.jcr)
                0x20000ce8                . = ALIGN (0x4)
                0x20000ce8                __data_end__ = .
                0x10008c00                __etext = LOADADDR (.data)

.igot.plt       0x20000ce8        0x0 load address 0x10009828
 .igot.plt      0x20000ce8        0x0 c:/users/28670/scoop/102021~1.10/bin/../lib/gcc/arm-none-eabi/10.3.1/thumb/v6-m/nofp/crtbegin.o

.uninitialized_data
                0x20000ce8        0x0 load address 0x10009828
                0x20000ce8                . = ALIGN (0x4)
 *(.uninitialized_data*)

.scratch_x      0x20040000        0x0 load address 0x10009828
                0x20040000                __scratch_x_start__ = .
 *(.scratch_x.*)
                0x20040000                . = ALIGN (0x4)
                0x20040000                __scratch_x_end__ = .
                0x10009828                __scratch_x_source__ = LOADADDR (.scratch_x)

.scratch_y      0x20041000        0x0 load address 0x10009828
                0x20041000                __scratch_y_start__ = .
 *(.scratch_y.*)
                0x20041000                . = ALIGN (0x4)
                0x20041000                __scratch_y_end__ = .
                0x10009828                __scratch_y_source__ = LOADADDR (.scratch_y)

.bss            0x20000ce8     0x3e90
                0x20000ce8                . = ALIGN (0x4)
                0x20000ce8                __bss_start__ = .
 *(SORT_BY_ALIGNMENT(SORT_BY_NAME(.bss*)))
 .bss.default_alarm_pool_entries
                0x20000ce8      0x100 CMakeFiles/picoTestProject.dir/D_/Pico/pico-sdk/src/common/pico_time/time.c.obj
 .bss           0x20000de8       0x1c c:/users/28670/scoop/102021~1.10/bin/../lib/gcc/arm-none-eabi/10.3.1/thumb/v6-m/nofp/crtbegin.o
 .bss._app_driver
                0x20000e04        0x4 CMakeFiles/picoTestProject.dir/D_/Pico/pico-sdk/lib/tinyusb/src/device/usbd.c.obj
 .bss._cdcd_itf
                0x20000e08     0x3088 CMakeFiles/picoTestProject.dir/D_/Pico/pico-sdk/lib/tinyusb/src/class/cdc/cdc_device.c.obj
 .bss._ctrl_xfer
                0x20003e90       0x14 CMakeFiles/picoTestProject.dir/D_/Pico/pico-sdk/lib/tinyusb/src/device/usbd_control.c.obj
 .bss._desc_str
                0x20003ea4       0x40 CMakeFiles/picoTestProject.dir/main/usb_descriptors.c.obj
 .bss._ubsd_mutexdef
                0x20003ee4        0x8 CMakeFiles/picoTestProject.dir/D_/Pico/pico-sdk/lib/tinyusb/src/device/usbd.c.obj
 .bss._usbd_ctrl_buf
                0x20003eec       0x40 CMakeFiles/picoTestProject.dir/D_/Pico/pico-sdk/lib/tinyusb/src/device/usbd_control.c.obj
 .bss._usbd_dev
                0x20003f2c       0x53 CMakeFiles/picoTestProject.dir/D_/Pico/pico-sdk/lib/tinyusb/src/device/usbd.c.obj
 *fill*         0x20003f7f        0x1 
 .bss._usbd_mutex
                0x20003f80        0x4 CMakeFiles/picoTestProject.dir/D_/Pico/pico-sdk/lib/tinyusb/src/device/usbd.c.obj
 .bss._usbd_q   0x20003f84        0x4 CMakeFiles/picoTestProject.dir/D_/Pico/pico-sdk/lib/tinyusb/src/device/usbd.c.obj
 .bss._usbd_qdef_buf
                0x20003f88       0xc0 CMakeFiles/picoTestProject.dir/D_/Pico/pico-sdk/lib/tinyusb/src/device/usbd.c.obj
                0x20003f88                _usbd_qdef_buf
 .bss._used_instruction_space
                0x20004048        0x8 CMakeFiles/picoTestProject.dir/D_/Pico/pico-sdk/src/rp2_common/hardware_pio/pio.c.obj
 .bss._vendord_itf
                0x20004050      0x13c CMakeFiles/picoTestProject.dir/D_/Pico/pico-sdk/lib/tinyusb/src/class/vendor/vendor_device.c.obj
 .bss.alarm_callbacks
                0x2000418c       0x10 CMakeFiles/picoTestProject.dir/D_/Pico/pico-sdk/src/rp2_common/hardware_timer/timer.c.obj
 .bss.boot2_copyout
                0x2000419c      0x100 CMakeFiles/picoTestProject.dir/D_/Pico/pico-sdk/src/rp2_common/hardware_flash/flash.c.obj
 .bss.chars_available_callback
                0x2000429c        0x4 CMakeFiles/picoTestProject.dir/D_/Pico/pico-sdk/src/rp2_common/pico_stdio_uart/stdio_uart.c.obj
 .bss.chars_available_param
                0x200042a0        0x4 CMakeFiles/picoTestProject.dir/D_/Pico/pico-sdk/src/rp2_common/pico_stdio_uart/stdio_uart.c.obj